c --- [ banner ] -------------------------------------------------------------
c 
c CaDiCaL SAT Solver
c Copyright (c) 2016-2026
c A. Biere, M. Fleury, N. Froleyks, K. Fazekas, F. Pollitt, T. Faller
c JKU Linz, University of Freiburg, TU Wien
c 
c Version 3.0.1
c Apple clang version 21.0.0 (clang-2100.0.123.102) -Wall -Wextra -O3 -DNDEBUG -DNCLOSEFROM
c Sun Jul 19 15:40:55 UTC 2026 Darwin Tahoe-arm64.local 25.4.0 arm64
c 
c --- [ parsing input ] ------------------------------------------------------
c 
c reading DIMACS file from 'sample_class2_360_726.cnf'
c opening file to read 'sample_class2_360_726.cnf'
c found 'p cnf 1827 7255' header
c parsed 7255 clauses in 0.00 seconds process time
c 
c --- [ options ] ------------------------------------------------------------
c 
c all options are set to their default value
c 
c --- [ solving ] ------------------------------------------------------------
c 
c time measured in process time since initialization
c 
c  seconds  reduction conflicts       size tier2     variables
c         MB    restarts   redundant    glue  trail       remaining
c          level     rate       size/glu tier1 irredundant
c 
c *  0.00  0  0 0   0  0    0    0 0.0 0 0 2 6  0% 7255 1827 100%
c )  0.00  0  0 0   0  0    0    0 0.0 0 0 2 6  0% 7255 1827 100%
c {  0.00  0  0 0   0  0    0    0 0.0 0 0 2 6  0% 7255 1827 100%
c -  0.01  0 13 1   0  1  300  117 1.6 13 8 2 6 15% 7255 1827 100%
c -  0.02  0 12 2   0  1  733  258 1.6 13 8 2 6 15% 7255 1827 100%
c }  0.02  0 11 2   0  1 1003  472 1.7 13 8 2 6 15% 7255 1827 100%
c [  0.02  0  0 2   0  0 1003  472 0.0 0 0 2 6  0% 7255 1827 100%
c O  0.02  0 22 2   0 23 1004  473 1.2 7 6 2 6 70% 7255 1827 100%
c -  0.03  0 16 3   0  1 1409  555 3.3 20 6 2 6 57% 7255 1827 100%
c d  0.03  0 16 3   0  1 1491  631 3.3 21 6 2 6 56% 7241 1819 100%
c c  0.04  0 16 3   0  1 1491  631 3.3 21 6 2 6 56% 6361 1819 100%
c d  0.04  0 16 3   0  1 1491  623 3.3 21 6 2 6 56% 5485 1381 76%
c ]  0.05  0 17 3   0  1 1678  775 2.6 19 8 2 6 45% 5485 1381 76%
c {  0.05  0 11 3   0  1 1678  775 1.7 13 8 2 6 15% 5485 1381 76%
c -  0.07  0 12 4  77  2 2348  787 1.6 13 8 2 6 18% 5485 1381 76%
c O  0.08  0 12 4  89  1 3006 1340 1.7 13 8 2 6 17% 5485 1381 76%
c -  0.08  0 13 5 130  2 3561 1072 1.7 13 8 2 6 15% 5485 1381 76%
c s  0.09  0 12 5 130  2 3982 1267 1.7 13 8 2 6 14% 5485 1381 76%
c e  0.09  0 12 5 130  2 3982  323 1.7 13 8 2 6 14% 4902 626 34%
c s  0.10  0 12 5 130  2 3982  312 1.7 13 8 2 6 14% 4901 626 34%
c 
c  seconds  reduction conflicts       size  tier2     variables
c         MB    restarts   redundant     glue  trail      remaining
c          level     rate       size/glue tier1 irredundant
c 
c -  0.11  0 12 6 175  2 5054  906 1.7 13 7 5 8 11% 4901 626 34%
c #  0.12  0 12 6 175  1 6011 1517 1.8 13 7 4 7 16% 4901 626 34%
c -  0.13  0 12 7 320  2 6832 1697 1.7 12 7 4 7 12% 4901 626 34%
c -  0.15  0 12 8 425  2 8898 2468 1.7 12 7 4 7 13% 4901 626 34%
c }  0.16  0 12 8 425  2 9066 2581 1.7 12 7 4 7 13% 4901 626 34%
c [  0.16  0 17 8 425  1 9066 2581 2.6 19 8 2 6 130% 4901 626 34%
c u  0.17  0 15 8 425  1 9292 2711 2.2 18 8 4 8 101% 4901 626 34%
c v  0.17  0 15 8 425  1 9292 2704 2.2 18 8 4 8 101% 4901 626 34%
c w  0.17  0 15 8 425  1 9292 2699 2.2 18 8 4 8 101% 4901 626 34%
c x  0.17  0 15 8 425  1 9292 2699 2.2 18 8 4 8 101% 4900 626 34%
c I  0.18  0 13 8 426  1 10012 3136 1.9 15 8 4 8 65% 4900 626 34%
c -  0.20  0 12 9 427  1 11258 2982 1.8 15 8 4 8 44% 4900 626 34%
c -  0.25  0 10 10 429  1 13910 3489 1.7 13 8 3 7 32% 4900 626 34%
c ]  0.25  0 10 10 429  1 14222 3704 1.7 13 8 3 7 31% 4900 626 34%
c {  0.25  0 12 10 429  2 14222 3704 1.7 12 7 4 7 13% 4900 626 34%
c B  0.27  0 12 10 505  2 15014 4234 1.7 12 7 4 7 14% 4900 626 34%
c s  0.29  0 12 10 574  2 15858 4312 1.7 12 7 4 7 14% 4896 626 34%
c e  0.29  0 12 10 574  2 15858 4312 1.7 12 7 4 7 14% 4896 625 34%
c s  0.30  0 12 10 574  2 15858 4294 1.7 12 7 4 7 14% 4896 625 34%
c ^  0.30  0 12 10 574  2 15858 4294 1.7 12 7 4 7 14% 4896 625 34%
c 
c  seconds  reductions  conflicts       size  tier2     variables
c         MB     restarts    redundant     glue  trail      remaining
c          level      rate        size/glue tier1 irredundant
c 
c -  0.31  0 11 11 591  2 16858 4105 1.7 12 7 4 7 13% 4896 625 34%
c u  0.33  0 11 11 591  2 17882 4788 1.7 12 7 4 7 14% 4896 625 34%
c v  0.33  0 11 11 591  2 17882 4761 1.7 12 7 4 7 14% 4896 625 34%
c w  0.33  0 11 11 591  2 17882 4758 1.7 12 7 4 7 14% 4896 625 34%
c -  0.38  0 11 12 874  2 20103 5182 1.6 12 7 4 7 14% 4896 625 34%
c W  0.41  0 11 12 970  2 21018 5807 1.6 12 7 4 7 14% 4896 625 34%
c }  0.46  0 11 12 1067  2 23210 7292 1.6 12 7 3 6 15% 4896 625 34%
c [  0.46  0 10 12 1067  1 23210 7292 1.7 13 8 3 7 31% 4896 625 34%
c -  0.47  0 10 13 1067  1 23647 5229 1.7 13 8 3 7 30% 4896 625 34%
c -  0.55  0 10 14 1069  1 27491 5418 1.6 13 8 3 7 25% 4896 625 34%
c u  0.57  0 10 14 1069  1 27491 5391 1.6 13 8 3 7 25% 4896 625 34%
c v  0.57  0 10 14 1069  1 27491 5377 1.6 13 8 3 7 25% 4896 625 34%
c x  0.57  0 10 14 1069  1 27491 5376 1.6 13 8 3 7 25% 4867 625 34%
c B  0.58  0 10 14 1069  1 28019 5662 1.6 12 8 3 7 24% 4867 625 34%
c ]  0.65  0  9 14 1070  1 30914 7002 1.6 12 7 3 7 22% 4867 625 34%
c {  0.65  0 11 14 1070  2 30914 7002 1.6 12 7 3 6 15% 4867 625 34%
c i  0.65  0 11 14 1070  2 30933 7006 1.6 12 7 3 6 15% 4867 624 34%
c -  0.66  0 11 15 1073  2 31636 4357 1.6 12 7 3 6 15% 4736 624 34%
c c  0.66  0 11 15 1073  2 31636 4349 1.6 12 7 3 6 15% 4716 620 34%
c s  0.71  0 10 15 1073  2 33677 4401 1.6 11 7 3 6 15% 4706 617 34%
c 
c  seconds  reductions   conflicts       size  tier2     variables
c         MB     restarts     redundant     glue  trail      remaining
c          level       rate        size/glue tier1 irredundant
c 
c t  0.71  0 10 15 1073  2 33677 4399 1.6 11 7 3 6 15% 4706 617 34%
c e  0.72  0 10 15 1073  2 33677 4300 1.6 11 7 3 6 15% 4709 611 33%
c s  0.72  0 10 15 1073  2 33677 3884 1.6 11 7 3 6 15% 4704 611 33%
c i  0.73  0 10 15 1073  2 33846 3948 1.6 11 7 3 6 15% 4704 610 33%
c i  0.75  0 10 15 1073  2 34819 4435 1.6 11 7 3 6 15% 4704 609 33%
c i  0.76  0 10 15 1073  2 35786 5038 1.6 11 7 3 6 15% 4704 607 33%
c i  0.77  0 10 15 1073  2 35948 5116 1.6 11 7 3 6 15% 4704 606 33%
c F  0.77  0 10 15 1073  2 36020 5134 1.6 11 7 3 6 15% 4704 606 33%
c i  0.77  0 10 15 1073  2 36064 5150 1.6 11 7 3 6 15% 4704 601 33%
c -  0.77  0 10 16 1073  2 36082 1366 1.6 11 7 3 6 15% 3554 601 33%
c 2  0.77  0 10 16 1073  2 36082 1363 1.6 11 7 3 6 15% 3554 601 33%
c d  0.77  0 10 16 1073  2 36082 1335 1.6 11 7 3 6 15% 3460 556 30%
c p  0.77  0 10 16 1073  2 36082 1384 1.6 11 7 3 6 15% 3460 551 30%
c d  0.77  0 10 16 1073  2 36082 1097 1.6 11 7 3 6 15% 3244 550 30%
c d  0.77  0 10 16 1073  2 36082 1027 1.6 11 7 3 6 15% 3184 522 29%
c 2  0.77  0 10 16 1073  2 36082 1020 1.6 11 7 3 6 15% 3184 522 29%
c u  0.78  0 10 16 1073  2 36082  676 1.6 11 7 3 6 15% 3184 476 26%
c }  0.78  0 10 16 1073  2 36082  676 1.6 11 7 3 6 15% 3184 476 26%
c 0  0.78  0 10 16 1073  2 36082  676 1.6 11 7 3 6 15% 3184 476 26%
c 
c --- [ result ] -------------------------------------------------------------
c 
s UNSATISFIABLE
c 
c --- [ run-time profiling ] -------------------------------------------------
c 
c process time taken by individual solving procedures
c (percentage relative to process time for solving)
c 
c         0.66   85.98% search
c         0.37   48.37% unstable
c         0.28   36.34% stable
c         0.11   14.01% simplify
c         0.03    3.95% subsume
c         0.02    2.75% vivify
c         0.02    2.56% congruence
c         0.01    1.89% sweep
c         0.01    1.42% elim
c         0.01    1.17% walk
c         0.00    0.35% parse
c         0.00    0.15% backbone
c         0.00    0.15% ternary
c         0.00    0.14% probe
c         0.00    0.09% lucky
c   =================================
c         0.77   99.61% solve
c 
c last line shows process time for solving
c (percentage relative to total process time)
c 
c --- [ statistics ] ---------------------------------------------------------
c 
c chronological:              3493         9.68 %  of conflicts
c conflicts:                 36082     46696.42    per second
c backbone:                  47664      2608.87 %  of vars
c decisions:                 46028     59568.29    per second
c eliminated:                  762        41.71 %  of all variables
c fixed:                        62         3.39 %  of all variables
c learned:                   32926        91.25 %  per conflict
c learned_lits:             516136       100.00 %  learned literals
c minimized:                     0         0.00 %  learned literals
c shrunken:                 118977        23.05 %  learned literals
c minishrunken:              24948         4.83 %  learned literals
c otfs:                       2981         8.26 %  of conflict
c propagations:            1418520         1.84 M  per second
c reduced:                   12041        33.37 %  per conflict
c rephased:                      8      4510.25    interval
c restarts:                   1073        33.63    interval
c stabilizing:                   3        36.16 %  of conflicts
c substituted:                 527        28.85 %  of all variables
c subsumed:                  14629        30.50 %  of all clauses
c strengthened:               7518        15.67 %  of all clauses
c ticks:                  21137783        15.08    propagation
c vivified:                    396         0.83 %  of all clauses
c walked:                        1     36082.00    interval
c weakened:                   4109         2.75    average size
c congruence:                    5      7216.40    interval
c 
c seconds are measured in process time for solving
c 
c --- [ glue usage ] ---------------------------------------------------------
c 
c focused glue 2 used 14841 clauses 17.63% accumulated 50.15% tier1
c focused glue 3 used 11552 clauses 13.72% accumulated 63.87%
c focused glue 4 used 8974 clauses 10.66% accumulated 74.53% tier2
c 
c stable glue 3 used 8534 clauses 13.26% accumulated 63.50% tier1
c stable glue 4 used 5807 clauses 9.026% accumulated 72.53%
c stable glue 5 used 4738 clauses 7.364% accumulated 79.89%
c stable glue 6 used 3489 clauses 5.423% accumulated 85.32%
c stable glue 7 used 2757 clauses 4.285% accumulated 89.60% tier2
c 
c 
c --- [ resources ] ----------------------------------------------------------
c 
c total process time since initialization:         0.78    seconds
c total real time since initialization:            1.52    seconds
c maximum resident set size of process:           12.02    MB
c 
c --- [ shutting down ] ------------------------------------------------------
c 
c exit 20
