c CMS SHA1: GIT-notfound
c CryptoMiniSat version 5.14.7
c CMS compilation env CMAKE_CXX_COMPILER = clang++ | CMAKE_CXX_FLAGS =  -fno-stack-protector -msse4.2 -Wno-bitfield-constant-conversion -Wlogical-op -Wrestrict -Wnull-dereference -Wdouble-promotion -Wshadow -Wformat=2 -Wextra-semi -pedantic | COMPILE_DEFINES =  -DNDEBUG -D_FORTIFY_SOURCE=0 -DUSE_ZLIB | BUILD_SHARED_LIBS = ON | ONLY_SIMPLE =  | STATS = OFF | SQLITE3_FOUND =  | ZLIB_FOUND = TRUE | VALGRIND_FOUND =  | ENABLE_TESTING = OFF | SLOW_DEBUG = OFF | ENABLE_ASSERTIONS = OFF | PYTHON_EXECUTABLE =  | PYTHON_LIBRARY =  | PYTHON_INCLUDE_DIRS =  | MY_TARGETS =  | LARGEMEM = OFF | LIMITMEM = OFF | BREAKID_LIBRARIES =  | BREAKID-VER = . | c c Using VMTF, picosat, CaDiCaL, and CadiBack code by Armin Biere
c CMS is MIT licensed
c Using code from 'When Boolean Satisfiability Meets Gauss-E. in a Simplex Way'
c       by C.-S. Han and J.-H. Roland Jiang in CAV 2012. Fixes by M. Soos
c Using CCAnr from 'CCAnr: A Conf. Checking Based Local Search Solver [...]'
c       by Shaowei Cai, Chuan Luo, and Kaile Su, SAT 2015
c Using Oracle code from 'Integrating Tree Decompositions [...]'
c       by Tuukka Korhonen and Matti Jarvisalo, CP 2021
c Executed with command line: cryptominisat5 sample_class2_360_726.cnf
c Reading file 'sample_class2_360_726.cnf'
c o -- header says num vars:           1827
c o -- header says num clauses:        7255
c -- clauses added: 7255
c -- xor clauses added: 0
c -- vars added 1827
c Parsing time: 0.00 s
c [branch] adjusting to: vsids (from: vsids) var_decay:0.95 descr: VSIDS
c rst  geom  stb   vs     1   111    1827  7120   135    3.00    2.98     5     8    98     0   13.68   13.68
c rst  geom  stb   vs     2   233    1827  7120   135    3.00    2.98     8    20   205     0   13.59   13.59
c  res  pol bran  nres  conf freevar  IrrL  IrrB l/longC  l/allC RedL0 RedL1 RedL2  RedB l/longC  l/allC
c rst  geom  stb   vs     3   369    1827  7120   135    3.00    2.98    12    30   327     0   13.25   13.25
c rst  geom  stb   vs     4   516    1827  7120   135    3.00    2.98    15    46   455     0   13.04   13.04
c rst  geom  stb   vs     5   678    1827  7120   135    3.00    2.98    19    57   602     0   13.67   13.67
c rst  geom  stb   vs     6   857    1827  7120   135    3.00    2.98    22    70   765     0   13.58   13.58
c rst  geom  stb   vs     7  1052    1827  7120   135    3.00    2.98    25    76   951     0   13.58   13.58
c rst  geom  stb   vs     8  1267    1827  7120   135    3.00    2.98    27    91  1149     0   13.42   13.42
c rst  geom  stb   vs     9  1502    1827  7120   135    3.00    2.98    29   109  1364     0   13.16   13.16
c rst  geom  stb   vs    10  1759    1827  7120   135    3.00    2.98    31   125  1603     0   13.09   13.09
c rst  geom  stb   vs    11  2043    1827  7120   135    3.00    2.98    34   148  1861     0   12.95   12.95
c rst  geom  stb   vs    12  2354    1827  7120   135    3.00    2.98    42   167  2145     0   12.77   12.77
c rst  geom  stb   vs    13  2694    1827  7120   135    3.00    2.98    49   209  2435     1   12.80   12.79
c rst  geom  stb   vs    14  3067    1827  7120   135    3.00    2.98    59   231  2776     1   12.58   12.57
c rst  geom  stb   vs    15  3478    1827  7120   135    3.00    2.98    61   252  3164     1   12.48   12.47
c rst  geom  stb   vs    16  3928    1827  7120   135    3.00    2.98    69   288  3570     1   12.42   12.42
c rst  geom  stb   vs    17  4422    1827  7120   135    3.00    2.98    76   324  4021     1   12.35   12.35
c rst  geom  stb   vs    18  4965    1827  7120   135    3.00    2.98    80   355  4527     3   12.30   12.29
c rst  geom  stb   vs    19  5562    1827  7120   135    3.00    2.98    87   402  5070     3   12.24   12.23
c [branch] adjusting to: vmtf (from: vsids) var_decay:0.95 descr: VMTF
c [distill-long-red0] cls tried: 87/87 T: 0.00 T-out: N T-r: 100.00%
c [distill-long-red1] cls tried: 402/402 T: 0.02 T-out: N T-r: 89.99%
c rst  luby ibes  vmt    20  5663    1827  7120   135    3.00    2.98    89   411  5157     6   12.21   12.20
c rst  luby ibes  vmt    21  5764    1827  7120   135    3.00    2.98    89   424  5245     6   12.24   12.23
c rst  luby ibes  vmt    22  5966    1827  7120   135    3.00    2.98    92   443  5425     6   12.27   12.26
c rst  luby ibes  vmt    23  6068    1827  7120   135    3.00    2.98    93   450  5519     6   12.29   12.28
c rst  luby ibes  vmt    24  6173    1827  7120   135    3.00    2.98    96   462  5609     6   12.30   12.29
c rst  luby ibes  vmt    25  6374    1827  7120   135    3.00    2.98   101   476  5791     6   12.28   12.27
c rst  luby ibes  vmt    26  6775    1827  7120   135    3.00    2.98   110   532  6127     6   12.38   12.38
c rst  luby ibes  vmt    27  6876    1827  7120   135    3.00    2.98   112   536  6221     7   12.38   12.37
c rst  luby ibes  vmt    28  6977    1827  7120   135    3.00    2.98   112   540  6318     7   12.40   12.39
c rst  luby ibes  vmt    29  7178    1827  7120   135    3.00    2.98   114   553  6504     7   12.41   12.40
c rst  luby ibes  vmt    30  7280    1827  7120   135    3.00    2.98   117   559  6597     7   12.43   12.42
c rst  luby ibes  vmt    31  7383    1827  7120   135    3.00    2.98   120   564  6691     8   12.44   12.43
c rst  luby ibes  vmt    32  7584    1827  7120   135    3.00    2.98   122   573  6881     8   12.44   12.43
c rst  luby ibes  vmt    33  7985    1827  7120   135    3.00    2.98   132   617  7227     9   12.40   12.39
c rst  luby ibes  vmt    34  8788    1827  7120   135    3.00    2.98   141   720  7918     9   12.24   12.23
c rst  luby ibes  vmt    35  8889    1827  7120   135    3.00    2.98   141   735  8004     9   12.23   12.22
c rst  luby ibes  vmt    36  8991    1827  7120   135    3.00    2.98   144   752  8086     9   12.24   12.23
c rst  luby ibes  vmt    37  9194    1827  7120   135    3.00    2.98   154   806  8225     9   12.25   12.24
c rst  luby ibes  vmt    38  9295    1827  7120   135    3.00    2.98   156   827  8303     9   12.26   12.25
c rst  luby ibes  vmt    39  9399    1827  7120   135    3.00    2.98   168   848  8373    10   12.23   12.22
c rst  luby ibes  vmt    40  9601    1827  7120   135    3.00    2.98   175   878  8535    13   12.22   12.21
c rst  luby ibes  vmt    41 10003    1827  7120   135    3.00    2.98   533   593  8863    14   12.12   12.10
c rst  luby ibes  vmt    42 10106    1827  7120   135    3.00    2.98   533   603  8956    14   12.10   12.09
c rst  luby ibes  vmt    43 10207    1827  7120   135    3.00    2.98   533   617  9043    14   12.07   12.06
c rst  luby ibes  vmt    44 10408    1827  7120   135    3.00    2.98   538   634  9222    14   12.03   12.02
c rst  luby ibes  vmt    45 10509    1827  7120   135    3.00    2.98   544   644  9306    15   12.01   12.00
c rst  luby ibes  vmt    46 10610    1827  7120   135    3.00    2.98   551   654  9390    15   11.99   11.98
c rst  luby ibes  vmt    47 10811    1827  7120   135    3.00    2.98   564   693  9539    15   11.95   11.94
c rst  luby  svd  vmt    48 11214    1827  7120   135    3.00    2.98   589   820  9790    15   11.88   11.87
c rst  luby  svd  vmt    49 12016    1827  7120   135    3.00    2.98   601   925 10475    15   11.87   11.86
c [branch] adjusting to: vsids (from: vmtf) var_decay:0.95 descr: VSIDS
c [distill-bin] useful: 0/135/135 lits-rem: 0 cl-rem: 0 0-depth-assigns: 0 T: 0.00 T-out: N
c rst  geom  svd   vs    50 12128    1827  7120   135    3.00    2.98   605   932 10576    15   11.86   11.85
c rst  geom  svd   vs    51 12252    1827  7120   135    3.00    2.98   605   940 10692    15   11.87   11.86
c rst  geom  svd   vs    52 12386    1827  7120   135    3.00    2.98   606   944 10821    15   11.89   11.88
c rst  geom  svd   vs    53 12533    1827  7120   135    3.00    2.98   607   949 10962    15   11.90   11.89
c rst  geom  svd   vs    54 12694    1827  7120   135    3.00    2.98   608   966 11105    15   11.91   11.89
c rst  geom  svd   vs    55 12872    1827  7120   135    3.00    2.98   609   984 11264    15   11.90   11.89
c rst  geom  svd   vs    56 13067    1827  7120   135    3.00    2.98   609   993 11450    15   11.89   11.88
c rst  geom  svd   vs    57 13282    1827  7120   135    3.00    2.98   610  1007 11650    15   11.89   11.88
c rst  geom  svd   vs    58 13516    1827  7120   135    3.00    2.98   611  1025 11865    15   11.89   11.88
c rst  geom  svd   vs    59 13775    1827  7120   135    3.00    2.98   616  1031 12113    15   11.87   11.86
c rst  geom  svd   vs    60 14058    1827  7120   135    3.00    2.98   620  1079 12344    15   11.84   11.83
c rst  geom  svd   vs    61 14371    1827  7120   135    3.00    2.98   621  1100 12635    15   11.84   11.83
c rst  geom  svd   vs    62 14712    1827  7120   135    3.00    2.98   622  1138 12937    15   11.84   11.83
c rst  geom  svd   vs    63 15085    1827  7120   135    3.00    2.98   730  2853 11487    15   11.85   11.84
c rst  geom  svd   vs    64 15495    1827  7120   135    3.00    2.98   734  2928 11818    15   11.83   11.82
c rst  geom  svd   vs    65 15947    1827  7120   135    3.00    2.98   741  2980 12211    15   11.81   11.80
c rst  geom  svd   vs    66 16442    1827  7120   135    3.00    2.98   745  3055 12627    15   11.77   11.76
c rst  geom best   vs    67 16986    1827  7120   135    3.00    2.98   750  3097 13124    15   11.77   11.76
c rst  geom best   vs    68 17583    1827  7120   135    3.00    2.98   756  3121 13691    15   11.78   11.77
c rst  geom best   vs    69 18240    1827  7120   135    3.00    2.98   764  3207 14254    15   11.76   11.75
c [branch] adjusting to: vmtf (from: vsids) var_decay:0.95 descr: VMTF
c rst  luby best  vmt    70 18341    1827  7120   135    3.00    2.98   764  3221 14341    15   11.75   11.74
c rst  luby best  vmt    71 18443    1827  7120   135    3.00    2.98   766  3236 14426    15   11.75   11.75
c rst  luby best  vmt    72 18646    1827  7120   135    3.00    2.98   772  3254 14605    15   11.76   11.75
c rst  luby best  vmt    73 18748    1827  7120   135    3.00    2.98   774  3261 14698    15   11.77   11.76
c rst  luby best  vmt    74 18850    1827  7120   135    3.00    2.98   774  3270 14791    15   11.78   11.77
c rst  luby best  vmt    75 19051    1827  7120   135    3.00    2.98   774  3288 14974    15   11.79   11.78
c rst  luby best  vmt    76 19453    1827  7120   135    3.00    2.98   775  3318 15345    15   11.78   11.77
c rst  luby best  vmt    77 19554    1827  7120   135    3.00    2.98   775  3335 15429    15   11.78   11.78
c rst  luby best  vmt    78 19656    1827  7120   135    3.00    2.98   777  3349 15515    15   11.77   11.77
c rst  luby best  vmt    79 19859    1827  7120   135    3.00    2.98   778  3362 15704    15   11.77   11.76
c rst  luby best  vmt    80 19961    1827  7120   135    3.00    2.98   782  3368 15796    15   11.77   11.77
c rst  luby best  vmt    81   20K    1827  7120   135    3.00    2.98  1231  2938 15878    15   11.77   11.76
c [full-probe]  bin_only: 1 set: 0 repl: 0 T: 0.00 T-out: N T-r: 99.96%
c rst  luby best  vmt    82   20K    1827  7120   155    3.00    2.98  1234  2964 16052    15   11.76   11.75
c rst  luby best  vmt    83   20K    1827  7120   155    3.00    2.98  1244  3044 16362    16   11.77   11.76
c [distill-long-red0] cls tried: 975/975 T: 0.07 T-out: N T-r: 99.87%
c [distill-long-red1] cls tried: 839/2827 T: 0.19 T-out: Y T-r: -0.20%
c rst  luby best  vmt    84   21K    1827  7120   155    3.00    2.98  1247  3201 16993    26   11.65   11.64
c rst  luby best  vmt    85   21K    1827  7120   155    3.00    2.98  1249  3209 17085    26   11.64   11.63
c rst  luby best  vmt    86   21K    1827  7120   155    3.00    2.98  1249  3219 17176    26   11.64   11.63
c rst  luby  stb  vmt    87   21K    1827  7120   155    3.00    2.98  1251  3238 17359    26   11.64   11.63
c rst  luby  stb  vmt    88   21K    1827  7120   155    3.00    2.98  1251  3243 17455    26   11.66   11.64
c rst  luby  stb  vmt    89   22K    1827  7120   155    3.00    2.98  1251  3246 17555    26   11.67   11.65
c rst  luby  stb  vmt    90   22K    1827  7120   155    3.00    2.98  1252  3259 17745    26   11.68   11.67
c rst  luby  stb  vmt    91   22K    1827  7120   155    3.00    2.98  1260  3292 18106    26   11.68   11.67
c rst  luby  stb  vmt    92   22K    1827  7120   155    3.00    2.98  1262  3306 18192    27   11.69   11.68
c rst  luby  stb  vmt    93   22K    1827  7120   155    3.00    2.98  1263  3317 18282    27   11.69   11.68
c rst  luby  stb  vmt    94   23K    1827  7120   155    3.00    2.98  1263  3324 18478    27   11.71   11.70
c rst  luby  stb  vmt    95   23K    1827  7120   155    3.00    2.98  1264  3338 18565    27   11.71   11.70
c rst  luby  stb  vmt    96   23K    1827  7120   155    3.00    2.98  1266  3349 18654    27   11.72   11.70
c rst  luby  stb  vmt    97   23K    1827  7120   155    3.00    2.98  1269  3361 18840    27   11.71   11.70
c rst  luby  stb  vmt    98   23K    1827  7120   155    3.00    2.98  1273  3395 19203    27   11.73   11.72
c rst  luby  stb  vmt    99   24K    1827  7120   155    3.00    2.98  1283  3477 19913    27   11.75   11.74
c rst  luby  stb  vmt   100   26K    1827  7120   155    3.00    2.98  1293  3729   21K    29   11.68   11.67
c [branch] adjusting to: vsids (from: vmtf) var_decay:0.95 descr: VSIDS
c [distill] watch-based irred--  cl tried    14240 cl-sh     0 cl-rem    0 lit-rem      0 T: 0.01 T-out: N
c [distill] watch-based   red--  cl tried     2583 cl-sh     0 cl-rem    3 lit-rem      0 T: 0.01 T-out: N
c rst  geom  stb   vs   101   26K    1827  7120   155    3.00    2.98  1290  3737   21K    29   11.68   11.67
c rst  geom  stb   vs   102   26K    1827  7120   155    3.00    2.98  1290  3744   21K    29   11.69   11.68
c rst  geom  stb   vs   103   26K    1827  7120   155    3.00    2.98  1291  3748   21K    29   11.69   11.68
c rst  geom  stb   vs   104   26K    1827  7120   155    3.00    2.98  1293  3755   21K    29   11.69   11.68
c rst  geom  stb   vs   105   26K    1827  7120   155    3.00    2.98  1294  3768   21K    29   11.68   11.67
c rst  geom ibes   vs   106   27K    1827  7120   155    3.00    2.98  1297  3793   22K    29   11.67   11.66
c rst  geom ibes   vs   107   27K    1827  7120   155    3.00    2.98  1297  3806   22K    29   11.67   11.66
c rst  geom ibes   vs   108   27K    1827  7120   155    3.00    2.98  1298  3816   22K    29   11.67   11.66
c rst  geom ibes   vs   109   27K    1827  7120   155    3.00    2.98  1301  3844   22K    29   11.66   11.65
c rst  geom ibes   vs   110   28K    1827  7120   155    3.00    2.98  1303  3909   22K    29   11.64   11.63
c rst  geom ibes   vs   111   28K    1827  7120   155    3.00    2.98  1306  3967   23K    29   11.63   11.62
c rst  geom ibes   vs   112   28K    1827  7120   155    3.00    2.98  1307  4030   23K    29   11.61   11.60
c rst  geom ibes   vs   113   28K    1827  7120   155    3.00    2.98  1307  4078   23K    29   11.60   11.59
c rst  geom ibes   vs   114   29K    1827  7120   155    3.00    2.98  1315  4192   23K    29   11.57   11.56
c rst  geom ibes   vs   115   29K    1827  7120   155    3.00    2.98  1317  4348   24K    29   11.54   11.53
c rst  geom ibes   vs   116   30K    1827  7120   155    3.00    2.98  2172  6958   21K    29   11.50   11.49
c rst  geom ibes   vs   117   30K    1827  7120   155    3.00    2.98  2189  7262   21K    31   11.44   11.43
c rst  geom ibes   vs   118   31K    1827  7120   155    3.00    2.98  2194  7501   21K    31   11.39   11.39
c rst  geom ibes   vs   119   31K    1827  7120   155    3.00    2.98  2198  7672   21K    31   11.36   11.35
c rst  geom ibes   vs   120   32K    1827  7120   155    3.00    2.98  2228  8011   22K    33   11.30   11.29
c [distill-bin] useful: 14/155/155 lits-rem: 0 cl-rem: 14 0-depth-assigns: 0 T: 0.00 T-out: N
c rst  geom  svd   vs   121   33K    1827  7120   141    3.00    2.98  2232  8170   22K    33   11.28   11.27
c rst  geom  svd   vs   122   34K    1827  7120   141    3.00    2.98  2243  8442   23K    34   11.23   11.23
c [branch] adjusting to: vmtf (from: vsids) var_decay:0.95 descr: VMTF
c rst  luby  svd  vmt   123   34K    1827  7120   141    3.00    2.98  2243  8467   23K    34   11.23   11.22
c rst  luby  svd  vmt   124   34K    1826  7120   141    3.00    2.98  2249  8519   23K    34   11.22   11.21
c rst  luby  svd  vmt   125   34K    1826  7120   141    3.00    2.98  2261  8617   23K    35   11.20   11.19
c rst  luby  svd  vmt   126   34K    1826  7120   141    3.00    2.98  2267  8670   23K    36   11.19   11.18
c rst  luby  svd  vmt   127   34K    1826  7120   141    3.00    2.98  2268  8734   23K    36   11.18   11.17
c rst  luby  svd  vmt   128   34K    1826  7120   141    3.00    2.98  2269  8833   23K    37   11.17   11.16
c rst  luby  svd  vmt   129   34K    1566  2816  1991    3.00    2.59   197    57    10    34    4.56    4.27
c ------- FINAL TOTAL SEARCH STATS ---------
c UIP search time          : 1.67        (98.90     % time)
c All times are for this thread only except if explicitly specified
c restarts                 : 129         (271.01    confls per restart)
c blocked restarts         : 0           (0.00      per normal restart)
c time                     : 1.67        
c decisions                : 38542       (0.00      % random)
c propagations             : 3656K       (2185K     props/s)
c decisions/conflicts      : 1.10        
c conflicts                : 34960       
c LEARNT stats
c units learnt             : 9           (0.03      % of conflicts)
c bins learnt              : 39          (0.11      % of conflicts)
c long learnt              : 34911       (99.86     % of conflicts)
c red which0               : 574         (1.64      % of confl)
c SEAMLESS HYPERBIN&TRANS-RED stats
c advProp called           : 0           
c hyper-bin add bin        : 0           (0.00      bin/call)
c trans-red rem irred bin  : 0           (0.00      bin/call)
c trans-red rem red bin    : 0           (0.00      bin/call)
c CONFL LITS stats
c orig                     : 577130      (16.51     lit/confl)
c recurs-min effective     : 28875       (82.59     % attempt successful)
c recurs-min lits          : 185637      (32.17     % less overall)
c permDiff call%           : 17.50       (0.00      % attempt successful)
c permDiff lits-rem        : 0           (0.00      less lits/cl on attempts)
c further-min call%        : 0.00        (0.00      % attempt successful)
c bintri-min lits          : 0           (0.00      % less overall)
c final avg                : 11.20       
c all-threads sum CPU time : 1.67         s
c PROP stats
c Mbogo-props              : 54.95       (32.84     / sec)
c MHyper-props             : 0.00        (0.00      / sec)
c Mprops                   : 3.66        (2.19      / sec)
c -------- OccSimplifier STATS ----------
c time                     : 0.00        (0.00      % var-elim)
c called                   : 0           (0.00      s per call)
c 0-depth assigns          : 0           (0.00      % vars)
c -------- OccSimplifier STATS END ----------
c -------- SubsumeStrengthen STATS ----------
c cl-subs                  : 0            Clauses
c cl-str rem lit           : 0            Lits
c cl-sub T                 : 0.00         s
c cl-str T                 : 0.00         s
c -------- SubsumeStrengthen STATS END ----------
c ----- SCC STATS --------
c time                     : 0.00        (0.00      per call)
c called                   : 0           (0.00      new found per call)
c found                    : 0           (0.00      % of all found)
c bogoprops                : 0           % of all found
c ----- SCC STATS END --------
c --------- VAR REPLACE STATS ----------
c time                     : 0.00        (0.00      per call)
c trees' crown             : 0           (0.00      % of vars)
c 0-depth assigns          : 0           (0.00      % vars)
c lits replaced            : 0           
c bin cls removed          : 0           
c long cls removed         : 0           
c long lits removed        : 0           
c bogoprops                : 0           
c --------- VAR REPLACE STATS END ----------
c vrep replace time        : 0.00        (0.00      % time)
c vrep tree roots          : 0           
c vrep trees' crown        : 0           (0.00      leafs/tree)
c -------- DISTILL-BIN STATS --------
c time                     : 0.00        (0.00      per call)
c timed out                : 0           (0.00      % of calls)
c distill/checked/potential: 0          /290/290
c lits-rem                 : 0           
c 0-depth-assigns          : 0           (0.00      % of vars)
c -------- DISTILL STATS END --------
c -------- STRENGTHEN STATS --------
c --> watch-based on irred cls
c time                     : 0.01        (0.01      s/call)
c shrinked/tried/total     : 0          /14240/14240
c subsumed/tried/total     : 0          /14240/14240
c lits-rem                 : 0           (0.00      % of lits tried)
c called                   : 2           (0.00      % ran out of time)
c --> watch-based on red cls
c time                     : 0.01        (0.01      s/call)
c shrinked/tried/total     : 0          /2583/2583
c subsumed/tried/total     : 3          /2583/2583
c lits-rem                 : 0           (0.00      % of lits tried)
c called                   : 2           (0.00      % ran out of time)
c -------- STRENGTHEN STATS END --------
c -------- IMPLICIT SUB  STATS --------
c time                     : 0.00        (0.00      per call)
c timed out                : 0           (0.00      % of calls)
c rem bins                 : 0           
c -------- IMPLICIT SUB STATS END --------
c Mem used                 : 0           MB
c Mem for longclauses      : 3           MB (0.00      %)
c Mem for watch alloc      : 2           MB (0.00      %)
c Mem for watch array      : 0           MB (0.00      %)
c Mem for assings&vardata  : 0           MB (0.00      %)
c Mem for search&solve     : 0           MB (0.00      %)
c Mem for renumberer       : 0           MB (0.00      %)
c Mem for occsimplifier    : 0           MB (0.00      %)
c Mem for varReplacer&SCC  : 0           MB (0.00      %)
c Mem for impl subsume     : 0           MB (0.00      %)
c Mem for 3 distills       : 0           MB (0.00      %)
c Accounted for mem (rss)  : 0.00        %
c Accounted for mem (vm)   : 0.00        %
c restarts                 : 129         (271.01    confls per restart)
c blocked restarts         : 0           (0.00      per normal restart)
c time                     : 1.67        
c decisions                : 38542       (0.00      % random)
c propagations             : 3656K       (2185K     props/s)
c decisions/conflicts      : 1.10        
c conflicts                : 34960       
c conf lits non-minim      : 577130      (16.51     lit/confl)
c conf lits final          : 11.20       
c red which0               : 574         (1.64      % of confl)
c props/decision           : 0.00        
c props/conflict           : 0.00        
c 0-depth assigns          : 261         (14.29     % vars)
c 0-depth assigns by CNF   : 0           (0.00      % vars)
c reduceDB time            : 0.00        (0.17      % time)
c OccSimplifier time       : 0.00        (0.00      % time)
c [occur] 0.00 is overhead
c [occur] link-in T: 0.00 cleanup T: 0.00
c [occ-substr] long subBySub: 0 subByStr: 0 lits-rem-str: 0 T: 0.00
c SCC time                 : 0.00        (0.00      % time)
c [scc] new: 0 BP 0M T: 0.00
c vrep replace time        : 0.00        (0.00      % time)
c vrep tree roots          : 0           
c vrep trees' crown        : 0           (0.00      leafs/tree)
c distill long time        : 0.28        (16.32     % time)
c distill bin time         : 0.00        (0.08      % time)
c strength cache-irred time: 0.01        (0.71      % time)
c strength cache-red time  : 0.01        (0.68      % time)
c avg cls in red 0         : 897.78      
c avg cls in red 1         : 2829.20     
c avg cls in red 2         : 13723.03    
c Conflicts in UIP         : 34960       (20664.53  confl/time_this_thread)
c Mem used                 : 0.00        MB
c Total time (this thread) : 1.69        
s UNSATISFIABLE
