c --- [ banner ] -------------------------------------------------------------
c 
c CaDiCaL SAT Solver
c Copyright (c) 2016-2026
c A. Biere, M. Fleury, N. Froleyks, K. Fazekas, F. Pollitt, T. Faller
c JKU Linz, University of Freiburg, TU Wien
c 
c Version 3.0.1
c Apple clang version 21.0.0 (clang-2100.0.123.102) -Wall -Wextra -O3 -DNDEBUG -DNCLOSEFROM
c Sun Jul 19 15:40:55 UTC 2026 Darwin Tahoe-arm64.local 25.4.0 arm64
c 
c --- [ proof tracing ] ------------------------------------------------------
c 
c opening file to write 'residual_1_2.drat'
c writing non-binary proof trace to 'residual_1_2.drat'
c 
c --- [ parsing input ] ------------------------------------------------------
c 
c reading DIMACS file from 'residual_1_2.cnf'
c opening file to read 'residual_1_2.cnf'
c found 'p cnf 1786 7089' header
c parsed 7089 clauses in 0.00 seconds process time
c 
c --- [ options ] ------------------------------------------------------------
c 
c   --binary=false                 (different from default 'true')
c 
c --- [ solving ] ------------------------------------------------------------
c 
c time measured in process time since initialization
c 
c  seconds  reduction conflicts       size tier2     variables
c         MB    restarts   redundant    glue  trail       remaining
c          level     rate       size/glu tier1 irredundant
c 
c *  0.00  0  0 0   0  0    0    0 0.0 0 0 2 6  0% 7089 1786 100%
c )  0.00  0  0 0   0  0    0    0 0.0 0 0 2 6  0% 7089 1786 100%
c {  0.00  0  0 0   0  0    0    0 0.0 0 0 2 6  0% 7089 1786 100%
c -  0.01  0 17 1   0  1  300  113 1.5 15 10 2 6 19% 7089 1786 100%
c -  0.02  0 18 2  16  2  733  259 1.7 16 10 2 6 21% 7089 1786 100%
c }  0.03  0 19 2  55  2 1002  481 1.7 17 10 2 6 20% 7089 1786 100%
c [  0.03  0  0 2  55  0 1002  481 0.0 0 0 2 6  0% 7089 1786 100%
c O  0.03  0 17 2  55 18 1003  482 1.8 7 4 2 6 50% 7089 1786 100%
c -  0.03  0 20 3  55  1 1410  553 2.7 11 4 2 6 66% 7089 1786 100%
c c  0.05  0 20 3  55  1 1483  607 2.8 11 4 2 6 67% 6349 1785 100%
c ]  0.06  0 23 3  55  1 1919  970 2.6 14 5 2 6 51% 5609 1415 79%
c {  0.06  0 19 3  55  2 1919  970 1.7 17 10 2 6 20% 5609 1415 79%
c -  0.08  0 20 4  60  2 2350  836 1.8 17 9 2 6 25% 5609 1415 79%
c O  0.09  0 20 4 175  3 3005 1382 1.7 17 10 2 6 20% 5609 1415 79%
c -  0.10  0 20 5 230  3 3562 1074 1.7 17 10 2 6 21% 5609 1415 79%
c s  0.12  0 20 5 302  3 3980 1396 1.6 17 11 2 6 21% 5605 1415 79%
c e  0.13  0 20 5 302  3 3980  178 1.6 17 11 2 6 21% 5080 645 36%
c s  0.13  0 20 5 302  3 3980  178 1.6 17 11 2 6 21% 5080 645 36%
c -  0.15  0 20 6 509  3 5054  758 1.6 17 11 4 13 17% 5080 645 36%
c #  0.17  0 20 6 617  3 6006 1585 1.5 18 11 4 13 15% 5080 645 36%
c 
c  seconds  reduction conflicts       size   tier2      variables
c         MB    restarts   redundant     glue    trail      remaining
c          level     rate       size/glue  tier1  irredundant
c 
c u  0.18  0 19 6 633  3 6587 1961 1.5 18 11 4 13 15% 5080 645 36%
c v  0.18  0 19 6 633  3 6587 1921 1.5 18 11 4 13 15% 5080 645 36%
c w  0.18  0 19 6 633  3 6587 1912 1.5 18 11 4 13 15% 5080 645 36%
c -  0.19  0 19 7 667  3 6831 1672 1.5 18 12 4 13 21% 5080 645 36%
c }  0.20  0 19 7 702  3 7470 2174 1.5 17 12 5 13 21% 5080 645 36%
c [  0.20  0 23 7 702  1 7470 2174 2.6 14 5 2 6 140% 5080 645 36%
c -  0.23  0 19 8 704  1 8897 2806 2.2 19 9 2 6 64% 5080 645 36%
c I  0.26  0 19 8 704  1 10008 3835 2.0 20 10 5 10 51% 5080 645 36%
c -  0.29  0 18 9 705  1 11256 3371 1.8 19 11 5 10 43% 5080 645 36%
c ]  0.33  0 17 9 707  1 13495 4559 1.6 19 12 7 14 37% 5080 645 36%
c {  0.33  0 19 9 707  3 13495 4559 1.5 17 12 5 13 21% 5080 645 36%
c -  0.34  0 19 10 783  3 13908 3320 1.5 17 12 5 13 21% 5080 645 36%
c u  0.37  0 19 10 944  3 14938 4176 1.5 18 12 5 13 22% 5080 645 36%
c v  0.37  0 19 10 944  3 14938 4148 1.5 18 12 5 13 22% 5080 645 36%
c w  0.37  0 19 10 944  3 14938 4140 1.5 18 12 5 13 22% 5080 645 36%
c B  0.38  0 19 10 944  3 15010 4203 1.5 18 12 5 13 22% 5080 645 36%
c -  0.42  0 19 11 1156  3 16856 3858 1.5 18 12 5 13 22% 5080 645 36%
c -  0.49  0 18 12 1275  2 20101 4990 1.5 18 12 5 13 23% 5080 645 36%
c W  0.52  0 18 12 1276  2 21011 5813 1.6 18 12 5 13 24% 5080 645 36%
c -  0.58  0 18 13 1396  2 23646 6373 1.6 18 12 5 13 25% 5080 645 36%
c 
c  seconds  reductions   conflicts       size   tier2      variables
c         MB     restarts     redundant     glue    trail      remaining
c          level       rate        size/glue  tier1  irredundant
c 
c u  0.59  0 18 13 1396  2 23967 6656 1.6 18 12 5 13 25% 5080 645 36%
c v  0.59  0 18 13 1396  2 23967 6644 1.6 18 12 5 13 25% 5080 645 36%
c w  0.59  0 18 13 1396  2 23967 6642 1.6 18 12 5 13 25% 5080 645 36%
c }  0.62  0 18 13 1396  2 24944 7465 1.6 19 12 5 13 25% 5080 645 36%
c [  0.62  0 17 13 1396  1 24944 7465 1.6 19 12 7 14 37% 5080 645 36%
c -  0.68  0 16 14 1397  1 27490 7445 1.7 19 11 7 14 33% 5080 645 36%
c B  0.69  0 16 14 1397  1 28012 7698 1.6 18 11 7 14 33% 5080 645 36%
c -  0.79  0 15 15 1398  1 31636 7194 1.6 18 11 7 14 31% 5080 645 36%
c u  0.80  0 15 15 1398  1 31636 7145 1.6 18 11 7 14 31% 5080 645 36%
c ]  0.88  0 15 15 1400  1 34681 8552 1.5 17 11 7 14 30% 5080 645 36%
c {  0.88  0 18 15 1400  2 34681 8552 1.6 19 12 5 13 25% 5080 645 36%
c F  0.92  0 18 15 1408  2 36013 9597 1.6 18 11 5 13 25% 5080 645 36%
c -  0.92  0 18 16 1408  2 36082 7034 1.6 18 11 5 13 25% 5080 645 36%
c -  1.04  0 17 17 1417  2 40833 8259 1.7 19 11 4 11 25% 5080 645 36%
c u  1.05  0 17 17 1417  2 40833 8148 1.7 19 11 4 11 25% 5080 645 36%
c v  1.05  0 17 17 1417  2 40833 8134 1.7 19 11 4 11 25% 5080 645 36%
c w  1.05  0 17 17 1417  2 40833 8122 1.7 19 11 4 11 25% 5080 645 36%
c B  1.17  0 17 17 1631  2 45014 11603 1.7 18 11 4 11 25% 5080 645 36%
c -  1.20  0 17 18 1769  2 45884 9275 1.7 18 11 4 11 25% 5080 645 36%
c }  1.30  0 17 18 2269  2 48506 11628 1.7 18 11 4 11 25% 5080 645 36%
c 
c  seconds  reductions   conflicts        size   tier2      variables
c         MB     restarts      redundant     glue    trail      remaining
c          level       rate         size/glue  tier1  irredundant
c 
c [  1.30  0 15 18 2269  1 48506 11628 1.5 17 11 7 14 30% 5080 645 36%
c -  1.39  0 15 19 2272  1 51240 8467 1.5 17 11 7 14 30% 5080 645 36%
c u  1.41  0 15 19 2272  1 51240 8362 1.5 17 11 7 14 30% 5080 645 36%
c v  1.41  0 15 19 2272  1 51240 8345 1.5 17 11 7 14 30% 5080 645 36%
c w  1.42  0 15 19 2272  1 51240 8335 1.5 17 11 7 14 30% 5080 645 36%
c W  1.54  0 14 19 2273  1 55016 10446 1.5 17 11 7 14 29% 5080 645 36%
c -  1.60  0 14 20 2273  1 56901 7854 1.5 17 11 7 14 29% 5080 645 36%
c ]  1.78  0 14 20 2274  1 62667 11090 1.5 17 11 7 14 28% 5080 645 36%
c {  1.78  0 17 20 2274  2 62667 11090 1.7 18 11 4 11 25% 5080 645 36%
c -  1.79  0 17 21 2318  2 62864 8527 1.7 18 11 4 11 25% 5080 645 36%
c u  1.80  0 17 21 2318  2 62864 8376 1.7 18 11 4 11 25% 5080 645 36%
c v  1.80  0 17 21 2318  2 62864 8322 1.7 18 11 4 11 25% 5080 645 36%
c w  1.80  0 17 21 2318  2 62864 8274 1.7 18 11 4 11 25% 5080 645 36%
c W  1.93  0 17 21 2777  2 66018 11027 1.7 18 11 4 11 25% 5080 645 36%
c -  2.02  0 17 22 2805  2 69132 10616 1.7 19 11 4 11 25% 5080 645 36%
c u  2.03  0 17 22 2805  2 69132 10575 1.7 19 11 4 11 25% 5080 645 36%
c v  2.03  0 17 22 2805  2 69132 10561 1.7 19 11 4 11 25% 5080 645 36%
c w  2.04  0 17 22 2805  2 69132 10516 1.7 19 11 4 11 25% 5080 645 36%
c -  2.29  0 17 23 3680  2 75705 8967 1.7 19 11 3 8 25% 5080 645 36%
c u  2.30  0 17 23 3680  2 75705 8865 1.7 19 11 3 8 25% 5080 645 36%
c 
c  seconds  reductions   conflicts       size   tier2     variables
c         MB     restarts     redundant     glue   trail      remaining
c          level       rate        size/glue  tier1 irredundant
c 
c v  2.31  0 17 23 3680  2 75705 8831 1.7 19 11 3 8 25% 5080 645 36%
c w  2.31  0 17 23 3680  2 75705 8821 1.7 19 11 3 8 25% 5080 645 36%
c #  2.39  0 17 23 4092  2 78019 10827 1.7 19 11 3 8 25% 5080 645 36%
c }  2.44  0 17 23 4379  2 79303 11894 1.7 19 11 3 8 25% 5080 645 36%
c [  2.44  0 14 23 4379  1 79303 11894 1.5 17 11 7 14 28% 5080 645 36%
c -  2.56  0 14 24 4380  1 82583 8005 1.5 17 11 7 14 29% 5080 645 36%
c u  2.57  0 14 24 4380  1 82583 7913 1.5 17 11 7 14 29% 5080 645 36%
c v  2.57  0 14 24 4380  1 82583 7903 1.5 17 11 7 14 29% 5080 645 36%
c w  2.57  0 14 24 4380  1 82583 7895 1.5 17 11 7 14 29% 5080 645 36%
c x  2.57  0 14 24 4380  1 82583 7895 1.5 17 11 7 14 29% 5072 645 36%
c s  2.60  0 14 24 4380  1 82583 7726 1.5 17 11 7 14 29% 5072 645 36%
c e  2.60  0 14 24 4380  1 82583 7661 1.5 17 11 7 14 29% 5072 644 36%
c s  2.62  0 14 24 4380  1 82583 7587 1.5 17 11 7 14 29% 5072 644 36%
c ^  2.62  0 14 24 4380  1 82583 7587 1.5 17 11 7 14 29% 5072 644 36%
c -  2.87  0 14 25 4385  1 89767 7395 1.5 16 11 7 14 29% 5072 644 36%
c u  2.89  0 14 25 4385  1 89767 7310 1.5 16 11 7 14 29% 5072 644 36%
c v  2.89  0 14 25 4385  1 89767 7283 1.5 16 11 7 14 29% 5072 644 36%
c w  2.89  0 14 25 4385  1 89767 7271 1.5 16 11 7 14 29% 5072 644 36%
c O  2.94  0 14 25 4386  1 91020 7900 1.5 16 11 7 14 29% 5072 644 36%
c -  3.15  0 14 26 4389  1 97258 7459 1.5 17 11 7 14 29% 5072 644 36%
c 
c  seconds  reductions   conflicts       size   tier2      variables
c         MB     restarts     redundant     glue    trail      remaining
c          level       rate        size/glue  tier1  irredundant
c 
c u  3.16  0 14 26 4389  1 97258 7398 1.5 17 11 7 14 29% 5072 644 36%
c v  3.17  0 14 26 4389  1 97258 7362 1.5 17 11 7 14 29% 5072 644 36%
c ]  3.19  0 14 26 4389  1 98043 7784 1.5 17 11 7 14 29% 5072 644 36%
c {  3.19  0 17 26 4389  2 98043 7784 1.7 19 11 3 8 25% 5072 644 36%
c s  3.29  0 17 26 4404  2 100449 8893 1.6 18 11 3 8 26% 5072 644 36%
c s  3.31  0 17 26 4404  2 100449 8833 1.6 18 11 3 8 26% 5072 644 36%
c ^  3.31  0 17 26 4404  2 100449 8833 1.6 18 11 3 8 26% 5072 644 36%
c B  3.46  0 17 26 4746  2 105022 12554 1.6 18 11 3 8 26% 5072 644 36%
c -  3.47  0 17 27 4747  2 105055 8239 1.6 18 11 3 8 26% 5072 644 36%
c u  3.47  0 17 27 4747  2 105055 8151 1.6 18 11 3 8 26% 5072 644 36%
c v  3.48  0 17 27 4747  2 105055 8133 1.6 18 11 3 8 26% 5072 644 36%
c w  3.48  0 17 27 4747  2 105055 8123 1.6 18 11 3 8 26% 5072 644 36%
c -  3.72  0 16 28 4762  2 113159 10728 1.7 19 11 3 8 26% 5072 644 36%
c u  3.73  0 16 28 4762  2 113159 10640 1.7 19 11 3 8 26% 5072 644 36%
c v  3.73  0 16 28 4762  2 113159 10626 1.7 19 11 3 8 26% 5072 644 36%
c w  3.73  0 16 28 4762  2 113159 10625 1.7 19 11 3 8 26% 5072 644 36%
c W  4.00  0 16 28 4762  2 120025 16306 1.8 19 11 3 8 26% 5072 644 36%
c -  4.10  0 16 29 5098  2 121568 12187 1.7 19 11 3 8 26% 5072 644 36%
c u  4.11  0 16 29 5098  2 121568 12084 1.7 19 11 3 8 26% 5072 644 36%
c v  4.11  0 16 29 5098  2 121568 12073 1.7 19 11 3 8 26% 5072 644 36%
c 
c  seconds  reductions   conflicts         size   tier2     variables
c         MB     restarts       redundant     glue   trail      remaining
c          level       rate          size/glue  tier1 irredundant
c 
c s  4.30  0 16 29 5756  2 124271 14175 1.7 19 11 3 8 26% 5072 644 36%
c s  4.37  0 16 29 5756  2 124271 14100 1.7 19 11 3 8 26% 5072 644 36%
c ^  4.37  0 16 29 5756  2 124271 14100 1.7 19 11 3 8 26% 5072 644 36%
c }  4.37  0 16 29 5756  2 124386 14167 1.7 19 11 3 8 26% 5072 644 36%
c [  4.37  0 14 29 5756  1 124386 14167 1.5 17 11 7 14 29% 5072 644 36%
c -  4.63  0 13 30 5760  1 130284 12093 1.5 17 11 7 14 29% 5072 644 36%
c u  4.64  0 13 30 5760  1 130284 12004 1.5 17 11 7 14 29% 5072 644 36%
c v  4.64  0 13 30 5760  1 130284 11966 1.5 17 11 7 14 29% 5072 644 36%
c w  4.64  0 13 30 5760  1 130284 11953 1.5 17 11 7 14 29% 5072 644 36%
c B  4.87  0 13 30 5761  1 136029 15424 1.5 17 11 7 14 29% 5072 644 36%
c -  5.01  0 13 31 5761  1 139308 11374 1.5 17 11 3 8 30% 5072 644 36%
c u  5.02  0 13 31 5761  1 139308 11299 1.5 17 11 3 8 30% 5072 644 36%
c v  5.03  0 13 31 5761  1 139308 11267 1.5 17 11 3 8 30% 5072 644 36%
c w  5.03  0 13 31 5761  1 139308 11256 1.5 17 11 3 8 30% 5072 644 36%
c ]  5.29  0 13 31 5762  1 145821 14564 1.5 16 11 3 8 30% 5072 644 36%
c {  5.29  0 16 31 5762  2 145821 14564 1.7 19 11 3 8 26% 5072 644 36%
c -  5.39  0 16 32 5762  2 148638 10477 1.7 18 11 3 8 26% 5072 644 36%
c u  5.42  0 16 32 5762  2 148638 10316 1.7 18 11 3 8 26% 5072 644 36%
c v  5.42  0 16 32 5762  2 148638 10279 1.7 18 11 3 8 26% 5072 644 36%
c w  5.43  0 16 32 5762  2 148638 10272 1.7 18 11 3 8 26% 5072 644 36%
c 
c  seconds  reductions   conflicts         size   tier2     variables
c         MB     restarts       redundant     glue   trail      remaining
c          level       rate          size/glue  tier1 irredundant
c 
c F  5.59  0 16 32 6346  2 153032 13650 1.7 18 11 3 8 26% 5072 644 36%
c s  5.68  0 16 32 6615  2 154046 14072 1.7 18 11 3 8 26% 5072 644 36%
c e  5.69  0 16 32 6615  2 154046 10823 1.7 18 11 3 8 26% 5340 577 32%
c s  5.72  0 16 32 6615  2 154046 10762 1.7 18 11 3 8 26% 5340 577 32%
c ^  5.72  0 16 32 6615  2 154046 10762 1.7 18 11 3 8 26% 5340 577 32%
c -  5.87  0 16 33 7165  2 158276 9317 1.7 18 11 3 8 26% 5340 577 32%
c u  5.89  0 16 33 7165  2 158276 9176 1.7 18 11 3 8 26% 5340 577 32%
c v  5.89  0 16 33 7165  2 158276 9148 1.7 18 11 3 8 26% 5340 577 32%
c w  5.89  0 16 33 7165  2 158276 9143 1.7 18 11 3 8 26% 5340 577 32%
c -  6.25  0 16 34 7908  2 168222 11171 1.7 18 11 3 8 25% 5340 577 32%
c u  6.26  0 16 34 7908  2 168222 11131 1.7 18 11 3 8 25% 5340 577 32%
c v  6.27  0 16 34 7908  2 168222 11082 1.7 18 11 3 8 25% 5340 577 32%
c w  6.27  0 16 34 7908  2 168222 11066 1.7 18 11 3 8 25% 5340 577 32%
c B  6.37  0 16 34 8352  2 171033 13232 1.7 18 11 3 8 25% 5340 577 32%
c }  6.60  0 16 34 8730  2 176750 17769 1.7 18 11 3 8 25% 5340 577 32%
c [  6.60  0 13 34 8730  1 176750 17769 1.5 16 11 3 8 30% 5340 577 32%
c -  6.70  0 13 35 8730  1 178475 12818 1.5 16 11 3 8 30% 5340 577 32%
c u  6.71  0 13 35 8730  1 178475 12765 1.5 16 11 3 8 30% 5340 577 32%
c v  6.71  0 13 35 8730  1 178475 12751 1.5 16 11 3 8 30% 5340 577 32%
c w  6.71  0 13 35 8730  1 178475 12741 1.5 16 11 3 8 30% 5340 577 32%
c 
c  seconds  reductions   conflicts         size   tier2     variables
c         MB     restarts       redundant     glue   trail      remaining
c          level       rate          size/glue  tier1 irredundant
c 
c -  7.19  0 13 36 8730  1 189038 12708 1.5 16 11 3 8 29% 5340 577 32%
c u  7.20  0 13 36 8730  1 189038 12589 1.5 16 11 3 8 29% 5340 577 32%
c v  7.20  0 13 36 8730  1 189038 12558 1.5 16 11 3 8 29% 5340 577 32%
c w  7.20  0 13 36 8730  1 189038 12545 1.5 16 11 3 8 29% 5340 577 32%
c W  7.34  0 13 36 8731  1 190035 13127 1.5 16 11 3 8 29% 5340 577 32%
c s  7.51  0 13 36 8733  1 192570 14054 1.5 16 11 3 8 29% 5340 577 32%
c e  7.51  0 13 36 8733  1 192570 12106 1.5 16 11 3 8 29% 5484 559 31%
c s  7.57  0 13 36 8733  1 192570 11975 1.5 16 11 3 8 29% 5484 559 31%
c -  7.85  0 13 37 8737  1 199907 10687 1.5 16 11 3 8 28% 5484 559 31%
c u  7.86  0 13 37 8737  1 199907 10529 1.5 16 11 3 8 28% 5484 559 31%
c v  7.87  0 13 37 8737  1 199907 10474 1.5 16 11 3 8 28% 5484 559 31%
c w  7.87  0 13 37 8737  1 199907 10459 1.5 16 11 3 8 28% 5484 559 31%
c ]  8.05  0 13 37 8740  1 204847 13280 1.5 16 11 2 6 28% 5484 559 31%
c {  8.05  0 16 37 8740  2 204847 13280 1.7 18 11 3 8 25% 5484 559 31%
c W  8.25  0 15 37 8875  2 210037 16587 1.7 18 11 3 8 25% 5484 559 31%
c -  8.30  0 15 38 8975  2 211084 12163 1.7 18 11 3 8 25% 5484 559 31%
c u  8.31  0 15 38 8975  2 211084 12047 1.7 18 11 3 8 25% 5484 559 31%
c v  8.31  0 15 38 8975  2 211084 12017 1.7 18 11 3 8 25% 5484 559 31%
c w  8.31  0 15 38 8975  2 211084 11983 1.7 18 11 3 8 25% 5484 559 31%
c -  8.76  0 15 39 9675  2 222570 14528 1.7 18 11 3 8 25% 5484 559 31%
c 
c  seconds  reductions   conflicts         size   tier2     variables
c         MB     restarts       redundant     glue   trail      remaining
c          level       rate          size/glue  tier1 irredundant
c 
c u  8.78  0 15 39 9675  2 222570 14479 1.7 18 11 3 8 25% 5484 559 31%
c v  8.78  0 15 39 9675  2 222570 14453 1.7 18 11 3 8 25% 5484 559 31%
c w  8.78  0 15 39 9675  2 222570 14436 1.7 18 11 3 8 25% 5484 559 31%
c #  9.17  0 15 39 10806  2 231038 20856 1.6 18 11 3 8 25% 5484 559 31%
c -  9.31  0 15 40 11122  2 234364 15600 1.6 18 11 3 8 24% 5484 559 31%
c u  9.35  0 15 40 11122  2 234364 15481 1.6 18 11 3 8 24% 5484 559 31%
c v  9.35  0 15 40 11122  2 234364 15446 1.6 18 11 3 8 24% 5484 559 31%
c w  9.35  0 15 40 11122  2 234364 15436 1.6 18 11 3 8 24% 5484 559 31%
c }  9.62  0 15 40 11697  2 241286 21380 1.6 18 11 3 8 24% 5484 559 31%
c [  9.62  0 13 40 11697  1 241286 21380 1.5 16 11 2 6 28% 5484 559 31%
c -  9.87  0 13 41 11701  1 246466 16258 1.5 16 11 2 6 28% 5484 559 31%
c u  9.89  0 13 41 11701  1 246466 16110 1.5 16 11 2 6 28% 5484 559 31%
c v  9.89  0 13 41 11701  1 246466 16077 1.5 16 11 2 6 28% 5484 559 31%
c w  9.89  0 13 41 11701  1 246466 16065 1.5 16 11 2 6 28% 5484 559 31%
c I 10.16  0 12 41 11702  1 253041 19643 1.5 16 10 2 6 27% 5484 559 31%
c - 10.42  0 12 42 11702  1 258877 16586 1.5 16 10 2 6 27% 5484 559 31%
c u 10.44  0 12 42 11702  1 258877 16444 1.5 16 10 2 6 27% 5484 559 31%
c v 10.44  0 12 42 11702  1 258877 16424 1.5 16 10 2 6 27% 5484 559 31%
c w 10.44  0 12 42 11702  1 258877 16415 1.5 16 10 2 6 27% 5484 559 31%
c - 11.09  0 12 43 11710  1 271596 16916 1.5 16 10 2 5 27% 5484 559 31%
c 
c  seconds  reductions    conflicts         size   tier2     variables
c         MB      restarts       redundant     glue   trail      remaining
c          level        rate          size/glue  tier1 irredundant
c 
c u 11.11  0 12 43 11710  1 271596 16678 1.5 16 10 2 5 27% 5484 559 31%
c v 11.11  0 12 43 11710  1 271596 16642 1.5 16 10 2 5 27% 5484 559 31%
c w 11.12  0 12 43 11710  1 271596 16569 1.5 16 10 2 5 27% 5484 559 31%
c ] 11.15  0 12 43 11710  1 272320 16990 1.5 16 10 2 5 27% 5484 559 31%
c { 11.15  0 15 43 11710  2 272320 16990 1.6 18 11 3 8 24% 5484 559 31%
c B 11.33  0 15 43 12141  2 276043 19490 1.6 18 11 3 8 24% 5484 559 31%
c - 11.69  0 15 44 12224  2 284626 17128 1.6 18 11 3 8 24% 5484 559 31%
c u 11.70  0 15 44 12224  2 284626 17074 1.6 18 11 3 8 24% 5484 559 31%
c v 11.71  0 15 44 12224  2 284626 17033 1.6 18 11 3 8 24% 5484 559 31%
c w 11.71  0 15 44 12224  2 284626 17019 1.6 18 11 3 8 24% 5484 559 31%
c - 12.32  0 14 45 12776  2 297963 17795 1.6 17 11 3 8 24% 5484 559 31%
c u 12.33  0 14 45 12776  2 297963 17674 1.6 17 11 3 8 24% 5484 559 31%
c v 12.34  0 14 45 12776  2 297963 17641 1.6 17 11 3 8 24% 5484 559 31%
c w 12.34  0 14 45 12776  2 297963 17633 1.6 17 11 3 8 24% 5484 559 31%
c W 12.57  0 14 45 12847  2 300045 18930 1.6 17 11 3 8 24% 5484 559 31%
c - 13.09  0 14 46 13447  2 311609 19470 1.6 17 11 3 8 24% 5484 559 31%
c u 13.11  0 14 46 13447  2 311609 19371 1.6 17 11 3 8 24% 5484 559 31%
c v 13.12  0 14 46 13447  2 311609 19336 1.6 17 11 3 8 24% 5484 559 31%
c w 13.12  0 14 46 13447  2 311609 19329 1.6 17 11 3 8 24% 5484 559 31%
c } 13.12  0 14 46 13454  2 311658 19363 1.6 17 11 3 8 24% 5484 559 31%
c 
c  seconds  reductions    conflicts         size   tier2     variables
c         MB      restarts       redundant     glue   trail      remaining
c          level        rate          size/glue  tier1 irredundant
c 
c [ 13.12  0 12 46 13454  1 311658 19363 1.5 16 10 2 5 27% 5484 559 31%
c B 13.83  0 12 46 13461  1 325047 26253 1.5 15 10 2 5 27% 5484 559 31%
c - 13.86  0 12 47 13461  1 325564 19616 1.5 15 10 2 5 27% 5484 559 31%
c u 13.88  0 12 47 13461  1 325564 19370 1.5 15 10 2 5 27% 5484 559 31%
c v 13.89  0 12 47 13461  1 325564 19312 1.5 15 10 2 5 27% 5484 559 31%
c w 13.89  0 12 47 13461  1 325564 19293 1.5 15 10 2 5 27% 5484 559 31%
c - 14.62  0 12 48 13462  1 339829 19703 1.5 15 10 2 5 27% 5484 559 31%
c u 14.64  0 12 48 13462  1 339829 19503 1.5 15 10 2 5 27% 5484 559 31%
c v 14.64  0 12 48 13462  1 339829 19449 1.5 15 10 2 5 27% 5484 559 31%
c w 14.64  0 12 48 13462  1 339829 19432 1.5 15 10 2 5 27% 5484 559 31%
c ] 15.00  0 12 48 13462  1 346904 23302 1.5 15 10 2 5 26% 5484 559 31%
c { 15.00  0 14 48 13462  2 346904 23302 1.6 17 11 3 8 24% 5484 559 31%
c F 15.20  0 14 48 13526  2 351048 25733 1.6 17 11 3 8 24% 5484 559 31%
c - 15.41  0 14 49 14197  2 354402 20177 1.6 17 11 3 8 24% 5484 559 31%
c u 15.47  0 14 49 14197  2 354402 19927 1.6 17 11 3 8 24% 5484 559 31%
c v 15.48  0 14 49 14197  2 354402 19863 1.6 17 11 3 8 24% 5484 559 31%
c w 15.48  0 14 49 14197  2 354402 19847 1.6 17 11 3 8 24% 5484 559 31%
c - 16.14  0 14 50 14363  2 369284 21400 1.6 17 10 3 8 24% 5484 559 31%
c u 16.16  0 14 50 14363  2 369284 21357 1.6 17 10 3 8 24% 5484 559 31%
c v 16.16  0 14 50 14363  2 369284 21327 1.6 17 10 3 8 24% 5484 559 31%
c 
c  seconds  reductions    conflicts         size   tier2     variables
c         MB      restarts       redundant     glue   trail      remaining
c          level        rate          size/glue  tier1 irredundant
c 
c w 16.16  0 14 50 14363  2 369284 21316 1.6 17 10 3 8 24% 5484 559 31%
c x 16.17  0 14 50 14363  2 369284 21315 1.6 17 10 3 8 24% 5484 559 31%
c s 16.31  0 14 50 14363  2 369284 18967 1.6 17 10 3 8 24% 5476 559 31%
c e 16.31  0 14 50 14363  2 369284 18967 1.6 17 10 3 8 24% 5480 558 31%
c s 16.46  0 14 50 14363  2 369284 18592 1.6 17 10 3 8 24% 5480 558 31%
c ^ 16.46  0 14 50 14363  2 369284 18592 1.6 17 10 3 8 24% 5480 558 31%
c B 16.89  0 14 50 15083  2 378049 24974 1.6 17 11 3 8 24% 5480 558 31%
c - 17.22  0 13 51 15549  2 384476 21751 1.6 17 10 3 8 24% 5480 558 31%
c u 17.24  0 13 51 15549  2 384476 21677 1.6 17 10 3 8 24% 5480 558 31%
c v 17.25  0 13 51 15549  2 384476 21614 1.6 17 10 3 8 24% 5480 558 31%
c w 17.25  0 13 51 15549  2 384476 21597 1.6 17 10 3 8 24% 5480 558 31%
c } 17.51  0 13 51 15549  2 390020 24656 1.6 16 10 3 8 24% 5480 558 31%
c [ 17.51  0 12 51 15549  1 390020 24656 1.5 15 10 2 5 26% 5480 558 31%
c - 18.09  0 11 52 15550  1 399977 22969 1.5 15 10 2 4 26% 5480 558 31%
c u 18.12  0 11 52 15550  1 399977 22880 1.5 15 10 2 4 26% 5480 558 31%
c v 18.12  0 11 52 15550  1 399977 22841 1.5 15 10 2 4 26% 5480 558 31%
c w 18.13  0 11 52 15550  1 399977 22815 1.5 15 10 2 4 26% 5480 558 31%
c W 18.60  0 11 52 15550  1 406051 26224 1.5 15 10 2 4 26% 5480 558 31%
c - 19.19  0 11 53 15550  1 415787 23817 1.5 15 10 2 4 26% 5480 558 31%
c u 19.21  0 11 53 15550  1 415787 23716 1.5 15 10 2 4 26% 5480 558 31%
c 
c  seconds  reductions    conflicts         size   tier2     variables
c         MB      restarts       redundant     glue   trail      remaining
c          level        rate          size/glue  tier1 irredundant
c 
c v 19.21  0 11 53 15550  1 415787 23670 1.5 15 10 2 4 26% 5480 558 31%
c w 19.22  0 11 53 15550  1 415787 23650 1.5 15 10 2 4 26% 5480 558 31%
c s 19.80  0 11 53 15550  1 422018 24424 1.6 15 10 2 4 26% 5480 558 31%
c e 19.82  0 11 53 15550  1 422018 7821 1.6 15 10 2 4 26% 8680 356 20%
c s 19.89  0 11 53 15550  1 422018 7530 1.6 15 10 2 4 26% 8679 356 20%
c - 20.15  0 11 54 15556  1 431908 8850 1.5 15 10 2 4 33% 8679 356 20%
c u 20.16  0 11 54 15556  1 431908 8780 1.5 15 10 2 4 33% 8679 356 20%
c v 20.16  0 11 54 15556  1 431908 8727 1.5 15 10 2 4 33% 8679 356 20%
c w 20.17  0 11 54 15556  1 431908 8709 1.5 15 10 2 4 33% 8679 356 20%
c ] 20.18  0 11 54 15556  1 432414 8990 1.5 15 10 2 4 33% 8679 356 20%
c { 20.18  0 13 54 15556  2 432414 8990 1.6 16 10 3 8 44% 8679 356 20%
c W 20.29  0 13 54 15842  2 435053 10704 1.6 16 10 3 8 43% 8679 356 20%
c - 20.72  0 13 55 17397  2 448337 13330 1.6 17 11 3 8 41% 8679 356 20%
c u 20.73  0 13 55 17397  2 448337 13297 1.6 17 11 3 8 41% 8679 356 20%
c v 20.74  0 13 55 17397  2 448337 13247 1.6 17 11 3 8 41% 8679 356 20%
c w 20.74  0 13 55 17397  2 448337 13231 1.6 17 11 3 8 41% 8679 356 20%
c # 21.26  0 13 55 18059  2 465055 23293 1.6 16 10 2 4 40% 8679 356 20%
c - 21.27  0 13 56 18059  2 465076 9908 1.6 16 10 2 4 40% 8679 356 20%
c u 21.29  0 13 56 18059  2 465076 9787 1.6 16 10 2 4 40% 8679 356 20%
c v 21.29  0 13 56 18059  2 465076 9735 1.6 16 10 2 4 40% 8679 356 20%
c 
c  seconds  reductions    conflicts        size   tier2     variables
c         MB      restarts      redundant     glue   trail      remaining
c          level        rate         size/glue  tier1 irredundant
c 
c w 21.29  0 13 56 18059  2 465076 9735 1.6 16 10 2 4 40% 8679 356 20%
c - 21.85  0 13 57 20322  2 482127 9865 1.5 16 10 2 4 38% 8679 356 20%
c u 21.86  0 13 57 20322  2 482127 9757 1.5 16 10 2 4 38% 8679 356 20%
c v 21.87  0 13 57 20322  2 482127 9702 1.5 16 10 2 4 38% 8679 356 20%
c B 22.27  0 13 57 20802  2 496056 16889 1.5 16 10 2 4 38% 8679 356 20%
c - 22.41  0 13 58 21359  2 499486 9779 1.5 16 10 2 4 37% 8679 356 20%
c u 22.42  0 13 58 21359  2 499486 9744 1.5 16 10 2 4 37% 8679 356 20%
c v 22.42  0 13 58 21359  2 499486 9688 1.5 16 10 2 4 37% 8679 356 20%
c w 22.42  0 13 58 21359  2 499486 9688 1.5 16 10 2 4 37% 8679 356 20%
c - 22.95  0 12 59 21841  1 517156 10480 1.5 15 10 2 4 37% 8679 356 20%
c u 22.98  0 12 59 21841  1 517156 10413 1.5 15 10 2 4 37% 8679 356 20%
c v 22.99  0 12 59 21841  1 517156 10378 1.5 15 10 2 4 37% 8679 356 20%
c w 22.99  0 12 59 21841  1 517156 10377 1.5 15 10 2 4 37% 8679 356 20%
c x 22.99  0 12 59 21841  1 517156 10376 1.5 15 10 2 4 37% 8679 356 20%
c s 23.05  0 12 59 21841  1 517156 9164 1.5 15 10 2 4 37% 8656 356 20%
c s 23.11  0 12 59 21841  1 517156 9070 1.5 15 10 2 4 37% 8650 356 20%
c } 23.14  0 12 59 21970  1 518002 9605 1.5 15 10 2 4 37% 8650 356 20%
c [ 23.14  0 11 59 21970  1 518002 9605 1.5 15 10 2 4 33% 8650 356 20%
c O 23.44  0 11 59 21976  1 528058 16193 1.6 15 10 2 4 33% 8650 356 20%
c - 23.68  0 11 60 21979  1 535135 10605 1.6 15 10 2 4 33% 8650 356 20%
c 
c  seconds  reductions    conflicts         size   tier2     variables
c         MB      restarts       redundant     glue   trail      remaining
c          level        rate          size/glue  tier1 irredundant
c 
c u 23.69  0 11 60 21979  1 535135 10446 1.6 15 10 2 4 33% 8650 356 20%
c v 23.70  0 11 60 21979  1 535135 10409 1.6 15 10 2 4 33% 8650 356 20%
c w 23.70  0 11 60 21979  1 535135 10409 1.6 15 10 2 4 33% 8650 356 20%
c - 24.36  0 11 61 21986  1 553423 10113 1.6 15 10 2 4 34% 8650 356 20%
c u 24.38  0 11 61 21986  1 553423 10003 1.6 15 10 2 4 34% 8650 356 20%
c v 24.38  0 11 61 21986  1 553423 9914 1.6 15 10 2 4 34% 8650 356 20%
c B 24.64  0 11 61 21990  1 561059 14431 1.6 15 10 2 4 34% 8650 356 20%
c - 25.07  0 11 62 21994  1 572022 10053 1.6 15 10 2 4 34% 8650 356 20%
c u 25.08  0 11 62 21994  1 572022 9981 1.6 15 10 2 4 34% 8650 356 20%
c v 25.09  0 11 62 21994  1 572022 9880 1.6 15 10 2 4 34% 8650 356 20%
c - 25.76  0 11 63 21995  1 590931 10297 1.6 15 9 2 4 34% 8650 356 20%
c u 25.77  0 11 63 21995  1 590931 10169 1.6 15 9 2 4 34% 8650 356 20%
c v 25.77  0 11 63 21995  1 590931 10085 1.6 15 9 2 4 34% 8650 356 20%
c ] 25.89  0 11 63 21996  1 594068 11714 1.6 15 9 2 4 34% 8650 356 20%
c { 25.89  0 12 63 21996  1 594068 11714 1.5 15 10 2 4 37% 8650 356 20%
c W 26.13  0 12 63 22254  1 595062 12426 1.5 15 10 2 4 37% 8650 356 20%
c - 26.62  0 12 64 22832  1 610149 11377 1.5 15 10 2 4 36% 8650 356 20%
c u 26.63  0 12 64 22832  1 610149 11258 1.5 15 10 2 4 36% 8650 356 20%
c v 26.64  0 12 64 22832  1 610149 11179 1.5 15 10 2 4 36% 8650 356 20%
c w 26.64  0 12 64 22832  1 610149 11179 1.5 15 10 2 4 36% 8650 356 20%
c 
c  seconds  reductions    conflicts         size   tier2     variables
c         MB      restarts       redundant     glue   trail      remaining
c          level        rate          size/glue  tier1 irredundant
c 
c - 27.26  0 12 65 23428  1 629677 11807 1.5 15 10 2 4 35% 8650 356 20%
c u 27.28  0 12 65 23428  1 629677 11706 1.5 15 10 2 4 35% 8650 356 20%
c v 27.28  0 12 65 23428  1 629677 11649 1.5 15 10 2 4 35% 8650 356 20%
c w 27.28  0 12 65 23428  1 629677 11649 1.5 15 10 2 4 35% 8650 356 20%
c F 27.30  0 12 65 23523  1 630064 11943 1.5 15 10 2 4 35% 8650 356 20%
c - 27.90  0 12 66 24132  1 649515 12190 1.5 15 10 2 4 35% 8650 356 20%
c u 27.92  0 12 66 24132  1 649515 12118 1.5 15 10 2 4 35% 8650 356 20%
c v 27.92  0 12 66 24132  1 649515 12054 1.5 15 10 2 4 35% 8650 356 20%
c B 28.43  0 11 66 24202  1 666070 20365 1.5 14 9 2 4 34% 8650 356 20%
c - 28.58  0 11 67 24700  1 669664 12558 1.5 14 9 2 4 34% 8650 356 20%
c u 28.60  0 11 67 24700  1 669664 12510 1.5 14 9 2 4 34% 8650 356 20%
c v 28.60  0 11 67 24700  1 669664 12423 1.5 14 9 2 4 34% 8650 356 20%
c w 28.60  0 11 67 24700  1 669664 12423 1.5 14 9 2 4 34% 8650 356 20%
c } 29.25  0 11 67 26130  1 688855 22969 1.5 14 9 2 4 34% 8650 356 20%
c [ 29.25  0 11 67 26130  1 688855 22969 1.6 15 9 2 4 34% 8650 356 20%
c - 29.31  0 11 68 26131  1 690122 13467 1.6 15 9 2 4 34% 8650 356 20%
c u 29.33  0 11 68 26131  1 690122 13288 1.6 15 9 2 4 34% 8650 356 20%
c v 29.33  0 11 68 26131  1 690122 13215 1.6 15 9 2 4 34% 8650 356 20%
c W 30.00  0 11 68 26139  1 703071 19693 1.6 15 9 2 4 34% 8650 356 20%
c - 30.32  0 11 69 26143  1 710891 13239 1.6 15 9 2 4 34% 8650 356 20%
c 
c  seconds  reductions    conflicts         size  tier2     variables
c         MB      restarts       redundant     glue  trail      remaining
c          level        rate          size/glue tier1 irredundant
c 
c u 30.33  0 11 69 26143  1 710891 13111 1.6 15 9 2 4 34% 8650 356 20%
c v 30.34  0 11 69 26143  1 710891 13037 1.6 15 9 2 4 34% 8650 356 20%
c x 30.34  0 11 69 26143  1 710891 13036 1.6 15 9 2 4 34% 8626 356 20%
c s 30.43  0 11 69 26143  1 710891 11760 1.6 15 9 2 4 34% 8612 356 20%
c s 30.51  0 11 69 26143  1 710891 11568 1.6 15 9 2 4 34% 8593 356 20%
c - 31.28  0 11 70 26151  1 731969 12457 1.6 15 9 2 4 34% 8593 356 20%
c u 31.33  0 11 70 26151  1 731969 12287 1.6 15 9 2 4 34% 8593 356 20%
c v 31.34  0 11 70 26151  1 731969 12201 1.6 15 9 2 4 34% 8593 356 20%
c w 31.34  0 11 70 26151  1 731969 12201 1.6 15 9 2 4 34% 8593 356 20%
c I 31.66  0 11 70 26157  1 741074 16413 1.6 15 9 2 4 34% 8593 356 20%
c - 32.18  0 11 71 26159  1 753359 12923 1.6 14 9 2 4 34% 8593 356 20%
c u 32.20  0 11 71 26159  1 753359 12807 1.6 14 9 2 4 34% 8593 356 20%
c v 32.21  0 11 71 26159  1 753359 12691 1.6 14 9 2 4 34% 8593 356 20%
c ] 32.83  0 10 71 26160  1 767541 18935 1.6 14 9 2 4 34% 8593 356 20%
c { 32.83  0 11 71 26160  1 767541 18935 1.5 14 9 2 4 34% 8593 356 20%
c i 32.96  0 11 71 26160  1 770706 20264 1.5 14 9 2 4 34% 8593 355 20%
c - 33.14  0 11 72 26160  1 775059 9863 1.5 14 9 2 4 34% 8068 355 20%
c p 33.14  0 11 72 26160  1 775059 9864 1.5 14 9 2 4 34% 8068 355 20%
c u 33.16  0 11 72 26160  1 775059 9582 1.5 14 9 2 4 34% 8068 355 20%
c v 33.17  0 11 72 26160  1 775059 9178 1.5 14 9 2 4 34% 8068 355 20%
c 
c  seconds  reductions    conflicts        size  tier2     variables
c         MB      restarts      redundant     glue  trail      remaining
c          level        rate         size/glue tier1 irredundant
c 
c t 33.17  0 11 72 26160  1 775059 9154 1.5 14 9 2 4 34% 8068 355 20%
c i 33.18  0 11 72 26160  1 775490 9258 1.5 14 9 2 4 34% 8068 354 20%
c i 33.26  0 11 72 26160  1 778144 10399 1.5 14 9 2 4 34% 8068 353 20%
c i 33.30  0 11 72 26160  1 779211 10923 1.5 14 9 2 4 34% 8068 351 20%
c W 33.46  0 11 72 26160  1 780075 7634 1.5 14 9 2 4 34% 6810 351 20%
c i 33.49  0 11 72 26160  1 780891 7943 1.5 14 9 2 4 34% 6810 348 19%
c i 33.51  0 11 72 26160  1 781534 8231 1.5 14 9 2 4 34% 6810 347 19%
c i 33.51  0 11 72 26160  1 781881 8382 1.5 14 9 2 4 34% 6810 346 19%
c i 33.52  0 11 72 26160  1 782002 8429 1.5 14 9 2 4 34% 6810 344 19%
c i 33.52  0 11 72 26160  1 782120 8468 1.5 14 9 2 4 34% 6810 341 19%
c i 33.52  0 11 72 26160  1 782155 8479 1.5 14 9 2 4 34% 6810 340 19%
c i 33.52  0 11 72 26160  1 782162 8482 1.5 14 9 2 4 34% 6810 332 19%
c i 33.53  0 11 72 26160  1 782190 8491 1.5 14 9 2 4 34% 6810 322 18%
c } 33.53  0 11 72 26160  1 782200 8498 1.5 14 9 2 4 34% 6810 304 17%
c 0 33.53  0 11 72 26160  1 782200 8498 1.5 14 9 2 4 34% 6810 304 17%
c 
c --- [ closing proof ] ------------------------------------------------------
c 
c DRAT proof file 'residual_1_2.drat' closed
c DRAT 823443 added clauses 50.25%
c DRAT 815171 deleted clauses 49.75%
c DRAT 94846264 bytes (90.45 MB)
c 
c --- [ result ] -------------------------------------------------------------
c 
s UNSATISFIABLE
c 
c --- [ run-time profiling ] -------------------------------------------------
c 
c process time taken by individual solving procedures
c (percentage relative to process time for solving)
c 
c        30.92   92.23% search
c        15.12   45.11% unstable
c        14.78   44.10% stable
c         2.61    7.77% simplify
c         1.25    3.72% subsume
c         1.01    3.01% walk
c         0.98    2.91% vivify
c         0.20    0.59% sweep
c         0.06    0.16% elim
c         0.04    0.12% congruence
c         0.03    0.10% ternary
c         0.01    0.02% probe
c         0.01    0.02% backbone
c         0.00    0.01% parse
c         0.00    0.00% lucky
c   =================================
c        33.52   99.99% solve
c 
c last line shows process time for solving
c (percentage relative to total process time)
c 
c --- [ statistics ] ---------------------------------------------------------
c 
c chronological:             53323         6.82 %  of conflicts
c conflicts:                782200     23333.77    per second
c backbone:                 223504     12514.22 %  of vars
c decisions:                997962     29770.16    per second
c eliminated:                 1059        59.29 %  of all variables
c fixed:                        52         2.91 %  of all variables
c learned:                  765741        97.90 %  per conflict
c learned_lits:           17857727       100.00 %  learned literals
c minimized:                     0         0.00 %  learned literals
c shrunken:                5310612        29.74 %  learned literals
c minishrunken:             833528         4.67 %  learned literals
c otfs:                      11082         1.42 %  of conflict
c propagations:           39467208         1.18 M  per second
c reduced:                  411506        52.61 %  per conflict
c rephased:                     39     20056.41    interval
c restarts:                  26160        29.90    interval
c stabilizing:                  12        45.96 %  of conflicts
c substituted:                 371        20.77 %  of all variables
c subsumed:                 305493        38.60 %  of all clauses
c strengthened:              32623         4.12 %  of all clauses
c ticks:                1084285532        27.80    propagation
c vivified:                   5385         0.68 %  of all clauses
c walked:                       12     65183.33    interval
c weakened:                   5914         3.19    average size
c congruence:                   12     65183.33    interval
c 
c seconds are measured in process time for solving
c 
c --- [ glue usage ] ---------------------------------------------------------
c 
c focused glue 2 used 417907 clauses 17.08% accumulated 56.37% tier1
c focused glue 3 used 310184 clauses 12.68% accumulated 69.05%
c focused glue 4 used 182634 clauses 7.467% accumulated 76.52% tier2
c 
c stable glue 2 used 428288 clauses 17.63% accumulated 58.13% tier1
c stable glue 3 used 291563 clauses 12.00% accumulated 70.13%
c stable glue 4 used 171305 clauses 7.054% accumulated 77.19% tier2
c 
c 
c --- [ resources ] ----------------------------------------------------------
c 
c total process time since initialization:        33.53    seconds
c total real time since initialization:           95.58    seconds
c maximum resident set size of process:           34.86    MB
c 
c --- [ shutting down ] ------------------------------------------------------
c 
c exit 20
