c --- [ banner ] -------------------------------------------------------------
c 
c CaDiCaL SAT Solver
c Copyright (c) 2016-2026
c A. Biere, M. Fleury, N. Froleyks, K. Fazekas, F. Pollitt, T. Faller
c JKU Linz, University of Freiburg, TU Wien
c 
c Version 3.0.1
c Apple clang version 21.0.0 (clang-2100.0.123.102) -Wall -Wextra -O3 -DNDEBUG -DNCLOSEFROM
c Sun Jul 19 15:40:55 UTC 2026 Darwin Tahoe-arm64.local 25.4.0 arm64
c 
c --- [ proof tracing ] ------------------------------------------------------
c 
c opening file to write 'residual_2_5.drat'
c writing non-binary proof trace to 'residual_2_5.drat'
c 
c --- [ parsing input ] ------------------------------------------------------
c 
c reading DIMACS file from 'residual_2_5.cnf'
c opening file to read 'residual_2_5.cnf'
c found 'p cnf 1792 7113' header
c parsed 7113 clauses in 0.00 seconds process time
c 
c --- [ options ] ------------------------------------------------------------
c 
c   --binary=false                 (different from default 'true')
c 
c --- [ solving ] ------------------------------------------------------------
c 
c time measured in process time since initialization
c 
c  seconds  reduction conflicts       size tier2     variables
c         MB    restarts   redundant    glue  trail       remaining
c          level     rate       size/glu tier1 irredundant
c 
c *  0.00  0  0 0   0  0    0    0 0.0 0 0 2 6  0% 7113 1792 100%
c )  0.00  0  0 0   0  0    0    0 0.0 0 0 2 6  0% 7113 1792 100%
c {  0.00  0  0 0   0  0    0    0 0.0 0 0 2 6  0% 7113 1792 100%
c -  0.01  0 21 1  47  5  300  148 1.5 13 9 2 6 18% 7113 1792 100%
c -  0.02  0 19 2 106  4  733  300 1.6 14 9 2 6 18% 7113 1792 100%
c }  0.02  0 19 2 109  3 1003  510 1.7 14 9 2 6 19% 7113 1792 100%
c [  0.02  0  0 2 109  0 1003  510 0.0 0 0 2 6  0% 7113 1792 100%
c O  0.02  0 24 2 109 25 1004  511 2.0 8 4 2 6 72% 7113 1792 100%
c -  0.03  0 21 3 109  1 1409  631 3.4 15 4 2 6 73% 7113 1792 100%
c d  0.04  0 21 3 109  1 1485  679 3.3 16 5 2 6 72% 7113 1784 100%
c c  0.05  0 21 3 109  1 1485  679 3.3 16 5 2 6 72% 6273 1784 100%
c ]  0.06  0 25 3 109  1 1763  873 2.2 17 8 2 6 53% 5465 1380 77%
c {  0.06  0 19 3 109  3 1763  873 1.7 14 9 2 6 19% 5465 1380 77%
c -  0.08  0 19 4 198  3 2350  810 1.6 15 9 2 6 16% 5465 1380 77%
c O  0.09  0 19 4 198  3 3006 1410 1.9 16 9 2 6 22% 5465 1380 77%
c -  0.10  0 19 5 295  3 3562 1045 1.8 16 9 2 6 21% 5465 1380 77%
c s  0.12  0 19 5 385  3 3978 1372 1.7 17 10 2 6 21% 5465 1380 77%
c e  0.13  0 19 5 385  3 3978  192 1.7 17 10 2 6 21% 4940 626 35%
c s  0.13  0 19 5 385  3 3978  192 1.7 17 10 2 6 21% 4940 626 35%
c -  0.15  0 19 6 449  3 5055  743 1.8 17 10 4 9 17% 4940 626 35%
c 
c  seconds  reduction conflicts       size  tier2     variables
c         MB    restarts   redundant     glue  trail      remaining
c          level     rate       size/glue tier1 irredundant
c 
c #  0.16  0 18 6 449  3 6007 1567 1.9 18 9 4 9 16% 4940 626 35%
c u  0.18  0 18 6 505  3 6589 1972 1.9 17 9 4 8 19% 4940 626 35%
c v  0.18  0 18 6 505  3 6589 1945 1.9 17 9 4 8 19% 4940 626 35%
c w  0.18  0 18 6 505  3 6589 1933 1.9 17 9 4 8 19% 4940 626 35%
c x  0.18  0 18 6 505  3 6589 1933 1.9 17 9 4 8 19% 4936 626 35%
c }  0.19  0 18 6 546  3 6787 2090 1.9 17 9 4 8 19% 4936 626 35%
c [  0.19  0 25 6 546  1 6787 2090 2.2 17 8 2 6 151% 4936 626 35%
c -  0.19  0 24 7 546  1 6832 1491 2.1 17 8 2 6 144% 4936 626 35%
c -  0.23  0 18 8 548  1 8899 1781 1.6 17 11 4 10 55% 4936 626 35%
c I  0.26  0 17 8 548  1 10009 2384 1.5 17 11 3 9 45% 4936 626 35%
c -  0.28  0 17 9 549  1 11258 1803 1.5 17 11 3 9 40% 4936 626 35%
c ]  0.31  0 16 9 550  1 12614 2617 1.5 16 11 3 9 36% 4936 626 35%
c {  0.31  0 18 9 550  3 12614 2617 1.9 17 9 4 8 19% 4936 626 35%
c -  0.33  0 18 10 688  3 13910 2404 1.8 17 9 4 8 20% 4936 626 35%
c u  0.36  0 18 10 773  3 14936 3169 1.8 17 9 4 8 20% 4936 626 35%
c v  0.36  0 18 10 773  3 14936 3137 1.8 17 9 4 8 20% 4936 626 35%
c w  0.36  0 18 10 773  3 14936 3125 1.8 17 9 4 8 20% 4936 626 35%
c B  0.36  0 18 10 774  3 15011 3176 1.8 17 9 4 8 20% 4936 626 35%
c s  0.38  0 18 10 813  3 15901 3830 1.8 17 9 4 8 21% 4936 626 35%
c s  0.39  0 18 10 813  3 15901 3780 1.8 17 9 4 8 21% 4936 626 35%
c 
c  seconds  reductions  conflicts       size  tier2     variables
c         MB     restarts    redundant     glue  trail      remaining
c          level      rate        size/glue tier1 irredundant
c 
c ^  0.39  0 18 10 813  3 15901 3780 1.8 17 9 4 8 21% 4936 626 35%
c -  0.41  0 18 11 857  3 16858 3361 1.8 17 9 4 8 22% 4936 626 35%
c -  0.47  0 18 12 992  2 20104 4515 1.8 17 9 4 8 22% 4936 626 35%
c W  0.50  0 17 12 1023  2 21013 5293 1.8 17 9 4 8 22% 4936 626 35%
c -  0.56  0 17 13 1183  2 23649 4338 1.8 17 9 2 5 22% 4936 626 35%
c u  0.57  0 17 13 1189  2 23963 4582 1.8 17 9 2 5 22% 4936 626 35%
c v  0.57  0 17 13 1189  2 23963 4568 1.8 17 9 2 5 22% 4936 626 35%
c w  0.57  0 17 13 1189  2 23963 4567 1.8 17 9 2 5 22% 4936 626 35%
c }  0.58  0 17 13 1189  2 24001 4596 1.8 17 9 2 5 22% 4936 626 35%
c [  0.58  0 16 13 1189  1 24001 4596 1.5 16 11 3 9 36% 4936 626 35%
c -  0.67  0 15 14 1191  1 27494 4405 1.7 17 10 3 9 33% 4936 626 35%
c B  0.69  0 15 14 1191  1 28014 4767 1.6 17 11 3 9 32% 4936 626 35%
c -  0.78  0 14 15 1193  1 31641 4072 1.6 17 11 3 9 31% 4936 626 35%
c u  0.79  0 14 15 1193  1 31641 3932 1.6 17 11 3 9 31% 4936 626 35%
c v  0.79  0 14 15 1193  1 31641 3904 1.6 17 11 3 9 31% 4936 626 35%
c ]  0.82  0 14 15 1194  1 32824 4662 1.6 17 11 3 9 31% 4936 626 35%
c {  0.82  0 17 15 1194  2 32824 4662 1.8 17 9 2 5 22% 4936 626 35%
c s  0.85  0 17 15 1325  2 33777 5338 1.8 17 9 2 5 22% 4936 626 35%
c s  0.86  0 17 15 1325  2 33777 5281 1.8 17 9 2 5 22% 4936 626 35%
c ^  0.86  0 17 15 1325  2 33777 5281 1.8 17 9 2 5 22% 4936 626 35%
c 
c  seconds  reductions   conflicts       size   tier2     variables
c         MB     restarts     redundant     glue   trail      remaining
c          level       rate        size/glue  tier1 irredundant
c 
c F  0.92  0 17 15 1697  2 36015 7232 1.7 17 10 2 5 22% 4936 626 35%
c -  0.93  0 17 16 1697  2 36087 4384 1.7 17 10 2 5 22% 4936 626 35%
c -  1.04  0 17 17 1932  2 40836 4939 1.8 17 10 2 4 24% 4936 626 35%
c u  1.05  0 17 17 1932  2 40836 4836 1.8 17 10 2 4 24% 4936 626 35%
c v  1.05  0 17 17 1932  2 40836 4783 1.8 17 10 2 4 24% 4936 626 35%
c w  1.05  0 17 17 1932  2 40836 4782 1.8 17 10 2 4 24% 4936 626 35%
c B  1.17  0 17 17 2425  2 45016 8512 1.8 17 10 2 4 24% 4936 626 35%
c -  1.20  0 17 18 2518  2 45887 5303 1.8 17 10 2 4 24% 4936 626 35%
c u  1.20  0 17 18 2518  2 45887 5275 1.8 17 10 2 4 24% 4936 626 35%
c v  1.20  0 17 18 2518  2 45887 5264 1.8 17 10 2 4 24% 4936 626 35%
c }  1.21  0 17 18 2556  2 46129 5481 1.8 17 10 2 4 24% 4936 626 35%
c [  1.21  0 14 18 2556  1 46129 5481 1.6 17 11 3 9 31% 4936 626 35%
c -  1.36  0 14 19 2559  1 51242 5486 1.8 18 10 3 9 30% 4936 626 35%
c W  1.49  0 14 19 2560  1 55017 8087 1.8 18 10 3 9 29% 4936 626 35%
c -  1.55  0 14 20 2561  1 56903 5088 1.7 18 10 3 9 29% 4936 626 35%
c u  1.56  0 14 20 2561  1 56903 4950 1.7 18 10 3 9 29% 4936 626 35%
c v  1.56  0 14 20 2561  1 56903 4908 1.7 18 10 3 9 29% 4936 626 35%
c w  1.56  0 14 20 2561  1 56903 4908 1.7 18 10 3 9 29% 4936 626 35%
c s  1.59  0 13 20 2561  1 57612 5173 1.7 18 10 3 9 29% 4936 626 35%
c s  1.60  0 13 20 2561  1 57612 5137 1.7 18 10 3 9 29% 4936 626 35%
c 
c  seconds  reductions   conflicts       size   tier2     variables
c         MB     restarts     redundant     glue   trail      remaining
c          level       rate        size/glue  tier1 irredundant
c 
c ^  1.60  0 13 20 2561  1 57612 5137 1.7 18 10 3 9 29% 4936 626 35%
c ]  1.69  0 13 20 2561  1 60820 6956 1.7 17 10 3 9 29% 4936 626 35%
c {  1.69  0 17 20 2561  2 60820 6956 1.8 17 10 2 4 24% 4936 626 35%
c -  1.75  0 16 21 2583  2 62866 4876 1.8 17 10 2 4 24% 4936 626 35%
c u  1.75  0 16 21 2583  2 62866 4796 1.8 17 10 2 4 24% 4936 626 35%
c v  1.75  0 16 21 2583  2 62866 4773 1.8 17 10 2 4 24% 4936 626 35%
c w  1.75  0 16 21 2583  2 62866 4773 1.8 17 10 2 4 24% 4936 626 35%
c W  1.84  0 16 21 2792  2 66019 7585 1.8 17 10 2 4 24% 4936 626 35%
c -  1.94  0 16 22 3108  2 69135 5965 1.8 18 10 2 4 24% 4936 626 35%
c u  1.95  0 16 22 3108  2 69135 5909 1.8 18 10 2 4 24% 4936 626 35%
c v  1.95  0 16 22 3108  2 69135 5885 1.8 18 10 2 4 24% 4936 626 35%
c w  1.95  0 16 22 3108  2 69135 5885 1.8 18 10 2 4 24% 4936 626 35%
c -  2.15  0 16 23 3531  2 75709 5993 1.8 18 10 2 3 24% 4936 626 35%
c u  2.16  0 16 23 3531  2 75709 5973 1.8 18 10 2 3 24% 4936 626 35%
c v  2.16  0 16 23 3531  2 75709 5958 1.8 18 10 2 3 24% 4936 626 35%
c w  2.16  0 16 23 3531  2 75709 5958 1.8 18 10 2 3 24% 4936 626 35%
c #  2.24  0 16 23 3919  2 78021 7982 1.8 18 10 2 3 24% 4936 626 35%
c }  2.31  0 16 23 3995  2 80528 10181 1.8 18 10 2 3 24% 4936 626 35%
c [  2.31  0 13 23 3995  1 80528 10181 1.7 17 10 3 9 29% 4936 626 35%
c -  2.38  0 13 24 3995  1 82588 6559 1.7 17 10 3 9 28% 4936 626 35%
c 
c  seconds  reductions   conflicts       size   tier2     variables
c         MB     restarts     redundant     glue   trail      remaining
c          level       rate        size/glue  tier1 irredundant
c 
c u  2.39  0 13 24 3995  1 82588 6480 1.7 17 10 3 9 28% 4936 626 35%
c v  2.39  0 13 24 3995  1 82588 6444 1.7 17 10 3 9 28% 4936 626 35%
c s  2.55  0 13 24 3998  1 87404 9125 1.7 17 10 3 9 28% 4936 626 35%
c e  2.56  0 13 24 3998  1 87404 4392 1.7 17 10 3 9 28% 5220 555 31%
c s  2.56  0 13 24 3998  1 87404 4364 1.7 17 10 3 9 28% 5220 555 31%
c -  2.61  0 13 25 3999  1 89773 3187 1.7 17 10 3 9 27% 5220 555 31%
c u  2.63  0 13 25 3999  1 89773 3089 1.7 17 10 3 9 27% 5220 555 31%
c v  2.63  0 13 25 3999  1 89773 3052 1.7 17 10 3 9 27% 5220 555 31%
c O  2.66  0 13 25 4001  1 91023 3893 1.7 17 10 3 9 27% 5220 555 31%
c -  2.82  0 13 26 4003  1 97264 3711 1.6 17 10 3 9 26% 5220 555 31%
c u  2.83  0 13 26 4003  1 97264 3641 1.6 17 10 3 9 26% 5220 555 31%
c v  2.83  0 13 26 4003  1 97264 3614 1.6 17 10 3 9 26% 5220 555 31%
c w  2.83  0 13 26 4003  1 97264 3614 1.6 17 10 3 9 26% 5220 555 31%
c ]  3.01  0 13 26 4008  1 104569 7538 1.6 16 10 3 9 26% 5220 555 31%
c {  3.01  0 16 26 4008  2 104569 7538 1.8 18 10 2 3 24% 5220 555 31%
c B  3.02  0 16 26 4008  2 105024 7815 1.8 18 10 2 3 24% 5220 555 31%
c -  3.02  0 16 27 4012  2 105060 3914 1.8 18 10 2 3 24% 5220 555 31%
c u  3.03  0 16 27 4012  2 105060 3847 1.8 18 10 2 3 24% 5220 555 31%
c v  3.03  0 16 27 4012  2 105060 3801 1.8 18 10 2 3 24% 5220 555 31%
c -  3.22  0 16 28 4086  2 113165 5203 1.8 18 10 2 3 24% 5220 555 31%
c 
c  seconds  reductions   conflicts        size   tier2     variables
c         MB     restarts      redundant     glue   trail      remaining
c          level       rate         size/glue  tier1 irredundant
c 
c u  3.22  0 16 28 4086  2 113165 5162 1.8 18 10 2 3 24% 5220 555 31%
c v  3.22  0 16 28 4086  2 113165 5134 1.8 18 10 2 3 24% 5220 555 31%
c W  3.46  0 16 28 4998  2 120025 10953 1.8 18 10 2 3 23% 5220 555 31%
c -  3.52  0 16 29 5079  2 121576 6087 1.8 18 10 2 3 23% 5220 555 31%
c u  3.53  0 16 29 5079  2 121576 5962 1.8 18 10 2 3 23% 5220 555 31%
c v  3.53  0 16 29 5079  2 121576 5909 1.8 18 10 2 3 23% 5220 555 31%
c w  3.53  0 16 29 5079  2 121576 5909 1.8 18 10 2 3 23% 5220 555 31%
c -  3.79  0 16 30 5604  2 130294 6712 1.8 17 10 2 3 23% 5220 555 31%
c u  3.80  0 16 30 5604  2 130294 6618 1.8 17 10 2 3 23% 5220 555 31%
c v  3.80  0 16 30 5604  2 130294 6576 1.8 17 10 2 3 23% 5220 555 31%
c }  3.91  0 16 30 6277  2 133466 9357 1.8 17 10 2 3 23% 5220 555 31%
c [  3.91  0 13 30 6277  1 133466 9357 1.6 16 10 3 9 26% 5220 555 31%
c B  3.99  0 13 30 6278  1 136027 11091 1.6 16 10 3 9 25% 5220 555 31%
c -  4.10  0 13 31 6279  1 139318 6820 1.6 16 10 2 3 25% 5220 555 31%
c u  4.11  0 13 31 6279  1 139318 6687 1.6 16 10 2 3 25% 5220 555 31%
c v  4.11  0 13 31 6279  1 139318 6655 1.6 16 10 2 3 25% 5220 555 31%
c w  4.11  0 13 31 6279  1 139318 6654 1.6 16 10 2 3 25% 5220 555 31%
c -  4.39  0 13 32 6280  1 148649 6393 1.6 16 10 2 3 25% 5220 555 31%
c u  4.41  0 13 32 6280  1 148649 6292 1.6 16 10 2 3 25% 5220 555 31%
c v  4.41  0 13 32 6280  1 148649 6251 1.6 16 10 2 3 25% 5220 555 31%
c 
c  seconds  reductions   conflicts        size   tier2     variables
c         MB     restarts      redundant     glue   trail      remaining
c          level       rate         size/glue  tier1 irredundant
c 
c W  4.57  0 13 32 6280  1 153029 8785 1.6 16 10 2 3 25% 5220 555 31%
c -  4.74  0 12 33 6280  1 158290 6140 1.6 16 10 2 3 25% 5220 555 31%
c u  4.75  0 12 33 6280  1 158290 6042 1.6 16 10 2 3 25% 5220 555 31%
c v  4.75  0 12 33 6280  1 158290 5981 1.6 16 10 2 3 25% 5220 555 31%
c ]  4.87  0 12 33 6280  1 162535 8403 1.6 16 10 2 3 25% 5220 555 31%
c {  4.87  0 16 33 6280  2 162535 8403 1.8 17 10 2 3 23% 5220 555 31%
c -  5.04  0 16 34 6543  2 168237 6747 1.8 17 10 2 3 23% 5220 555 31%
c u  5.04  0 16 34 6543  2 168237 6677 1.8 17 10 2 3 23% 5220 555 31%
c v  5.04  0 16 34 6543  2 168237 6662 1.8 17 10 2 3 23% 5220 555 31%
c F  5.13  0 15 34 6848  2 171031 8745 1.8 17 10 2 3 23% 5220 555 31%
c -  5.37  0 15 35 7136  2 178491 7903 1.8 18 10 2 3 23% 5220 555 31%
c u  5.37  0 15 35 7136  2 178491 7812 1.8 18 10 2 3 23% 5220 555 31%
c v  5.38  0 15 35 7136  2 178491 7782 1.8 18 10 2 3 23% 5220 555 31%
c -  5.72  0 15 36 7996  2 189053 8403 1.8 17 10 2 3 23% 5220 555 31%
c u  5.73  0 15 36 7996  2 189053 8252 1.8 17 10 2 3 23% 5220 555 31%
c v  5.74  0 15 36 7996  2 189053 8195 1.8 17 10 2 3 23% 5220 555 31%
c w  5.74  0 15 36 7996  2 189053 8194 1.8 17 10 2 3 23% 5220 555 31%
c B  5.76  0 15 36 7996  2 190032 8879 1.8 17 10 2 3 23% 5220 555 31%
c }  5.97  0 15 36 8178  2 196620 13158 1.8 17 10 2 3 23% 5220 555 31%
c [  5.97  0 12 36 8178  1 196620 13158 1.6 16 10 2 3 25% 5220 555 31%
c 
c  seconds  reductions   conflicts        size   tier2     variables
c         MB     restarts      redundant     glue   trail      remaining
c          level       rate         size/glue  tier1 irredundant
c 
c -  6.08  0 12 37 8180  1 199924 8237 1.6 16 10 2 3 25% 5220 555 31%
c u  6.09  0 12 37 8180  1 199924 8110 1.6 16 10 2 3 25% 5220 555 31%
c v  6.10  0 12 37 8180  1 199924 8041 1.6 16 10 2 3 25% 5220 555 31%
c w  6.10  0 12 37 8180  1 199924 8039 1.6 16 10 2 3 25% 5220 555 31%
c I  6.42  0 12 37 8185  1 210034 14576 1.6 16 10 2 3 25% 5220 555 31%
c -  6.47  0 12 38 8186  1 211104 8007 1.6 16 10 2 3 25% 5220 555 31%
c u  6.48  0 12 38 8186  1 211104 7879 1.6 16 10 2 3 25% 5220 555 31%
c v  6.48  0 12 38 8186  1 211104 7833 1.6 16 10 2 3 25% 5220 555 31%
c -  6.85  0 12 39 8192  1 222592 7491 1.6 16 10 2 3 24% 5220 555 31%
c u  6.86  0 12 39 8192  1 222592 7333 1.6 16 10 2 3 24% 5220 555 31%
c v  6.86  0 12 39 8192  1 222592 7263 1.6 16 10 2 3 24% 5220 555 31%
c B  7.11  0 12 39 8193  1 231035 11720 1.6 15 10 2 3 24% 5220 555 31%
c ]  7.18  0 12 39 8195  1 233350 12979 1.6 15 10 2 3 24% 5220 555 31%
c {  7.18  0 15 39 8195  2 233350 12979 1.8 17 10 2 3 23% 5220 555 31%
c -  7.22  0 15 40 8214  2 234387 7638 1.8 17 10 2 3 23% 5220 555 31%
c u  7.25  0 15 40 8214  2 234387 7512 1.8 17 10 2 3 23% 5220 555 31%
c v  7.25  0 15 40 8214  2 234387 7454 1.8 17 10 2 3 23% 5220 555 31%
c w  7.25  0 15 40 8214  2 234387 7454 1.8 17 10 2 3 23% 5220 555 31%
c -  7.64  0 14 41 8901  2 246490 8619 1.7 17 10 2 3 23% 5220 555 31%
c u  7.65  0 14 41 8901  2 246490 8513 1.7 17 10 2 3 23% 5220 555 31%
c 
c  seconds  reductions   conflicts        size   tier2     variables
c         MB     restarts      redundant     glue   trail      remaining
c          level       rate         size/glue  tier1 irredundant
c 
c v  7.65  0 14 41 8901  2 246490 8452 1.7 17 10 2 3 23% 5220 555 31%
c w  7.65  0 14 41 8901  2 246490 8452 1.7 17 10 2 3 23% 5220 555 31%
c W  7.96  0 14 41 8901  2 253038 14047 1.8 17 10 2 3 23% 5220 555 31%
c -  8.21  0 14 42 9543  2 258902 9851 1.8 17 10 2 3 23% 5220 555 31%
c u  8.22  0 14 42 9543  2 258902 9681 1.8 17 10 2 3 23% 5220 555 31%
c v  8.22  0 14 42 9543  2 258902 9553 1.8 17 10 2 3 23% 5220 555 31%
c -  8.65  0 14 43 10142  2 271623 9872 1.7 16 9 2 3 23% 5220 555 31%
c u  8.66  0 14 43 10142  2 271623 9795 1.7 16 9 2 3 23% 5220 555 31%
c v  8.66  0 14 43 10142  2 271623 9733 1.7 16 9 2 3 23% 5220 555 31%
c }  8.74  0 13 43 10200  2 274085 11218 1.7 16 9 2 3 23% 5220 555 31%
c [  8.74  0 12 43 10200  1 274085 11218 1.6 15 10 2 3 24% 5220 555 31%
c W  8.82  0 12 43 10201  1 276039 12347 1.6 15 10 2 3 24% 5220 555 31%
c -  9.13  0 12 44 10205  1 284652 9652 1.6 15 10 2 3 24% 5220 555 31%
c u  9.14  0 12 44 10205  1 284652 9536 1.6 15 10 2 3 24% 5220 555 31%
c v  9.14  0 12 44 10205  1 284652 9472 1.6 15 10 2 3 24% 5220 555 31%
c w  9.14  0 12 44 10205  1 284652 9472 1.6 15 10 2 3 24% 5220 555 31%
c -  9.58  0 11 45 10213  1 297991 9526 1.6 15 9 2 3 24% 5220 555 31%
c u  9.60  0 11 45 10213  1 297991 9409 1.6 15 9 2 3 24% 5220 555 31%
c v  9.60  0 11 45 10213  1 297991 9161 1.6 15 9 2 3 24% 5220 555 31%
c w  9.60  0 11 45 10213  1 297991 9160 1.6 15 9 2 3 24% 5220 555 31%
c 
c  seconds  reductions    conflicts         size  tier2     variables
c         MB      restarts       redundant     glue  trail      remaining
c          level        rate          size/glue tier1 irredundant
c 
c O  9.66  0 11 45 10213  1 300041 10221 1.6 15 9 2 3 24% 5220 555 31%
c - 10.06  0 11 46 10214  1 311639 9694 1.6 14 9 2 3 23% 5220 555 31%
c u 10.07  0 11 46 10214  1 311639 9575 1.6 14 9 2 3 23% 5220 555 31%
c v 10.07  0 11 46 10214  1 311639 9509 1.6 14 9 2 3 23% 5220 555 31%
c w 10.07  0 11 46 10214  1 311639 9509 1.6 14 9 2 3 23% 5220 555 31%
c ] 10.28  0 11 46 10214  1 317749 12507 1.6 14 9 2 3 23% 5220 555 31%
c { 10.28  0 13 46 10214  2 317749 12507 1.7 16 9 2 3 23% 5220 555 31%
c i 10.29  0 13 46 10214  2 318291 12711 1.7 16 9 2 3 23% 5220 554 31%
c s 10.31  0 13 46 10214  2 318291 12051 1.7 16 9 2 3 23% 5166 554 31%
c e 10.31  0 13 46 10214  2 318291 8470 1.7 16 9 2 3 23% 5046 509 28%
c s 10.33  0 13 46 10214  2 318291 8262 1.7 16 9 2 3 23% 5037 509 28%
c # 10.50  0 13 46 10305  2 325045 10348 1.7 16 9 2 3 27% 5037 509 28%
c - 10.52  0 13 47 10305  2 325596 6498 1.7 16 9 2 3 27% 5037 509 28%
c u 10.53  0 13 47 10305  2 325596 6393 1.7 16 9 2 3 27% 5037 509 28%
c v 10.53  0 13 47 10305  2 325596 6325 1.7 16 9 2 3 27% 5037 509 28%
c i 10.78  0 13 47 10305  2 334335 11492 1.7 16 9 2 3 26% 5037 508 28%
c - 10.95  0 12 48 10363  2 339861 6546 1.7 15 9 2 3 26% 4872 508 28%
c u 10.96  0 12 48 10363  2 339861 6306 1.7 15 9 2 3 26% 4866 505 28%
c v 10.96  0 12 48 10363  2 339861 6232 1.7 15 9 2 3 26% 4866 505 28%
c i 11.25  0 12 48 10363  1 350987 12270 1.7 15 9 2 3 26% 4866 504 28%
c 
c  seconds  reductions    conflicts         size  tier2     variables
c         MB      restarts       redundant     glue  trail      remaining
c          level        rate          size/glue tier1 irredundant
c 
c B 11.25  0 12 48 10363  1 351047 12320 1.7 15 9 2 3 26% 4866 504 28%
c - 11.35  0 12 49 10363  1 354436 5886 1.7 15 9 2 3 25% 4542 504 28%
c = 11.37  0 12 49 10363  1 354436 5884 1.7 15 9 2 3 25% 4538 500 28%
c u 11.38  0 12 49 10363  1 354436 5760 1.7 15 9 2 3 25% 4530 500 28%
c v 11.38  0 12 49 10363  1 354436 5693 1.7 15 9 2 3 25% 4530 500 28%
c x 11.39  0 12 49 10363  1 354436 5693 1.7 15 9 2 3 25% 4529 500 28%
c i 11.47  0 12 49 10363  1 357512 7079 1.7 14 8 2 3 25% 4529 499 28%
c i 11.58  0 11 49 10370  1 362194 9655 1.7 14 8 2 3 25% 4529 496 28%
c i 11.60  0 11 49 10370  1 362860 10037 1.7 14 8 2 3 25% 4529 495 28%
c i 11.61  0 11 49 10370  1 363043 10112 1.7 14 8 2 3 25% 4529 494 28%
c i 11.61  0 11 49 10370  1 363211 10199 1.7 14 8 2 3 25% 4529 493 28%
c i 11.61  0 11 49 10370  1 363297 10226 1.7 14 8 2 3 25% 4529 492 27%
c i 11.61  0 11 49 10370  1 363345 10244 1.7 14 8 2 3 25% 4529 491 27%
c i 11.61  0 11 49 10370  1 363355 10245 1.7 14 8 2 3 25% 4529 489 27%
c i 11.61  0 11 49 10370  1 363365 10252 1.7 14 8 2 3 25% 4529 487 27%
c i 11.61  0 11 49 10370  1 363367 10253 1.7 14 8 2 3 25% 4529 484 27%
c i 11.61  0 11 49 10370  1 363369 10254 1.7 14 8 2 3 25% 4529 475 27%
c i 11.61  0 11 49 10370  1 363370 10254 1.7 14 8 2 3 25% 4529 462 26%
c } 11.61  0 11 49 10370  1 363373 10255 1.7 14 8 2 3 25% 4529 452 25%
c 0 11.61  0 11 49 10370  1 363373 10255 1.7 14 8 2 3 25% 4529 452 25%
c 
c --- [ closing proof ] ------------------------------------------------------
c 
c DRAT proof file 'residual_2_5.drat' closed
c DRAT 383126 added clauses 50.51%
c DRAT 375403 deleted clauses 49.49%
c DRAT 44941358 bytes (42.86 MB)
c 
c --- [ result ] -------------------------------------------------------------
c 
s UNSATISFIABLE
c 
c --- [ run-time profiling ] -------------------------------------------------
c 
c process time taken by individual solving procedures
c (percentage relative to process time for solving)
c 
c        10.99   94.64% search
c         5.82   50.09% unstable
c         4.95   42.64% stable
c         0.62    5.36% simplify
c         0.33    2.84% vivify
c         0.22    1.90% walk
c         0.09    0.81% sweep
c         0.09    0.79% subsume
c         0.03    0.28% congruence
c         0.03    0.24% elim
c         0.02    0.14% ternary
c         0.00    0.03% backbone
c         0.00    0.02% probe
c         0.00    0.02% parse
c         0.00    0.01% lucky
c   =================================
c        11.61   99.97% solve
c 
c last line shows process time for solving
c (percentage relative to total process time)
c 
c --- [ statistics ] ---------------------------------------------------------
c 
c chronological:             32238         8.87 %  of conflicts
c conflicts:                363373     31296.20    per second
c backbone:                 157671      8798.60 %  of vars
c decisions:                485914     41850.28    per second
c eliminated:                  870        48.55 %  of all variables
c fixed:                        51         2.85 %  of all variables
c learned:                  349831        96.27 %  per conflict
c learned_lits:            7175097       100.00 %  learned literals
c minimized:                     0         0.00 %  learned literals
c shrunken:                1475600        20.57 %  learned literals
c minishrunken:             387599         5.40 %  learned literals
c otfs:                      10934         3.01 %  of conflict
c propagations:           17282235         1.49 M  per second
c reduced:                  206907        56.94 %  per conflict
c rephased:                     26     13975.88    interval
c restarts:                  10370        35.04    interval
c stabilizing:                   8        44.39 %  of conflicts
c substituted:                 419        23.38 %  of all variables
c sweep equivs:                  2         1.23 %  of swept variables
c subsumed:                 108485        29.48 %  of all clauses
c strengthened:              16048         4.36 %  of all clauses
c ticks:                 337457284        19.77    propagation
c vivified:                   3526         0.96 %  of all clauses
c walked:                        7     51910.43    interval
c weakened:                   4570         2.94    average size
c congruence:                    9     40374.78    interval
c 
c seconds are measured in process time for solving
c 
c --- [ glue usage ] ---------------------------------------------------------
c 
c focused glue 2 used 315945 clauses 21.04% accumulated 69.04% tier1
c focused glue 3 used 161093 clauses 10.72% accumulated 79.77% tier2
c 
c stable glue 2 used 295202 clauses 20.53% accumulated 68.51% tier1
c stable glue 3 used 152679 clauses 10.61% accumulated 79.13% tier2
c 
c 
c --- [ resources ] ----------------------------------------------------------
c 
c total process time since initialization:        11.61    seconds
c total real time since initialization:           34.24    seconds
c maximum resident set size of process:           19.05    MB
c 
c --- [ shutting down ] ------------------------------------------------------
c 
c exit 20
