c --- [ banner ] -------------------------------------------------------------
c 
c CaDiCaL SAT Solver
c Copyright (c) 2016-2026
c A. Biere, M. Fleury, N. Froleyks, K. Fazekas, F. Pollitt, T. Faller
c JKU Linz, University of Freiburg, TU Wien
c 
c Version 3.0.1
c Apple clang version 21.0.0 (clang-2100.0.123.102) -Wall -Wextra -O3 -DNDEBUG -DNCLOSEFROM
c Sun Jul 19 15:40:55 UTC 2026 Darwin Tahoe-arm64.local 25.4.0 arm64
c 
c --- [ proof tracing ] ------------------------------------------------------
c 
c opening file to write 'residual_256_3072.drat'
c writing non-binary proof trace to 'residual_256_3072.drat'
c 
c --- [ parsing input ] ------------------------------------------------------
c 
c reading DIMACS file from 'residual_256_3072.cnf'
c opening file to read 'residual_256_3072.cnf'
c found 'p cnf 1784 7081' header
c parsed 7081 clauses in 0.00 seconds process time
c 
c --- [ options ] ------------------------------------------------------------
c 
c   --binary=false                 (different from default 'true')
c 
c --- [ solving ] ------------------------------------------------------------
c 
c time measured in process time since initialization
c 
c  seconds  reduction conflicts       size tier2     variables
c         MB    restarts   redundant    glue  trail       remaining
c          level     rate       size/glu tier1 irredundant
c 
c *  0.00  0  0 0   0  0    0    0 0.0 0 0 2 6  0% 7081 1784 100%
c )  0.00  0  0 0   0  0    0    0 0.0 0 0 2 6  0% 7081 1784 100%
c {  0.00  0  0 0   0  0    0    0 0.0 0 0 2 6  0% 7081 1784 100%
c -  0.01  0 14 1   0  1  302  147 2.0 8 4 2 6  9% 7081 1784 100%
c -  0.01  0 18 2  62  3  738  335 1.6 13 8 2 6 15% 7081 1784 100%
c }  0.02  0 19 2  88  3 1001  545 1.6 13 8 2 6 16% 7081 1784 100%
c [  0.02  0  0 2  88  0 1001  545 0.0 0 0 2 6  0% 7081 1784 100%
c O  0.02  0 22 2  88 23 1002  546 3.3 10 3 2 6 64% 7081 1784 100%
c -  0.02  0 20 3  88  1 1418  591 2.9 12 4 2 6 67% 7081 1784 100%
c c  0.04  0 20 3  88  1 1482  637 2.9 13 4 2 6 66% 6289 1783 100%
c ]  0.05  0 22 3  88  1 1627  733 2.7 14 5 2 6 58% 5501 1389 78%
c {  0.05  0 19 3  88  3 1627  733 1.6 13 8 2 6 16% 5501 1389 78%
c -  0.07  0 20 4 256  4 2362  766 1.5 15 10 2 6 19% 5501 1389 78%
c O  0.08  0 19 4 289  3 3003 1325 1.6 16 10 2 6 20% 5501 1389 78%
c -  0.09  0 19 5 397  3 3577 1044 1.6 17 10 2 6 19% 5501 1389 78%
c s  0.10  0 19 5 436  3 3979 1354 1.6 17 11 2 6 19% 5501 1389 78%
c e  0.11  0 19 5 436  3 3979  146 1.6 17 11 2 6 19% 4972 636 36%
c s  0.12  0 19 5 436  3 3979  143 1.6 17 11 2 6 19% 4972 636 36%
c }  0.13  0 20 5 612  3 4730  784 1.5 17 11 2 6 17% 4972 636 36%
c [  0.13  0 22 5 612  1 4730  784 2.7 14 5 2 6 75% 4972 636 36%
c 
c  seconds  reduction conflicts       size  tier2      variables
c         MB    restarts   redundant     glue   trail      remaining
c          level     rate       size/glue tier1  irredundant
c 
c -  0.14  0 20 6 612  1 5072  382 1.8 16 9 4 10 47% 4972 636 36%
c I  0.16  0 18 6 613  1 6004 1014 1.6 17 11 6 15 28% 4972 636 36%
c u  0.17  0 17 6 614  1 6586 1351 1.5 17 12 8 15 23% 4972 636 36%
c v  0.18  0 17 6 614  1 6586 1322 1.5 17 12 8 15 23% 4972 636 36%
c w  0.18  0 17 6 614  1 6586 1314 1.5 17 12 8 15 23% 4972 636 36%
c -  0.18  0 17 7 614  1 6852  514 1.5 17 12 8 15 20% 4972 636 36%
c -  0.22  0 15 8 615  1 8921  583 1.4 17 12 9 15 21% 4972 636 36%
c ]  0.24  0 15 8 616  1 9897 1041 1.4 16 12 9 14 21% 4972 636 36%
c {  0.24  0 20 8 616  3 9897 1041 1.5 17 11 2 6 36% 4972 636 36%
c #  0.24  0 20 8 646  4 10005 1135 1.5 17 11 2 6 36% 4972 636 36%
c -  0.27  0 19 9 845  3 11282  888 1.5 17 12 2 6 31% 4972 636 36%
c -  0.32  0 18 10 962  3 13937 2686 1.6 18 12 4 14 27% 4972 636 36%
c B  0.34  0 18 10 962  2 15007 3622 1.6 18 11 4 14 27% 4972 636 36%
c -  0.38  0 18 11 1157  2 16890 4544 1.6 18 12 4 14 26% 4972 636 36%
c u  0.41  0 18 11 1220  2 17873 5328 1.6 19 12 4 14 25% 4972 636 36%
c v  0.41  0 18 11 1220  2 17873 5321 1.6 19 12 4 14 25% 4972 636 36%
c w  0.41  0 18 11 1220  2 17873 5318 1.6 19 12 4 14 25% 4972 636 36%
c }  0.43  0 18 11 1241  2 18389 5778 1.6 19 12 4 14 25% 4972 636 36%
c [  0.43  0 15 11 1241  1 18389 5778 1.4 16 12 9 14 21% 4972 636 36%
c -  0.47  0 15 12 1242  1 20140 5485 1.5 17 11 9 14 22% 4972 636 36%
c 
c  seconds  reductions   conflicts       size   tier2      variables
c         MB     restarts     redundant     glue    trail      remaining
c          level       rate        size/glue  tier1  irredundant
c 
c B  0.49  0 15 12 1242  1 21008 6193 1.5 17 11 9 14 22% 4972 636 36%
c -  0.55  0 15 13 1243  1 23687 5710 1.5 18 12 6 13 23% 4972 636 36%
c ]  0.60  0 15 13 1244  1 25514 6908 1.5 18 12 6 13 23% 4972 636 36%
c {  0.60  0 18 13 1244  2 25514 6908 1.6 19 12 4 14 25% 4972 636 36%
c -  0.65  0 18 14 1455  2 27534 6069 1.6 19 12 4 14 25% 4972 636 36%
c u  0.66  0 18 14 1455  2 27534 6021 1.6 19 12 4 14 25% 4972 636 36%
c v  0.66  0 18 14 1455  2 27534 6014 1.6 19 12 4 14 25% 4972 636 36%
c w  0.66  0 18 14 1455  2 27534 6009 1.6 19 12 4 14 25% 4972 636 36%
c W  0.69  0 18 14 1491  2 28009 6439 1.6 19 12 4 14 25% 4972 636 36%
c -  0.77  0 17 15 1572  2 31685 7504 1.6 19 12 4 14 25% 4972 636 36%
c F  0.87  0 17 15 1699  2 36010 11238 1.7 19 11 4 14 24% 4972 636 36%
c -  0.88  0 17 16 1700  2 36136 8959 1.7 19 11 4 14 23% 4972 636 36%
c u  0.89  0 17 16 1700  2 36136 8909 1.7 19 11 4 14 23% 4972 636 36%
c v  0.89  0 17 16 1700  2 36136 8896 1.7 19 11 4 14 23% 4972 636 36%
c }  0.90  0 17 16 1726  2 36251 8992 1.7 19 11 4 14 23% 4972 636 36%
c [  0.90  0 15 16 1726  1 36251 8992 1.5 18 12 6 13 23% 4972 636 36%
c -  1.02  0 15 17 1729  1 40890 8847 1.5 18 12 6 14 24% 4972 636 36%
c W  1.13  0 15 17 1732  1 45012 11075 1.5 18 12 6 14 24% 4972 636 36%
c -  1.16  0 15 18 1732  1 45945 8394 1.5 18 12 6 14 24% 4972 636 36%
c u  1.17  0 15 18 1732  1 45945 8321 1.5 18 12 6 14 24% 4972 636 36%
c 
c  seconds  reductions   conflicts       size   tier2      variables
c         MB     restarts     redundant     glue    trail      remaining
c          level       rate        size/glue  tier1  irredundant
c 
c v  1.17  0 15 18 1732  1 45945 8306 1.5 18 12 6 14 24% 4972 636 36%
c w  1.17  0 15 18 1732  1 45945 8300 1.5 18 12 6 14 24% 4972 636 36%
c ]  1.20  0 15 18 1732  1 46799 8805 1.5 18 12 6 14 24% 4972 636 36%
c {  1.20  0 17 18 1732  2 46799 8805 1.7 19 11 4 14 23% 4972 636 36%
c -  1.37  0 18 19 2682  2 51304 8832 1.6 19 12 4 14 23% 4972 636 36%
c u  1.39  0 18 19 2682  2 51304 8784 1.6 19 12 4 14 23% 4972 636 36%
c v  1.39  0 18 19 2682  2 51304 8772 1.6 19 12 4 14 23% 4972 636 36%
c w  1.39  0 18 19 2682  2 51304 8772 1.6 19 12 4 14 23% 4972 636 36%
c B  1.51  0 18 19 3116  2 55013 11975 1.6 19 12 4 14 23% 4972 636 36%
c -  1.57  0 17 20 3215  2 56966 9978 1.6 19 12 4 14 23% 4972 636 36%
c }  1.59  0 17 20 3295  2 57396 10310 1.6 19 12 4 14 23% 4972 636 36%
c [  1.59  0 15 20 3295  1 57396 10310 1.5 18 12 6 14 24% 4972 636 36%
c -  1.75  0 15 21 3296  1 62933 10944 1.5 18 12 6 14 23% 4972 636 36%
c u  1.76  0 15 21 3296  1 62933 10862 1.5 18 12 6 14 23% 4972 636 36%
c v  1.76  0 15 21 3296  1 62933 10838 1.5 18 12 6 14 23% 4972 636 36%
c w  1.76  0 15 21 3296  1 62933 10822 1.5 18 12 6 14 23% 4972 636 36%
c O  1.85  0 15 21 3296  1 66014 12826 1.5 18 12 6 14 23% 4972 636 36%
c -  1.94  0 15 22 3298  1 69204 11280 1.5 18 12 6 14 23% 4972 636 36%
c ]  2.03  0 15 22 3300  1 72284 13023 1.5 18 12 4 12 23% 4972 636 36%
c {  2.03  0 17 22 3300  2 72284 13023 1.6 19 12 4 14 23% 4972 636 36%
c 
c  seconds  reductions   conflicts        size   tier2      variables
c         MB     restarts      redundant     glue    trail      remaining
c          level       rate         size/glue  tier1  irredundant
c 
c -  2.16  0 17 23 3807  2 75780 11593 1.6 19 12 4 14 23% 4972 636 36%
c u  2.17  0 17 23 3807  2 75780 11524 1.6 19 12 4 14 23% 4972 636 36%
c v  2.17  0 17 23 3807  2 75780 11489 1.6 19 12 4 14 23% 4972 636 36%
c w  2.17  0 17 23 3807  2 75780 11483 1.6 19 12 4 14 23% 4972 636 36%
c W  2.26  0 17 23 3857  2 78016 13528 1.6 19 12 4 14 24% 4972 636 36%
c -  2.40  0 17 24 3988  2 82663 13726 1.6 19 12 4 14 24% 4972 636 36%
c -  2.62  0 17 25 4295  2 89851 16078 1.6 19 12 4 14 23% 4972 636 36%
c u  2.65  0 17 25 4295  2 89851 16006 1.6 19 12 4 14 23% 4972 636 36%
c v  2.65  0 17 25 4295  2 89851 15990 1.6 19 12 4 14 23% 4972 636 36%
c w  2.65  0 17 25 4295  2 89851 15985 1.6 19 12 4 14 23% 4972 636 36%
c }  2.66  0 17 25 4295  2 90029 16132 1.6 19 12 4 14 23% 4972 636 36%
c [  2.66  0 15 25 4295  1 90029 16132 1.5 18 12 4 12 23% 4972 636 36%
c B  2.69  0 15 25 4296  1 91019 16820 1.5 18 12 4 12 23% 4972 636 36%
c -  2.90  0 14 26 4298  1 97344 15284 1.5 17 12 4 12 24% 4972 636 36%
c W  3.18  0 14 26 4304  1 105021 19220 1.5 17 12 4 12 24% 4972 636 36%
c -  3.19  0 14 27 4304  1 105146 13851 1.5 17 12 4 12 24% 4972 636 36%
c u  3.20  0 14 27 4304  1 105146 13762 1.5 17 12 4 12 24% 4972 636 36%
c v  3.20  0 14 27 4304  1 105146 13738 1.5 17 12 4 12 24% 4972 636 36%
c w  3.21  0 14 27 4304  1 105146 13735 1.5 17 12 4 12 24% 4972 636 36%
c x  3.21  0 14 27 4304  1 105146 13735 1.5 17 12 4 12 24% 4968 636 36%
c 
c  seconds  reductions   conflicts         size   tier2      variables
c         MB     restarts       redundant     glue    trail      remaining
c          level       rate          size/glue  tier1  irredundant
c 
c s  3.26  0 14 27 4304  1 105146 12700 1.5 17 12 4 12 24% 4964 636 36%
c s  3.32  0 14 27 4304  1 105146 12532 1.5 17 12 4 12 24% 4964 636 36%
c ^  3.32  0 14 27 4304  1 105146 12532 1.5 17 12 4 12 24% 4964 636 36%
c ]  3.36  0 14 27 4305  1 106209 13151 1.5 17 12 4 12 24% 4964 636 36%
c {  3.36  0 17 27 4305  2 106209 13151 1.6 19 12 4 14 23% 4964 636 36%
c -  3.58  0 16 28 4359  2 113252 14829 1.6 19 12 4 14 24% 4964 636 36%
c u  3.59  0 16 28 4359  2 113252 14797 1.6 19 12 4 14 24% 4964 636 36%
c v  3.60  0 16 28 4359  2 113252 14770 1.6 19 12 4 14 24% 4964 636 36%
c w  3.60  0 16 28 4359  2 113252 14769 1.6 19 12 4 14 24% 4964 636 36%
c #  3.85  0 16 28 4557  2 120022 20148 1.7 19 11 4 14 24% 4964 636 36%
c -  3.92  0 16 29 4650  2 121668 18033 1.7 19 11 4 14 24% 4964 636 36%
c u  3.93  0 16 29 4650  2 121668 18003 1.7 19 11 4 14 24% 4964 636 36%
c v  3.93  0 16 29 4650  2 121668 17986 1.7 19 11 4 14 24% 4964 636 36%
c w  3.93  0 16 29 4650  2 121668 17985 1.7 19 11 4 14 24% 4964 636 36%
c s  4.04  0 16 29 4651  2 122934 17996 1.7 19 11 4 14 24% 4964 636 36%
c s  4.12  0 16 29 4651  2 122934 17817 1.7 19 11 4 14 24% 4964 636 36%
c ^  4.12  0 16 29 4651  2 122934 17817 1.7 19 11 4 14 24% 4964 636 36%
c }  4.27  0 16 29 4727  2 126870 21362 1.7 19 11 4 14 24% 4964 636 36%
c [  4.27  0 14 29 4727  1 126870 21362 1.5 17 12 4 12 24% 4964 636 36%
c -  4.42  0 14 30 4727  1 130389 20363 1.5 18 12 4 12 24% 4964 636 36%
c 
c  seconds  reductions   conflicts         size   tier2      variables
c         MB     restarts       redundant     glue    trail      remaining
c          level       rate          size/glue  tier1  irredundant
c 
c u  4.43  0 14 30 4727  1 130389 20330 1.5 18 12 4 12 24% 4964 636 36%
c v  4.43  0 14 30 4727  1 130389 20321 1.5 18 12 4 12 24% 4964 636 36%
c w  4.43  0 14 30 4727  1 130389 20312 1.5 18 12 4 12 24% 4964 636 36%
c I  4.65  0 14 30 4728  1 136023 25156 1.6 18 12 4 12 25% 4964 636 36%
c -  4.77  0 14 31 4729  1 139418 23025 1.6 18 12 4 11 25% 4964 636 36%
c u  4.78  0 14 31 4729  1 139418 22978 1.6 18 12 4 11 25% 4964 636 36%
c v  4.79  0 14 31 4729  1 139418 22963 1.6 18 12 4 11 25% 4964 636 36%
c w  4.79  0 14 31 4729  1 139418 22951 1.6 18 12 4 11 25% 4964 636 36%
c ]  4.96  0 14 31 4729  1 144051 25562 1.6 18 12 4 11 25% 4964 636 36%
c {  4.96  0 16 31 4729  2 144051 25562 1.7 19 11 4 14 24% 4964 636 36%
c s  5.07  0 16 31 4733  2 146653 27027 1.7 19 11 4 14 24% 4964 636 36%
c s  5.16  0 16 31 4733  2 146653 26137 1.7 19 11 4 14 24% 4964 636 36%
c ^  5.16  0 16 31 4733  2 146653 26137 1.7 19 11 4 14 24% 4964 636 36%
c -  5.30  0 16 32 5068  2 148753 20367 1.7 19 11 4 14 24% 4964 636 36%
c u  5.33  0 16 32 5068  2 148753 20333 1.7 19 11 4 14 24% 4964 636 36%
c v  5.33  0 16 32 5068  2 148753 20315 1.7 19 11 4 14 24% 4964 636 36%
c w  5.33  0 16 32 5068  2 148753 20305 1.7 19 11 4 14 24% 4964 636 36%
c B  5.49  0 16 32 5068  2 153024 24153 1.7 19 11 4 14 25% 4964 636 36%
c -  5.71  0 16 33 5413  2 158395 21030 1.7 19 11 4 14 25% 4964 636 36%
c u  5.73  0 16 33 5413  2 158395 20993 1.7 19 11 4 14 25% 4964 636 36%
c 
c  seconds  reductions   conflicts         size   tier2      variables
c         MB     restarts       redundant     glue    trail      remaining
c          level       rate          size/glue  tier1  irredundant
c 
c v  5.73  0 16 33 5413  2 158395 20965 1.7 19 11 4 14 25% 4964 636 36%
c w  5.73  0 16 33 5413  2 158395 20961 1.7 19 11 4 14 25% 4964 636 36%
c }  6.02  0 16 33 5424  2 167155 28118 1.7 19 11 4 14 24% 4964 636 36%
c [  6.02  0 14 33 5424  1 167155 28118 1.6 18 12 4 11 25% 4964 636 36%
c -  6.08  0 14 34 5424  1 168346 23486 1.6 18 11 4 11 25% 4964 636 36%
c B  6.20  0 14 34 5424  1 171025 25496 1.6 18 11 4 11 25% 4964 636 36%
c s  6.46  0 14 34 5424  1 176299 28224 1.6 18 11 4 11 25% 4964 636 36%
c e  6.47  0 14 34 5424  1 176299 17535 1.6 18 11 4 11 25% 5264 561 31%
c s  6.57  0 14 34 5424  1 176299 16646 1.6 18 11 4 11 25% 5264 561 31%
c ^  6.57  0 14 34 5424  1 176299 16646 1.6 18 11 4 11 25% 5264 561 31%
c -  6.64  0 14 35 5424  1 178603 14129 1.6 18 11 4 11 25% 5264 561 31%
c u  6.66  0 14 35 5424  1 178603 14008 1.6 18 11 4 11 25% 5264 561 31%
c v  6.66  0 14 35 5424  1 178603 13920 1.6 18 11 4 11 25% 5264 561 31%
c w  6.67  0 14 35 5424  1 178603 13897 1.6 18 11 4 11 25% 5264 561 31%
c -  7.04  0 14 36 5431  1 189168 16167 1.5 17 11 4 11 24% 5264 561 31%
c u  7.05  0 14 36 5431  1 189168 16134 1.5 17 11 4 11 24% 5264 561 31%
c v  7.06  0 14 36 5431  1 189168 16116 1.5 17 11 4 11 24% 5264 561 31%
c w  7.06  0 14 36 5431  1 189168 16092 1.5 17 11 4 11 24% 5264 561 31%
c W  7.19  0 14 36 5431  1 190027 16662 1.5 17 11 4 11 24% 5264 561 31%
c ]  7.25  0 14 36 5432  1 191615 17539 1.5 17 11 4 11 24% 5264 561 31%
c 
c  seconds  reductions   conflicts         size   tier2      variables
c         MB     restarts       redundant     glue    trail      remaining
c          level       rate          size/glue  tier1  irredundant
c 
c {  7.25  0 16 36 5432  2 191615 17539 1.7 19 11 4 14 24% 5264 561 31%
c -  7.54  0 15 37 5588  2 200041 20956 1.8 19 11 4 14 24% 5264 561 31%
c u  7.55  0 15 37 5588  2 200041 20916 1.8 19 11 4 14 24% 5264 561 31%
c v  7.55  0 15 37 5588  2 200041 20900 1.8 19 11 4 14 24% 5264 561 31%
c w  7.56  0 15 37 5588  2 200041 20894 1.8 19 11 4 14 24% 5264 561 31%
c W  8.07  0 15 37 6276  2 210028 29276 1.8 19 11 3 8 24% 5264 561 31%
c -  8.15  0 15 38 6354  2 211222 17971 1.8 19 11 3 8 24% 5264 561 31%
c u  8.17  0 15 38 6354  2 211222 17852 1.8 19 11 3 8 24% 5264 561 31%
c v  8.17  0 15 38 6354  2 211222 17819 1.8 19 11 3 8 24% 5264 561 31%
c w  8.18  0 15 38 6354  2 211222 17808 1.8 19 11 3 8 24% 5264 561 31%
c s  8.43  0 15 38 6471  2 215061 20233 1.8 19 11 3 8 24% 5264 561 31%
c e  8.44  0 15 38 6471  2 215061 18155 1.8 19 11 3 8 24% 5344 551 31%
c s  8.48  0 15 38 6471  2 215061 18149 1.8 19 11 3 8 24% 5344 551 31%
c ^  8.48  0 15 38 6471  2 215061 18149 1.8 19 11 3 8 24% 5344 551 31%
c }  8.64  0 15 38 6838  2 218410 21018 1.8 19 11 3 8 24% 5344 551 31%
c [  8.64  0 14 38 6838  1 218410 21018 1.5 17 11 4 11 24% 5344 551 31%
c -  8.82  0 14 39 6841  1 222713 15289 1.5 17 11 4 11 24% 5344 551 31%
c u  8.83  0 14 39 6841  1 222713 15203 1.5 17 11 4 11 24% 5344 551 31%
c v  8.83  0 14 39 6841  1 222713 15181 1.5 17 11 4 11 24% 5344 551 31%
c w  8.83  0 14 39 6841  1 222713 15175 1.5 17 11 4 11 24% 5344 551 31%
c 
c  seconds  reductions   conflicts         size   tier2      variables
c         MB     restarts       redundant     glue    trail      remaining
c          level       rate          size/glue  tier1  irredundant
c 
c O  9.14  0 14 39 6845  1 231029 18878 1.5 17 11 4 11 24% 5344 551 31%
c -  9.27  0 14 40 6845  1 234512 13945 1.5 17 11 4 11 24% 5344 551 31%
c u  9.30  0 14 40 6845  1 234512 13874 1.5 17 11 4 11 24% 5344 551 31%
c v  9.31  0 14 40 6845  1 234512 13834 1.5 17 11 4 11 24% 5344 551 31%
c w  9.31  0 14 40 6845  1 234512 13816 1.5 17 11 4 11 24% 5344 551 31%
c -  9.76  0 13 41 6851  1 246620 11644 1.5 17 11 4 11 23% 5344 551 31%
c u  9.77  0 13 41 6851  1 246620 11579 1.5 17 11 4 11 23% 5344 551 31%
c v  9.77  0 13 41 6851  1 246620 11520 1.5 17 11 4 11 23% 5344 551 31%
c w  9.78  0 13 41 6851  1 246620 11510 1.5 17 11 4 11 23% 5344 551 31%
c ]  9.91  0 13 41 6852  1 250571 13278 1.5 17 11 4 11 23% 5344 551 31%
c {  9.91  0 15 41 6852  2 250571 13278 1.8 19 11 3 8 24% 5344 551 31%
c F 10.02  0 15 41 7319  2 253030 15399 1.7 19 11 3 8 23% 5344 551 31%
c - 10.27  0 15 42 7704  2 259037 13903 1.8 19 11 3 8 23% 5344 551 31%
c u 10.28  0 15 42 7704  2 259037 13810 1.8 19 11 3 8 23% 5344 551 31%
c v 10.29  0 15 42 7704  2 259037 13773 1.8 19 11 3 8 23% 5344 551 31%
c w 10.29  0 15 42 7704  2 259037 13759 1.8 19 11 3 8 23% 5344 551 31%
c s 10.44  0 15 42 7809  2 260953 14865 1.8 19 11 3 8 23% 5344 551 31%
c e 10.46  0 15 42 7809  2 260953 5424 1.8 19 11 3 8 23% 8388 360 20%
c s 10.49  0 15 42 7809  2 260953 5402 1.8 19 11 3 8 23% 8388 360 20%
c - 10.81  0 15 43 8816  2 271761 6755 1.7 19 11 2 6 29% 8388 360 20%
c 
c  seconds  reductions   conflicts        size   tier2     variables
c         MB     restarts      redundant     glue   trail      remaining
c          level       rate         size/glue  tier1 irredundant
c 
c u 10.82  0 15 43 8816  2 271761 6680 1.7 19 11 2 6 29% 8388 360 20%
c v 10.82  0 15 43 8816  2 271761 6647 1.7 19 11 2 6 29% 8388 360 20%
c w 10.82  0 15 43 8816  2 271761 6639 1.7 19 11 2 6 29% 8388 360 20%
c B 10.96  0 15 43 9838  2 276033 10008 1.7 19 11 2 6 29% 8388 360 20%
c - 11.32  0 16 44 11860  2 284793 8010 1.7 19 11 2 6 29% 8388 360 20%
c u 11.33  0 16 44 11860  2 284793 7959 1.7 19 11 2 6 29% 8388 360 20%
c v 11.33  0 16 44 11860  2 284793 7920 1.7 19 11 2 6 29% 8388 360 20%
c w 11.33  0 16 44 11860  2 284793 7889 1.7 19 11 2 6 29% 8388 360 20%
c } 11.56  0 16 44 11999  2 294001 15758 1.7 19 11 2 6 30% 8388 360 20%
c [ 11.56  0 13 44 11999  1 294001 15758 1.5 17 11 4 11 41% 8388 360 20%
c - 11.68  0 13 45 12002  1 298134 9500 1.5 17 11 4 11 40% 8388 360 20%
c u 11.69  0 13 45 12002  1 298134 9458 1.5 17 11 4 11 40% 8388 360 20%
c v 11.69  0 13 45 12002  1 298134 9438 1.5 17 11 4 11 40% 8388 360 20%
c w 11.69  0 13 45 12002  1 298134 9429 1.5 17 11 4 11 40% 8388 360 20%
c B 11.74  0 13 45 12004  1 300036 10386 1.5 17 11 4 11 40% 8388 360 20%
c - 12.08  0 13 46 12007  1 311784 8608 1.4 17 11 4 11 39% 8388 360 20%
c u 12.09  0 13 46 12007  1 311784 8590 1.4 17 11 4 11 39% 8388 360 20%
c v 12.09  0 13 46 12007  1 311784 8574 1.4 17 11 4 11 39% 8388 360 20%
c W 12.61  0 13 46 12008  1 325037 14967 1.4 16 11 4 11 38% 8388 360 20%
c - 12.64  0 13 47 12008  1 325745 7218 1.4 16 11 4 11 38% 8388 360 20%
c 
c  seconds  reductions    conflicts        size   tier2      variables
c         MB      restarts      redundant     glue    trail      remaining
c          level        rate         size/glue  tier1  irredundant
c 
c u 12.65  0 13 47 12008  1 325745 7171 1.4 16 11 4 11 38% 8388 360 20%
c v 12.66  0 13 47 12008  1 325745 7129 1.4 16 11 4 11 38% 8388 360 20%
c w 12.66  0 13 47 12008  1 325745 7128 1.4 16 11 4 11 38% 8388 360 20%
c s 12.91  0 13 47 12009  1 333630 10879 1.4 16 11 2 6 37% 8388 360 20%
c s 12.95  0 13 47 12009  1 333630 10789 1.4 16 11 2 6 37% 8388 360 20%
c - 13.15  0 13 48 12009  1 340014 7193 1.4 16 11 2 6 37% 8388 360 20%
c u 13.16  0 13 48 12009  1 340014 7132 1.4 16 11 2 6 37% 8388 360 20%
c v 13.16  0 13 48 12009  1 340014 7090 1.4 16 11 2 6 37% 8388 360 20%
c ] 13.35  0 13 48 12009  1 347159 10594 1.4 16 11 2 6 36% 8388 360 20%
c { 13.35  0 16 48 12009  2 347159 10594 1.7 19 11 2 6 30% 8388 360 20%
c W 13.48  0 15 48 12140  2 351038 13235 1.7 19 11 2 6 30% 8388 360 20%
c - 13.59  0 15 49 12281  2 354592 8813 1.7 19 11 2 6 30% 8388 360 20%
c u 13.62  0 15 49 12281  2 354592 8775 1.7 19 11 2 6 30% 8388 360 20%
c v 13.62  0 15 49 12281  2 354592 8744 1.7 19 11 2 6 30% 8388 360 20%
c w 13.63  0 15 49 12281  2 354592 8694 1.7 19 11 2 6 30% 8388 360 20%
c - 14.05  0 15 50 12555  2 369478 10736 1.7 18 11 2 6 30% 8388 360 20%
c u 14.06  0 15 50 12555  2 369478 10687 1.7 18 11 2 6 30% 8388 360 20%
c v 14.06  0 15 50 12555  2 369478 10663 1.7 18 11 2 6 30% 8388 360 20%
c # 14.30  0 15 50 12588  2 378039 16790 1.7 18 11 2 6 30% 8388 360 20%
c - 14.58  0 15 51 13323  2 384676 12636 1.7 18 11 2 6 30% 8388 360 20%
c 
c  seconds  reductions    conflicts         size   tier2     variables
c         MB      restarts       redundant     glue   trail      remaining
c          level        rate          size/glue  tier1 irredundant
c 
c u 14.59  0 15 51 13323  2 384676 12578 1.7 18 11 2 6 30% 8388 360 20%
c v 14.59  0 15 51 13323  2 384676 12531 1.7 18 11 2 6 30% 8388 360 20%
c w 14.60  0 15 51 13323  2 384676 12509 1.7 18 11 2 6 30% 8388 360 20%
c } 15.21  0 15 51 15246  2 398699 23660 1.7 18 11 2 5 30% 8388 360 20%
c [ 15.21  0 13 51 15246  1 398699 23660 1.4 16 11 2 6 36% 8388 360 20%
c - 15.28  0 13 52 15246  1 400181 12972 1.4 16 11 2 6 36% 8388 360 20%
c u 15.29  0 13 52 15246  1 400181 12903 1.4 16 11 2 6 36% 8388 360 20%
c v 15.30  0 13 52 15246  1 400181 12828 1.4 16 11 2 6 36% 8388 360 20%
c w 15.30  0 13 52 15246  1 400181 12828 1.4 16 11 2 6 36% 8388 360 20%
c I 15.50  0 13 52 15246  1 406042 16159 1.4 16 11 2 6 36% 8388 360 20%
c - 15.84  0 13 53 15246  1 415995 11836 1.4 16 11 2 6 35% 8388 360 20%
c u 15.85  0 13 53 15246  1 415995 11756 1.4 16 11 2 6 35% 8388 360 20%
c v 15.86  0 13 53 15246  1 415995 11694 1.4 16 11 2 6 35% 8388 360 20%
c - 16.40  0 13 54 15256  1 432121 10008 1.4 16 11 2 6 34% 8388 360 20%
c u 16.41  0 13 54 15256  1 432121 9933 1.4 16 11 2 6 34% 8388 360 20%
c v 16.41  0 13 54 15256  1 432121 9893 1.4 16 11 2 6 34% 8388 360 20%
c B 16.50  0 13 54 15258  1 435043 11409 1.4 16 11 2 6 34% 8388 360 20%
c - 16.96  0 13 55 15261  1 448556 9643 1.4 16 11 2 6 34% 8388 360 20%
c u 16.97  0 13 55 15261  1 448556 9479 1.4 16 11 2 6 34% 8388 360 20%
c v 16.97  0 13 55 15261  1 448556 9430 1.4 16 11 2 6 34% 8388 360 20%
c 
c  seconds  reductions    conflicts        size   tier2     variables
c         MB      restarts      redundant     glue   trail      remaining
c          level        rate         size/glue  tier1 irredundant
c 
c w 16.97  0 13 55 15261  1 448556 9430 1.4 16 11 2 6 34% 8388 360 20%
c ] 17.04  0 13 55 15263  1 450788 10450 1.4 16 11 2 6 34% 8388 360 20%
c { 17.04  0 15 55 15263  2 450788 10450 1.7 18 11 2 5 30% 8388 360 20%
c B 17.52  0 15 55 16080  2 465045 20373 1.6 18 11 2 5 30% 8388 360 20%
c - 17.54  0 15 56 16097  2 465300 11562 1.6 18 11 2 5 30% 8388 360 20%
c u 17.55  0 15 56 16097  2 465300 11444 1.6 18 11 2 5 30% 8388 360 20%
c v 17.56  0 15 56 16097  2 465300 11379 1.6 18 11 2 5 30% 8388 360 20%
c w 17.56  0 15 56 16097  2 465300 11353 1.6 18 11 2 5 30% 8388 360 20%
c - 18.16  0 14 57 16385  2 482353 13289 1.7 18 11 2 5 29% 8388 360 20%
c u 18.17  0 14 57 16385  2 482353 13225 1.7 18 11 2 5 29% 8388 360 20%
c v 18.18  0 14 57 16385  2 482353 13177 1.7 18 11 2 5 29% 8388 360 20%
c W 18.94  0 14 57 17767  2 496048 23129 1.6 18 11 2 5 29% 8388 360 20%
c - 19.13  0 14 58 18184  2 499717 14486 1.6 18 11 2 5 29% 8388 360 20%
c u 19.15  0 14 58 18184  2 499717 14346 1.6 18 11 2 5 29% 8388 360 20%
c v 19.15  0 14 58 18184  2 499717 14282 1.6 18 11 2 5 29% 8388 360 20%
c w 19.15  0 14 58 18184  2 499717 14282 1.6 18 11 2 5 29% 8388 360 20%
c } 19.28  0 14 58 18441  2 502715 16409 1.6 18 11 2 5 29% 8388 360 20%
c [ 19.28  0 13 58 18441  1 502715 16409 1.4 16 11 2 6 34% 8388 360 20%
c - 19.82  0 12 59 18449  1 517389 13984 1.5 16 11 2 6 33% 8388 360 20%
c u 19.86  0 12 59 18449  1 517389 13810 1.5 16 11 2 6 33% 8388 360 20%
c 
c  seconds  reductions    conflicts         size   tier2     variables
c         MB      restarts       redundant     glue   trail      remaining
c          level        rate          size/glue  tier1 irredundant
c 
c v 19.87  0 12 59 18449  1 517389 13738 1.5 16 11 2 6 33% 8388 360 20%
c W 20.31  0 12 59 18454  1 528049 20990 1.5 16 11 2 6 33% 8388 360 20%
c - 20.61  0 12 60 18455  1 535372 13041 1.5 16 11 2 4 33% 8388 360 20%
c u 20.62  0 12 60 18455  1 535372 12824 1.5 16 11 2 4 33% 8388 360 20%
c v 20.63  0 12 60 18455  1 535372 12727 1.5 16 11 2 4 33% 8388 360 20%
c w 20.63  0 12 60 18455  1 535372 12727 1.5 16 11 2 4 33% 8388 360 20%
c - 21.28  0 12 61 18458  1 553664 11298 1.5 16 11 2 4 32% 8388 360 20%
c u 21.29  0 12 61 18458  1 553664 11108 1.5 16 11 2 4 32% 8388 360 20%
c v 21.30  0 12 61 18458  1 553664 11029 1.5 16 11 2 4 32% 8388 360 20%
c ] 21.38  0 12 61 18459  1 556339 12336 1.5 16 11 2 4 32% 8388 360 20%
c { 21.38  0 14 61 18459  2 556339 12336 1.6 18 11 2 5 29% 8388 360 20%
c F 21.54  0 14 61 18463  2 561052 14574 1.6 18 11 2 5 29% 8388 360 20%
c - 21.92  0 14 62 18720  2 572266 11683 1.6 17 11 2 5 29% 8388 360 20%
c u 21.93  0 14 62 18720  2 572266 11565 1.6 17 11 2 5 29% 8388 360 20%
c v 21.94  0 14 62 18720  2 572266 11483 1.6 17 11 2 5 29% 8388 360 20%
c w 21.94  0 14 62 18720  2 572266 11483 1.6 17 11 2 5 29% 8388 360 20%
c - 22.66  0 14 63 19159  1 591179 13696 1.6 17 11 2 5 29% 8388 360 20%
c u 22.67  0 14 63 19159  1 591179 13636 1.6 17 11 2 5 29% 8388 360 20%
c v 22.67  0 14 63 19159  1 591179 13580 1.6 17 11 2 5 29% 8388 360 20%
c B 22.84  0 14 63 19772  1 595056 16483 1.6 17 11 2 4 29% 8388 360 20%
c 
c  seconds  reductions    conflicts         size   tier2     variables
c         MB      restarts       redundant     glue   trail      remaining
c          level        rate          size/glue  tier1 irredundant
c 
c - 23.49  0 13 64 20251  1 610402 13989 1.6 17 11 2 4 29% 8388 360 20%
c u 23.51  0 13 64 20251  1 610402 13771 1.6 17 11 2 4 29% 8388 360 20%
c v 23.51  0 13 64 20251  1 610402 13665 1.6 17 11 2 4 29% 8388 360 20%
c w 23.51  0 13 64 20251  1 610402 13663 1.6 17 11 2 4 29% 8388 360 20%
c } 23.75  0 14 64 21334  1 615638 17730 1.6 17 11 2 4 29% 8388 360 20%
c [ 23.75  0 12 64 21334  1 615638 17730 1.5 16 11 2 4 32% 8388 360 20%
c - 24.42  0 12 65 21343  1 629936 14729 1.5 16 11 2 4 32% 8388 360 20%
c u 24.43  0 12 65 21343  1 629936 14522 1.5 16 11 2 4 32% 8388 360 20%
c v 24.44  0 12 65 21343  1 629936 14381 1.5 16 11 2 4 32% 8388 360 20%
c O 24.45  0 12 65 21343  1 630057 14469 1.5 16 11 2 4 32% 8388 360 20%
c - 25.19  0 12 66 21350  1 649779 13001 1.5 16 10 2 4 31% 8388 360 20%
c u 25.21  0 12 66 21350  1 649779 12781 1.5 16 10 2 4 31% 8388 360 20%
c v 25.22  0 12 66 21350  1 649779 12700 1.5 16 10 2 4 31% 8388 360 20%
c B 25.77  0 12 66 21359  1 666059 19679 1.5 15 10 2 4 31% 8388 360 20%
c - 25.92  0 12 67 21360  1 669931 11521 1.5 15 10 2 4 31% 8388 360 20%
c u 25.94  0 12 67 21360  1 669931 11379 1.5 15 10 2 4 31% 8388 360 20%
c v 25.94  0 12 67 21360  1 669931 11300 1.5 15 10 2 4 31% 8388 360 20%
c w 25.94  0 12 67 21360  1 669931 11300 1.5 15 10 2 4 31% 8388 360 20%
c ] 26.14  0 12 67 21360  1 675676 14048 1.5 15 10 2 4 31% 8388 360 20%
c { 26.14  0 14 67 21360  1 675676 14048 1.6 17 11 2 4 29% 8388 360 20%
c 
c  seconds  reductions    conflicts         size   tier2     variables
c         MB      restarts       redundant     glue   trail      remaining
c          level        rate          size/glue  tier1 irredundant
c 
c - 26.70  0 13 68 22241  1 690394 13116 1.6 17 11 2 4 29% 8388 360 20%
c u 26.71  0 13 68 22241  1 690394 13014 1.6 17 11 2 4 29% 8388 360 20%
c v 26.72  0 13 68 22241  1 690394 12888 1.6 17 11 2 4 29% 8388 360 20%
c w 26.72  0 13 68 22241  1 690394 12888 1.6 17 11 2 4 29% 8388 360 20%
c W 27.43  0 13 68 23028  1 703062 20864 1.6 17 11 2 4 29% 8388 360 20%
c - 27.74  0 13 69 23330  1 711167 14005 1.6 16 10 2 4 30% 8388 360 20%
c u 27.76  0 13 69 23330  1 711167 13875 1.6 16 10 2 4 30% 8388 360 20%
c v 27.76  0 13 69 23330  1 711167 13790 1.6 16 10 2 4 30% 8388 360 20%
c - 28.58  0 13 70 24348  1 732249 15078 1.6 16 10 2 4 30% 8388 360 20%
c u 28.65  0 13 70 24348  1 732249 14907 1.6 16 10 2 4 30% 8388 360 20%
c v 28.65  0 13 70 24348  1 732249 14795 1.6 16 10 2 4 30% 8388 360 20%
c # 28.99  0 13 70 25008  1 741063 19894 1.6 16 10 2 4 30% 8388 360 20%
c } 29.11  0 13 70 25467  1 743549 21600 1.6 16 10 2 4 30% 8388 360 20%
c [ 29.11  0 12 70 25467  1 743549 21600 1.5 15 10 2 4 31% 8388 360 20%
c - 29.49  0 12 71 25468  1 753643 14633 1.5 15 10 2 4 31% 8388 360 20%
c u 29.51  0 12 71 25468  1 753643 14458 1.5 15 10 2 4 31% 8388 360 20%
c v 29.51  0 12 71 25468  1 753643 14369 1.5 15 10 2 4 31% 8388 360 20%
c w 29.51  0 12 71 25468  1 753643 14369 1.5 15 10 2 4 31% 8388 360 20%
c - 30.36  0 11 72 25469  1 775346 13504 1.5 15 10 2 4 31% 8388 360 20%
c u 30.38  0 11 72 25469  1 775346 13294 1.5 15 10 2 4 31% 8388 360 20%
c 
c  seconds  reductions    conflicts         size   tier2     variables
c         MB      restarts       redundant     glue   trail      remaining
c          level        rate          size/glue  tier1 irredundant
c 
c v 30.39  0 11 72 25469  1 775346 13201 1.5 15 10 2 4 31% 8388 360 20%
c W 30.68  0 11 72 25469  1 780064 15272 1.5 15 10 2 4 31% 8388 360 20%
c - 31.34  0 11 73 25470  1 797360 12833 1.5 14 10 2 3 31% 8388 360 20%
c u 31.36  0 11 73 25470  1 797360 12671 1.5 14 10 2 3 31% 8388 360 20%
c v 31.36  0 11 73 25470  1 797360 12608 1.5 14 10 2 3 31% 8388 360 20%
c w 31.36  0 11 73 25470  1 797360 12608 1.5 14 10 2 3 31% 8388 360 20%
c x 31.37  0 11 73 25470  1 797360 12606 1.5 14 10 2 3 31% 8386 360 20%
c s 31.43  0 11 73 25470  1 797360 11958 1.5 14 10 2 3 31% 8381 360 20%
c s 31.48  0 11 73 25470  1 797360 11637 1.5 14 10 2 3 31% 8378 360 20%
c ] 32.09  0 11 73 25470  1 815023 19776 1.5 14 10 2 3 31% 8378 360 20%
c { 32.09  0 13 73 25470  1 815023 19776 1.6 16 10 2 4 30% 8378 360 20%
c - 32.26  0 13 74 25505  1 819683 12958 1.6 16 10 2 4 30% 8378 360 20%
c u 32.28  0 13 74 25505  1 819683 12845 1.6 16 10 2 4 30% 8378 360 20%
c v 32.29  0 13 74 25505  1 819683 12775 1.6 16 10 2 4 30% 8378 360 20%
c B 32.30  0 13 74 25521  1 820065 12986 1.6 16 10 2 4 30% 8378 360 20%
c - 33.12  0 12 75 25818  1 842318 13777 1.6 16 10 2 4 30% 8378 360 20%
c u 33.13  0 12 75 25818  1 842318 13654 1.6 16 10 2 4 30% 8378 360 20%
c v 33.14  0 12 75 25818  1 842318 13581 1.6 16 10 2 4 30% 8378 360 20%
c W 33.90  0 12 75 25843  1 861068 22013 1.5 15 10 2 3 30% 8378 360 20%
c - 34.07  0 11 76 25843  1 865262 12361 1.5 15 10 2 3 30% 8378 360 20%
c 
c  seconds  reductions    conflicts         size   tier2     variables
c         MB      restarts       redundant     glue   trail      remaining
c          level        rate          size/glue  tier1 irredundant
c 
c p 34.07  0 11 76 25843  1 865262 12361 1.5 15 10 2 3 30% 8378 360 20%
c u 34.09  0 11 76 25843  1 865262 12225 1.5 15 10 2 3 30% 8378 360 20%
c v 34.09  0 11 76 25843  1 865262 12128 1.5 15 10 2 3 30% 8378 360 20%
c i 34.29  0 11 76 25843  1 871319 14713 1.5 14 9 2 3 30% 8378 359 20%
c s 34.93  0 11 76 26515  1 888173 23674 1.5 14 9 2 3 30% 8378 359 20%
c e 34.93  0 11 76 26515  1 888173 20269 1.5 14 9 2 3 30% 8074 344 19%
c s 34.96  0 11 76 26515  1 888173 20233 1.5 14 9 2 3 30% 8074 344 19%
c - 34.99  0 11 77 26515  1 888516 8966 1.5 14 9 2 3 30% 8074 344 19%
c u 35.01  0 11 77 26515  1 888516 8790 1.5 14 9 2 3 30% 8074 344 19%
c v 35.01  0 11 77 26515  1 888516 8694 1.5 14 9 2 3 30% 8074 344 19%
c } 35.33  0 11 77 27539  1 898195 14860 1.5 14 9 2 3 30% 8074 344 19%
c [ 35.33  0 11 77 27539  1 898195 14860 1.5 14 10 2 3 31% 8074 344 19%
c I 35.52  0 11 77 27539  1 903070 17990 1.5 14 10 2 3 31% 8074 344 19%
c - 35.91  0 11 78 27539  1 912081 11001 1.5 14 10 2 3 31% 8074 344 19%
c u 35.93  0 11 78 27539  1 912081 10739 1.5 14 10 2 3 31% 8074 344 19%
c v 35.93  0 11 78 27539  1 912081 10648 1.5 14 10 2 3 31% 8074 344 19%
c - 36.77  0 10 79 27539  1 935956 10376 1.5 14 9 2 3 31% 8074 344 19%
c u 36.79  0 10 79 27539  1 935956 10216 1.5 14 9 2 3 31% 8074 344 19%
c v 36.79  0 10 79 27539  1 935956 10022 1.5 14 9 2 3 31% 8074 344 19%
c B 37.11  0 10 79 27542  1 946073 14211 1.5 14 9 2 3 31% 8074 344 19%
c 
c  seconds  reductions    conflicts         size  tier2     variables
c         MB      restarts       redundant     glue  trail      remaining
c          level        rate          size/glue tier1 irredundant
c 
c - 37.62  0 10 80 27549  1 960143 10221 1.5 14 9 2 3 30% 8074 344 19%
c u 37.64  0 10 80 27549  1 960143 10089 1.5 14 9 2 3 30% 8074 344 19%
c v 37.65  0 10 80 27549  1 960143 9992 1.5 14 9 2 3 30% 8074 344 19%
c i 38.09  0 10 80 27554  1 973150 15088 1.5 13 9 2 3 30% 8074 343 19%
c - 38.53  0 10 81 27560  1 984641 8750 1.5 13 9 2 3 30% 7608 343 19%
c u 38.54  0 10 81 27560  1 984641 8551 1.5 13 9 2 3 30% 7606 342 19%
c v 38.55  0 10 81 27560  1 984641 8468 1.5 13 9 2 3 30% 7606 342 19%
c w 38.55  0 10 81 27560  1 984641 8468 1.5 13 9 2 3 30% 7606 342 19%
c ] 38.55  0 10 81 27560  1 984734 8526 1.5 13 9 2 3 30% 7606 342 19%
c { 38.55  0 11 81 27560  1 984734 8526 1.5 14 9 2 3 30% 7606 342 19%
c s 38.70  0 11 81 27599  1 988336 9919 1.5 14 9 2 3 30% 7597 342 19%
c e 38.70  0 11 81 27599  1 988336 8929 1.5 14 9 2 3 30% 7717 334 19%
c s 38.73  0 11 81 27599  1 988336 8833 1.5 14 9 2 3 30% 7701 334 19%
c F 38.78  0 11 81 27635  1 990075 9822 1.5 14 9 2 3 30% 7701 334 19%
c i 39.19  0 11 81 27641  1 1002726 15829 1.5 14 9 2 3 29% 7701 333 19%
c i 39.38  0 11 81 27641  1 1008737 18427 1.5 14 9 2 3 29% 7701 332 19%
c - 39.42  0 11 82 27641  1 1009449 6711 1.5 14 9 2 3 29% 6621 332 19%
c = 39.47  0 11 82 27641  1 1009449 6606 1.5 14 9 2 3 29% 6611 326 18%
c u 39.48  0 11 82 27641  1 1009449 6390 1.5 14 9 2 3 29% 6607 326 18%
c v 39.49  0 11 82 27641  1 1009449 6311 1.5 14 9 2 3 29% 6607 326 18%
c 
c  seconds  reductions     conflicts        size  tier2     variables
c         MB      restarts       redundant     glue  trail      remaining
c          level        rate          size/glue tier1 irredundant
c 
c i 39.52  0 10 82 27641  1 1010452 6739 1.5 14 9 2 3 29% 6607 325 18%
c i 39.59  0 10 82 27641  1 1013095 7833 1.5 13 9 2 3 29% 6607 324 18%
c i 39.62  0 10 82 27641  1 1014365 8351 1.5 13 9 2 3 29% 6607 322 18%
c i 39.64  0 10 82 27641  1 1014867 8539 1.5 13 9 2 3 29% 6607 321 18%
c i 39.64  0 10 82 27641  1 1015067 8612 1.5 13 9 2 3 29% 6607 320 18%
c i 39.65  0 10 82 27641  1 1015409 8728 1.5 13 9 2 3 29% 6607 318 18%
c i 39.65  0 10 82 27641  1 1015419 8730 1.5 13 9 2 3 29% 6607 314 18%
c i 39.66  0 10 82 27641  1 1015571 8800 1.5 13 9 2 3 29% 6607 313 18%
c i 39.66  0 10 82 27641  1 1015599 8810 1.5 13 9 2 3 29% 6607 312 17%
c i 39.66  0 10 82 27641  1 1015653 8825 1.5 13 9 2 3 29% 6607 311 17%
c i 39.66  0 10 82 27641  1 1015675 8835 1.5 13 9 2 3 29% 6607 309 17%
c i 39.66  0 10 82 27641  1 1015678 8837 1.5 13 9 2 3 29% 6607 304 17%
c i 39.66  0 10 82 27641  1 1015682 8837 1.5 13 9 2 3 29% 6607 302 17%
c } 39.66  0 10 82 27641  1 1015687 8839 1.5 13 9 2 3 29% 6607 280 16%
c 0 39.66  0 10 82 27641  1 1015687 8839 1.5 13 9 2 3 29% 6607 280 16%
c 
c --- [ closing proof ] ------------------------------------------------------
c 
c DRAT proof file 'residual_256_3072.drat' closed
c DRAT 1061510 added clauses 50.20%
c DRAT 1053094 deleted clauses 49.80%
c DRAT 121670010 bytes (116.03 MB)
c 
c --- [ result ] -------------------------------------------------------------
c 
s UNSATISFIABLE
c 
c --- [ run-time profiling ] -------------------------------------------------
c 
c process time taken by individual solving procedures
c (percentage relative to process time for solving)
c 
c        37.10   93.56% search
c        18.29   46.12% unstable
c        17.69   44.61% stable
c         2.55    6.44% simplify
c         1.12    2.82% walk
c         1.10    2.77% vivify
c         1.03    2.59% subsume
c         0.22    0.56% sweep
c         0.06    0.16% elim
c         0.04    0.10% congruence
c         0.04    0.09% ternary
c         0.01    0.02% probe
c         0.01    0.01% backbone
c         0.00    0.01% parse
c         0.00    0.00% lucky
c   =================================
c        39.65   99.99% solve
c 
c last line shows process time for solving
c (percentage relative to total process time)
c 
c --- [ statistics ] ---------------------------------------------------------
c 
c chronological:             63475         6.25 %  of conflicts
c conflicts:               1015687     25613.13    per second
c backbone:                 225471     12638.51 %  of vars
c decisions:               1244171     31374.93    per second
c eliminated:                 1052        58.97 %  of all variables
c fixed:                        50         2.80 %  of all variables
c learned:                  995508        98.01 %  per conflict
c learned_lits:           22671344       100.00 %  learned literals
c minimized:                     0         0.00 %  learned literals
c shrunken:                6155076        27.15 %  learned literals
c minishrunken:             978968         4.32 %  learned literals
c otfs:                      15146         1.49 %  of conflict
c propagations:           41954889         1.06 M  per second
c reduced:                  528334        52.02 %  per conflict
c rephased:                     44     23083.80    interval
c restarts:                  27641        36.75    interval
c stabilizing:                  15        49.41 %  of conflicts
c substituted:                 402        22.53 %  of all variables
c sweep equivs:                  1         0.28 %  of swept variables
c subsumed:                 407586        39.86 %  of all clauses
c strengthened:              37953         3.71 %  of all clauses
c ticks:                1299640963        31.33    propagation
c vivified:                   6433         0.63 %  of all clauses
c walked:                       13     78129.77    interval
c weakened:                   5984         3.20    average size
c congruence:                   12     84640.58    interval
c 
c seconds are measured in process time for solving
c 
c --- [ glue usage ] ---------------------------------------------------------
c 
c focused glue 2 used 614706 clauses 19.01% accumulated 62.00% tier1
c focused glue 3 used 373426 clauses 11.55% accumulated 73.55% tier2
c 
c stable glue 2 used 665343 clauses 18.72% accumulated 62.99% tier1
c stable glue 3 used 383069 clauses 10.78% accumulated 73.77% tier2
c 
c 
c --- [ resources ] ----------------------------------------------------------
c 
c total process time since initialization:        39.66    seconds
c total real time since initialization:          109.91    seconds
c maximum resident set size of process:           33.17    MB
c 
c --- [ shutting down ] ------------------------------------------------------
c 
c exit 20
