c --- [ banner ] -------------------------------------------------------------
c 
c CaDiCaL SAT Solver
c Copyright (c) 2016-2026
c A. Biere, M. Fleury, N. Froleyks, K. Fazekas, F. Pollitt, T. Faller
c JKU Linz, University of Freiburg, TU Wien
c 
c Version 3.0.1
c Apple clang version 21.0.0 (clang-2100.0.123.102) -Wall -Wextra -O3 -DNDEBUG -DNCLOSEFROM
c Sun Jul 19 15:40:55 UTC 2026 Darwin Tahoe-arm64.local 25.4.0 arm64
c 
c --- [ proof tracing ] ------------------------------------------------------
c 
c opening file to write 'residual_256_512.drat'
c writing non-binary proof trace to 'residual_256_512.drat'
c 
c --- [ parsing input ] ------------------------------------------------------
c 
c reading DIMACS file from 'residual_256_512.cnf'
c opening file to read 'residual_256_512.cnf'
c found 'p cnf 1788 7097' header
c parsed 7097 clauses in 0.00 seconds process time
c 
c --- [ options ] ------------------------------------------------------------
c 
c   --binary=false                 (different from default 'true')
c 
c --- [ solving ] ------------------------------------------------------------
c 
c time measured in process time since initialization
c 
c  seconds  reduction conflicts       size tier2     variables
c         MB    restarts   redundant    glue  trail       remaining
c          level     rate       size/glu tier1 irredundant
c 
c *  0.00  0  0 0   0  0    0    0 0.0 0 0 2 6  0% 7097 1788 100%
c )  0.00  0  0 0   0  0    0    0 0.0 0 0 2 6  0% 7097 1788 100%
c {  0.00  0  0 0   0  0    0    0 0.0 0 0 2 6  0% 7097 1788 100%
c -  0.01  0 26 1  57  5  301  110 1.3 18 14 2 6 21% 7097 1788 100%
c -  0.02  0 24 2  66  3  735  358 1.5 14 9 2 6 22% 7097 1788 100%
c }  0.02  0 23 2  66  3 1002  558 1.7 14 8 2 6 23% 7097 1788 100%
c [  0.02  0  0 2  66  0 1002  558 0.0 0 0 2 6  0% 7097 1788 100%
c O  0.02  0 17 2  66 18 1003  559 1.8 7 4 2 6 51% 7097 1788 100%
c -  0.03  0 17 3  66  1 1413  672 2.5 12 5 2 6 49% 7097 1788 100%
c c  0.04  0 17 3  66  1 1484  735 2.7 15 5 2 6 48% 6303 1786 100%
c ]  0.06  0 20 3  66  1 1932 1127 2.1 18 8 2 6 33% 5513 1391 78%
c {  0.06  0 23 3  66  3 1932 1127 1.7 14 8 2 6 23% 5513 1391 78%
c -  0.07  0 23 4 129  3 2353  848 1.6 15 9 2 6 21% 5513 1391 78%
c O  0.09  0 21 4 205  3 3004 1427 1.8 16 9 2 6 21% 5513 1391 78%
c -  0.10  0 20 5 215  3 3565 1179 2.0 17 9 2 6 21% 5513 1391 78%
c s  0.11  0 19 5 215  2 3978 1509 2.1 17 8 2 6 21% 5509 1391 78%
c e  0.12  0 19 5 215  2 3978  384 2.1 17 8 2 6 21% 4980 634 35%
c s  0.12  0 19 5 215  2 3978  379 2.1 17 8 2 6 21% 4980 634 35%
c -  0.15  0 19 6 485  3 5058  818 1.8 18 10 4 10 17% 4980 634 35%
c #  0.17  0 20 6 713  3 6005 1641 1.7 18 11 4 10 23% 4980 634 35%
c 
c  seconds  reduction conflicts       size   tier2      variables
c         MB    restarts   redundant     glue    trail      remaining
c          level     rate       size/glue  tier1  irredundant
c 
c p  0.18  0 20 6 830  3 6587 2143 1.6 18 11 4 11 22% 4980 634 35%
c u  0.18  0 20 6 830  3 6587 2107 1.6 18 11 4 11 22% 4980 634 35%
c v  0.18  0 20 6 830  3 6587 2104 1.6 18 11 4 11 22% 4980 634 35%
c w  0.18  0 20 6 830  3 6587 2094 1.6 18 11 4 11 22% 4980 634 35%
c }  0.19  0 19 6 830  3 6807 2271 1.6 18 11 4 11 22% 4980 634 35%
c [  0.19  0 20 6 830  1 6807 2271 2.1 18 8 2 6 94% 4980 634 35%
c -  0.19  0 20 7 830  1 6837 1509 2.1 17 8 2 6 92% 4980 634 35%
c -  0.24  0 16 8 832  1 8905 1870 1.7 18 11 4 8 43% 4980 634 35%
c I  0.27  0 16 8 832  1 10006 2587 1.6 18 11 4 10 38% 4980 634 35%
c -  0.29  0 16 9 834  1 11264 2184 1.6 18 12 4 10 33% 4980 634 35%
c ]  0.31  0 15 9 834  1 12095 2691 1.5 18 12 4 10 32% 4980 634 35%
c {  0.31  0 19 9 834  3 12095 2691 1.6 18 11 4 11 22% 4980 634 35%
c -  0.35  0 19 10 1144  3 13919 2999 1.6 18 11 4 13 21% 4980 634 35%
c u  0.38  0 19 10 1291  3 14936 3739 1.6 18 12 4 13 21% 4980 634 35%
c v  0.38  0 19 10 1291  3 14936 3738 1.6 18 12 4 13 21% 4980 634 35%
c w  0.38  0 19 10 1291  3 14936 3733 1.6 18 12 4 13 21% 4980 634 35%
c B  0.38  0 19 10 1291  3 15008 3785 1.6 18 12 4 13 21% 4980 634 35%
c -  0.42  0 19 11 1372  3 16868 4307 1.6 18 11 4 13 22% 4980 634 35%
c -  0.49  0 18 12 1426  2 20116 5683 1.7 18 11 4 13 22% 4980 634 35%
c W  0.52  0 18 12 1427  2 21009 6415 1.7 18 11 4 13 22% 4980 634 35%
c 
c  seconds  reductions   conflicts       size   tier2      variables
c         MB     restarts     redundant     glue    trail      remaining
c          level       rate        size/glue  tier1  irredundant
c 
c }  0.56  0 18 12 1639  2 22223 7440 1.6 18 11 4 11 22% 4980 634 35%
c [  0.56  0 15 12 1639  1 22223 7440 1.5 18 12 4 10 32% 4980 634 35%
c -  0.60  0 15 13 1640  1 23662 5405 1.6 18 12 4 10 30% 4980 634 35%
c u  0.61  0 15 13 1640  1 23967 5619 1.6 19 12 4 10 30% 4980 634 35%
c v  0.61  0 15 13 1640  1 23967 5600 1.6 19 12 4 10 30% 4980 634 35%
c w  0.61  0 15 13 1640  1 23967 5598 1.6 19 12 4 10 30% 4980 634 35%
c -  0.70  0 15 14 1641  1 27511 4646 1.5 18 12 4 10 27% 4980 634 35%
c B  0.72  0 15 14 1641  1 28011 4913 1.5 18 12 4 10 27% 4980 634 35%
c ]  0.80  0 15 14 1644  1 31433 6829 1.5 18 12 4 10 26% 4980 634 35%
c {  0.80  0 18 14 1644  2 31433 6829 1.6 18 11 4 11 22% 4980 634 35%
c -  0.81  0 18 15 1666  2 31657 4621 1.6 18 11 4 11 22% 4980 634 35%
c u  0.81  0 18 15 1666  2 31657 4523 1.6 18 11 4 11 22% 4980 634 35%
c v  0.81  0 18 15 1666  2 31657 4517 1.6 18 11 4 11 22% 4980 634 35%
c w  0.82  0 18 15 1666  2 31657 4509 1.6 18 11 4 11 22% 4980 634 35%
c F  0.91  0 17 15 1732  2 36014 8391 1.7 19 11 4 11 22% 4980 634 35%
c -  0.92  0 17 16 1732  2 36106 6464 1.7 19 11 4 11 22% 4980 634 35%
c -  1.04  0 17 17 2194  2 40856 6849 1.7 19 11 3 10 22% 4980 634 35%
c u  1.05  0 17 17 2194  2 40856 6776 1.7 19 11 3 10 22% 4980 634 35%
c v  1.05  0 17 17 2194  2 40856 6769 1.7 19 11 3 10 22% 4980 634 35%
c w  1.05  0 17 17 2194  2 40856 6753 1.7 19 11 3 10 22% 4980 634 35%
c 
c  seconds  reductions   conflicts        size   tier2      variables
c         MB     restarts      redundant     glue    trail      remaining
c          level       rate         size/glue  tier1  irredundant
c 
c B  1.16  0 17 17 2681  2 45015 10116 1.7 19 11 3 10 22% 4980 634 35%
c }  1.18  0 17 17 2817  2 45558 10569 1.7 19 11 3 10 22% 4980 634 35%
c [  1.18  0 15 17 2817  1 45558 10569 1.5 18 12 4 10 26% 4980 634 35%
c -  1.19  0 15 18 2817  1 45910 6486 1.5 18 12 4 10 26% 4980 634 35%
c -  1.34  0 15 19 2821  1 51267 5883 1.5 18 12 4 10 25% 4980 634 35%
c u  1.35  0 15 19 2821  1 51267 5825 1.5 18 12 4 10 25% 4980 634 35%
c v  1.35  0 15 19 2821  1 51267 5821 1.5 18 12 4 10 25% 4980 634 35%
c w  1.35  0 15 19 2821  1 51267 5817 1.5 18 12 4 10 25% 4980 634 35%
c W  1.47  0 14 19 2821  1 55016 7657 1.5 17 12 4 10 25% 4980 634 35%
c -  1.53  0 14 20 2822  1 56928 5444 1.5 17 12 4 10 24% 4980 634 35%
c u  1.54  0 14 20 2822  1 56928 5399 1.5 17 12 4 10 24% 4980 634 35%
c w  1.54  0 14 20 2822  1 56928 5345 1.5 17 12 4 10 24% 4980 634 35%
c ]  1.62  0 14 20 2822  1 60287 7175 1.4 17 12 4 10 24% 4980 634 35%
c {  1.62  0 17 20 2822  2 60287 7175 1.7 19 11 3 10 22% 4980 634 35%
c -  1.69  0 17 21 3065  2 62892 6601 1.6 19 11 3 10 22% 4980 634 35%
c W  1.77  0 17 21 3220  2 66018 9156 1.6 19 11 3 10 22% 4980 634 35%
c -  1.87  0 17 22 3511  2 69161 7811 1.6 19 11 3 10 22% 4980 634 35%
c u  1.88  0 17 22 3511  2 69161 7749 1.6 19 11 3 10 22% 4980 634 35%
c v  1.88  0 17 22 3511  2 69161 7724 1.6 19 11 3 10 22% 4980 634 35%
c w  1.88  0 17 22 3511  2 69161 7706 1.6 19 11 3 10 22% 4980 634 35%
c 
c  seconds  reductions   conflicts       size   tier2      variables
c         MB     restarts     redundant     glue    trail      remaining
c          level       rate        size/glue  tier1  irredundant
c 
c -  2.08  0 16 23 3808  2 75735 9685 1.7 19 11 3 10 22% 4980 634 35%
c #  2.16  0 16 23 4102  2 78022 11692 1.7 19 11 3 10 22% 4980 634 35%
c }  2.20  0 16 23 4116  2 79526 12874 1.7 19 11 3 10 22% 4980 634 35%
c [  2.20  0 14 23 4116  1 79526 12874 1.4 17 12 4 10 24% 4980 634 35%
c -  2.30  0 14 24 4116  1 82615 10649 1.5 17 12 4 10 24% 4980 634 35%
c u  2.31  0 14 24 4116  1 82615 10560 1.5 17 12 4 10 24% 4980 634 35%
c v  2.31  0 14 24 4116  1 82615 10535 1.5 17 12 4 10 24% 4980 634 35%
c w  2.31  0 14 24 4116  1 82615 10515 1.5 17 12 4 10 24% 4980 634 35%
c -  2.55  0 14 25 4122  1 89801 9826 1.5 18 12 4 10 24% 4980 634 35%
c u  2.57  0 14 25 4122  1 89801 9793 1.5 18 12 4 10 24% 4980 634 35%
c v  2.57  0 14 25 4122  1 89801 9779 1.5 18 12 4 10 24% 4980 634 35%
c O  2.61  0 14 25 4123  1 91023 10406 1.5 18 12 4 10 24% 4980 634 35%
c ]  2.78  0 14 25 4125  1 96709 13288 1.5 18 12 4 10 24% 4980 634 35%
c {  2.78  0 16 25 4125  2 96709 13288 1.7 19 11 3 10 22% 4980 634 35%
c -  2.80  0 16 26 4125  2 97294 8729 1.7 19 11 3 10 22% 4980 634 35%
c u  2.81  0 16 26 4125  2 97294 8674 1.7 19 11 3 10 22% 4980 634 35%
c v  2.81  0 16 26 4125  2 97294 8634 1.7 19 11 3 10 22% 4980 634 35%
c B  3.05  0 16 26 4538  2 105024 14637 1.7 19 11 3 10 22% 4980 634 35%
c -  3.05  0 16 27 4538  2 105093 9700 1.7 19 11 3 10 22% 4980 634 35%
c u  3.06  0 16 27 4538  2 105093 9606 1.7 19 11 3 10 22% 4980 634 35%
c 
c  seconds  reductions   conflicts        size   tier2      variables
c         MB     restarts      redundant     glue    trail      remaining
c          level       rate         size/glue  tier1  irredundant
c 
c v  3.06  0 16 27 4538  2 105093 9591 1.7 19 11 3 10 22% 4980 634 35%
c w  3.07  0 16 27 4538  2 105093 9581 1.7 19 11 3 10 22% 4980 634 35%
c -  3.33  0 16 28 4873  2 113197 11220 1.7 19 11 3 10 22% 4980 634 35%
c u  3.34  0 16 28 4873  2 113197 11154 1.7 19 11 3 10 22% 4980 634 35%
c v  3.34  0 16 28 4873  2 113197 11139 1.7 19 11 3 10 22% 4980 634 35%
c w  3.34  0 16 28 4873  2 113197 11134 1.7 19 11 3 10 22% 4980 634 35%
c W  3.61  0 15 28 5353  2 120027 16315 1.7 19 11 3 10 22% 4980 634 35%
c }  3.65  0 15 28 5542  2 120762 16942 1.7 19 11 3 10 22% 4980 634 35%
c [  3.65  0 14 28 5542  1 120762 16942 1.5 18 12 4 10 24% 4980 634 35%
c -  3.68  0 14 29 5543  1 121608 11850 1.5 18 12 4 10 24% 4980 634 35%
c u  3.69  0 14 29 5543  1 121608 11827 1.5 18 12 4 10 24% 4980 634 35%
c v  3.70  0 14 29 5543  1 121608 11813 1.5 18 12 4 10 24% 4980 634 35%
c w  3.70  0 14 29 5543  1 121608 11804 1.5 18 12 4 10 24% 4980 634 35%
c -  4.01  0 13 30 5547  1 130326 11195 1.5 17 12 4 10 24% 4980 634 35%
c u  4.02  0 13 30 5547  1 130326 11143 1.5 17 12 4 10 24% 4980 634 35%
c v  4.02  0 13 30 5547  1 130326 11139 1.5 17 12 4 10 24% 4980 634 35%
c w  4.03  0 13 30 5547  1 130326 11137 1.5 17 12 4 10 24% 4980 634 35%
c x  4.03  0 13 30 5547  1 130326 11137 1.5 17 12 4 10 24% 4978 634 35%
c s  4.09  0 13 30 5547  1 130326 10538 1.5 17 12 4 10 24% 4976 634 35%
c s  4.14  0 13 30 5547  1 130326 10395 1.5 17 12 4 10 24% 4976 634 35%
c 
c  seconds  reductions   conflicts         size   tier2      variables
c         MB     restarts       redundant     glue    trail      remaining
c          level       rate          size/glue  tier1  irredundant
c 
c ^  4.14  0 13 30 5547  1 130326 10395 1.5 17 12 4 10 24% 4976 634 35%
c B  4.33  0 13 30 5548  1 136028 13330 1.5 17 12 4 10 24% 4976 634 35%
c -  4.44  0 13 31 5548  1 139351 10372 1.5 17 12 3 10 24% 4976 634 35%
c u  4.45  0 13 31 5548  1 139351 10275 1.5 17 12 3 10 24% 4976 634 35%
c v  4.45  0 13 31 5548  1 139351 10259 1.5 17 12 3 10 24% 4976 634 35%
c w  4.45  0 13 31 5548  1 139351 10243 1.5 17 12 3 10 24% 4976 634 35%
c ]  4.62  0 13 31 5549  1 144735 12903 1.5 17 12 3 10 24% 4976 634 35%
c {  4.62  0 15 31 5549  2 144735 12903 1.7 19 11 3 10 22% 4976 634 35%
c s  4.80  0 15 31 5820  2 148161 14800 1.6 19 11 3 10 22% 4976 634 35%
c s  4.82  0 15 31 5820  2 148161 14789 1.6 19 11 3 10 22% 4976 634 35%
c ^  4.82  0 15 31 5820  2 148161 14789 1.6 19 11 3 10 22% 4976 634 35%
c -  4.85  0 15 32 5836  2 148684 10659 1.6 19 11 3 10 22% 4976 634 35%
c u  4.87  0 15 32 5836  2 148684 10566 1.6 19 11 3 10 22% 4976 634 35%
c v  4.87  0 15 32 5836  2 148684 10547 1.6 19 11 3 10 22% 4976 634 35%
c w  4.88  0 15 32 5836  2 148684 10535 1.6 19 11 3 10 22% 4976 634 35%
c F  5.02  0 15 32 6274  2 153029 13715 1.6 19 11 3 10 22% 4976 634 35%
c -  5.25  0 16 33 7012  2 158325 12310 1.6 18 11 3 10 22% 4976 634 35%
c u  5.27  0 16 33 7012  2 158325 12239 1.6 18 11 3 10 22% 4976 634 35%
c v  5.27  0 16 33 7012  2 158325 12216 1.6 18 11 3 10 22% 4976 634 35%
c w  5.27  0 16 33 7012  2 158325 12204 1.6 18 11 3 10 22% 4976 634 35%
c 
c  seconds  reductions   conflicts         size   tier2      variables
c         MB     restarts       redundant     glue    trail      remaining
c          level       rate          size/glue  tier1  irredundant
c 
c -  5.65  0 15 34 7984  2 168272 13317 1.6 18 12 3 10 22% 4976 634 35%
c u  5.66  0 15 34 7984  2 168272 13245 1.6 18 12 3 10 22% 4976 634 35%
c v  5.66  0 15 34 7984  2 168272 13242 1.6 18 12 3 10 22% 4976 634 35%
c w  5.66  0 15 34 7984  2 168272 13240 1.6 18 12 3 10 22% 4976 634 35%
c B  5.76  0 16 34 8126  2 171031 15692 1.6 19 12 3 10 23% 4976 634 35%
c }  5.78  0 16 34 8189  2 171381 15967 1.6 19 12 3 10 23% 4976 634 35%
c [  5.78  0 13 34 8189  1 171381 15967 1.5 17 12 3 10 24% 4976 634 35%
c s  5.88  0 13 34 8189  1 171941 16136 1.5 17 12 3 10 24% 4976 634 35%
c s  5.90  0 13 34 8189  1 171941 16136 1.5 17 12 3 10 24% 4976 634 35%
c ^  5.90  0 13 34 8189  1 171941 16136 1.5 17 12 3 10 24% 4976 634 35%
c -  6.16  0 13 35 8189  1 178527 13762 1.5 17 12 3 10 24% 4976 634 35%
c u  6.17  0 13 35 8189  1 178527 13708 1.5 17 12 3 10 24% 4976 634 35%
c v  6.17  0 13 35 8189  1 178527 13647 1.5 17 12 3 10 24% 4976 634 35%
c w  6.17  0 13 35 8189  1 178527 13642 1.5 17 12 3 10 24% 4976 634 35%
c -  6.58  0 13 36 8194  1 189090 13489 1.4 17 12 3 10 24% 4976 634 35%
c u  6.59  0 13 36 8194  1 189090 13443 1.4 17 12 3 10 24% 4976 634 35%
c v  6.60  0 13 36 8194  1 189090 13414 1.4 17 12 3 10 24% 4976 634 35%
c w  6.60  0 13 36 8194  1 189090 13413 1.4 17 12 3 10 24% 4976 634 35%
c W  6.70  0 13 36 8195  1 190033 13922 1.4 17 12 3 10 24% 4976 634 35%
c ]  6.99  0 13 36 8199  1 197678 17520 1.4 17 12 3 10 24% 4976 634 35%
c 
c  seconds  reductions   conflicts         size   tier2      variables
c         MB     restarts       redundant     glue    trail      remaining
c          level       rate          size/glue  tier1  irredundant
c 
c {  6.99  0 16 36 8199  2 197678 17520 1.6 19 12 3 10 23% 4976 634 35%
c -  7.08  0 15 37 8303  2 199961 13028 1.6 19 12 3 10 23% 4976 634 35%
c u  7.09  0 15 37 8303  2 199961 12931 1.6 19 12 3 10 23% 4976 634 35%
c v  7.10  0 15 37 8303  2 199961 12905 1.6 19 12 3 10 23% 4976 634 35%
c w  7.10  0 15 37 8303  2 199961 12895 1.6 19 12 3 10 23% 4976 634 35%
c s  7.20  0 15 37 8616  2 201666 14049 1.6 19 12 2 7 23% 4976 634 35%
c e  7.20  0 15 37 8616  2 201666 10397 1.6 19 12 2 7 23% 5232 570 32%
c s  7.23  0 15 37 8616  2 201666 10387 1.6 19 12 2 7 23% 5232 570 32%
c ^  7.23  0 15 37 8616  2 201666 10387 1.6 19 12 2 7 23% 5232 570 32%
c W  7.51  0 15 37 9243  2 210039 16660 1.6 18 12 2 7 22% 5232 570 32%
c -  7.55  0 15 38 9260  2 211141 8758 1.6 18 12 2 7 22% 5232 570 32%
c u  7.56  0 15 38 9260  2 211141 8585 1.6 18 12 2 7 22% 5232 570 32%
c v  7.56  0 15 38 9260  2 211141 8559 1.6 18 12 2 7 22% 5232 570 32%
c w  7.57  0 15 38 9260  2 211141 8534 1.6 18 12 2 7 22% 5232 570 32%
c -  7.90  0 15 39 9366  2 222628 9421 1.6 18 11 2 7 22% 5232 570 32%
c u  7.91  0 15 39 9366  2 222628 9379 1.6 18 11 2 7 22% 5232 570 32%
c v  7.91  0 15 39 9366  2 222628 9345 1.6 18 11 2 7 22% 5232 570 32%
c w  7.91  0 15 39 9366  2 222628 9339 1.6 18 11 2 7 22% 5232 570 32%
c #  8.17  0 15 39 9366  2 231040 15321 1.6 18 11 2 7 22% 5232 570 32%
c -  8.31  0 15 40 9603  2 234424 9995 1.6 18 11 2 7 22% 5232 570 32%
c 
c  seconds  reductions   conflicts        size   tier2     variables
c         MB     restarts      redundant     glue   trail      remaining
c          level       rate         size/glue  tier1 irredundant
c 
c u  8.34  0 15 40 9603  2 234424 9922 1.6 18 11 2 7 22% 5232 570 32%
c v  8.34  0 15 40 9603  2 234424 9895 1.6 18 11 2 7 22% 5232 570 32%
c w  8.34  0 15 40 9603  2 234424 9889 1.6 18 11 2 7 22% 5232 570 32%
c }  8.50  0 15 40 10505  2 238768 13211 1.6 18 11 2 7 22% 5232 570 32%
c [  8.50  0 13 40 10505  1 238768 13211 1.4 17 12 3 10 24% 5232 570 32%
c s  8.59  0 13 40 10505  1 240046 13838 1.4 17 12 3 10 24% 5232 570 32%
c e  8.60  0 13 40 10505  1 240046 8318 1.4 17 12 3 10 24% 5360 554 31%
c s  8.62  0 13 40 10505  1 240046 8236 1.4 17 12 3 10 24% 5359 554 31%
c -  8.82  0 13 41 10509  1 246528 6676 1.4 17 12 3 10 24% 5359 554 31%
c u  8.83  0 13 41 10509  1 246528 6554 1.4 17 12 3 10 24% 5359 554 31%
c v  8.84  0 13 41 10509  1 246528 6524 1.4 17 12 3 10 24% 5359 554 31%
c w  8.84  0 13 41 10509  1 246528 6501 1.4 17 12 3 10 24% 5359 554 31%
c I  9.02  0 13 41 10510  1 253043 9984 1.4 17 12 3 10 23% 5359 554 31%
c -  9.18  0 13 42 10512  1 258940 6957 1.4 17 12 3 10 23% 5359 554 31%
c u  9.19  0 13 42 10512  1 258940 6913 1.4 17 12 3 10 23% 5359 554 31%
c v  9.19  0 13 42 10512  1 258940 6894 1.4 17 12 3 10 23% 5359 554 31%
c w  9.20  0 13 42 10512  1 258940 6886 1.4 17 12 3 10 23% 5359 554 31%
c -  9.55  0 13 43 10519  1 271663 6923 1.4 16 12 2 8 22% 5359 554 31%
c u  9.56  0 13 43 10519  1 271663 6864 1.4 16 12 2 8 22% 5359 554 31%
c v  9.56  0 13 43 10519  1 271663 6842 1.4 16 12 2 8 22% 5359 554 31%
c 
c  seconds  reductions    conflicts        size   tier2     variables
c         MB      restarts      redundant     glue   trail      remaining
c          level        rate         size/glue  tier1 irredundant
c 
c w  9.56  0 13 43 10519  1 271663 6833 1.4 16 12 2 8 22% 5359 554 31%
c B  9.68  0 13 43 10523  1 276044 9110 1.4 16 12 2 8 22% 5359 554 31%
c -  9.93  0 13 44 10525  1 284694 7029 1.4 16 11 2 8 22% 5359 554 31%
c u  9.94  0 13 44 10525  1 284694 6947 1.4 16 11 2 8 22% 5359 554 31%
c v  9.94  0 13 44 10525  1 284694 6921 1.4 16 11 2 8 22% 5359 554 31%
c w  9.94  0 13 44 10525  1 284694 6905 1.4 16 11 2 8 22% 5359 554 31%
c ] 10.04  0 13 44 10525  1 288386 8699 1.4 16 11 2 8 22% 5359 554 31%
c { 10.04  0 15 44 10525  2 288386 8699 1.6 18 11 2 7 22% 5359 554 31%
c - 10.33  0 15 45 10776  2 298035 9590 1.7 19 11 2 7 22% 5359 554 31%
c u 10.34  0 15 45 10776  2 298035 9556 1.7 19 11 2 7 22% 5359 554 31%
c v 10.34  0 15 45 10776  2 298035 9540 1.7 19 11 2 7 22% 5359 554 31%
c w 10.35  0 15 45 10776  2 298035 9393 1.7 19 11 2 7 22% 5359 554 31%
c B 10.41  0 15 45 11071  2 300045 10858 1.7 19 11 2 7 22% 5359 554 31%
c - 10.77  0 15 46 11856  2 311686 12000 1.7 19 11 2 7 21% 5359 554 31%
c u 10.78  0 15 46 11856  2 311686 11967 1.7 19 11 2 7 21% 5359 554 31%
c v 10.79  0 15 46 11856  2 311686 11944 1.7 19 11 2 7 21% 5359 554 31%
c w 10.79  0 15 46 11856  2 311686 11935 1.7 19 11 2 7 21% 5359 554 31%
c W 11.40  0 15 46 13768  2 325046 22058 1.6 19 11 2 7 21% 5359 554 31%
c - 11.42  0 15 47 13768  2 325645 12844 1.6 18 11 2 7 21% 5359 554 31%
c u 11.44  0 15 47 13768  2 325645 12753 1.6 18 11 2 7 21% 5359 554 31%
c 
c  seconds  reductions    conflicts         size   tier2     variables
c         MB      restarts       redundant     glue   trail      remaining
c          level        rate          size/glue  tier1 irredundant
c 
c v 11.44  0 15 47 13768  2 325645 12703 1.6 18 11 2 7 21% 5359 554 31%
c w 11.44  0 15 47 13768  2 325645 12693 1.6 18 11 2 7 21% 5359 554 31%
c } 11.83  0 15 47 14830  2 337149 20684 1.6 18 11 2 6 21% 5359 554 31%
c [ 11.83  0 13 47 14830  1 337149 20684 1.4 16 11 2 8 22% 5359 554 31%
c - 11.94  0 13 48 14831  1 339911 12255 1.4 16 11 2 8 22% 5359 554 31%
c u 11.96  0 13 48 14831  1 339911 12147 1.4 16 11 2 8 22% 5359 554 31%
c v 11.96  0 13 48 14831  1 339911 12114 1.4 16 11 2 8 22% 5359 554 31%
c w 11.96  0 13 48 14831  1 339911 12086 1.4 16 11 2 8 22% 5359 554 31%
c W 12.37  0 13 48 14831  1 351047 18190 1.4 16 11 2 8 22% 5359 554 31%
c - 12.51  0 13 49 14831  1 354487 10615 1.4 16 11 2 8 22% 5359 554 31%
c u 12.55  0 13 49 14831  1 354487 10531 1.4 16 11 2 8 22% 5359 554 31%
c v 12.55  0 13 49 14831  1 354487 10469 1.4 16 11 2 8 22% 5359 554 31%
c - 13.06  0 13 50 14832  1 369371 9308 1.4 16 11 2 8 21% 5359 554 31%
c u 13.08  0 13 50 14832  1 369371 9170 1.4 16 11 2 8 21% 5359 554 31%
c v 13.08  0 13 50 14832  1 369371 9091 1.4 16 11 2 8 21% 5359 554 31%
c O 13.37  0 13 50 14832  1 378048 13760 1.4 16 11 2 8 21% 5359 554 31%
c - 13.59  0 13 51 14832  1 384565 9660 1.4 16 11 2 8 21% 5359 554 31%
c u 13.60  0 13 51 14832  1 384565 9564 1.4 16 11 2 8 21% 5359 554 31%
c v 13.60  0 13 51 14832  1 384565 9528 1.4 16 11 2 8 21% 5359 554 31%
c ] 13.61  0 13 51 14832  1 384745 9644 1.4 16 11 2 8 21% 5359 554 31%
c 
c  seconds  reductions    conflicts        size   tier2     variables
c         MB      restarts      redundant     glue   trail      remaining
c          level        rate         size/glue  tier1 irredundant
c 
c { 13.61  0 15 51 14832  2 384745 9644 1.6 18 11 2 6 21% 5359 554 31%
c - 14.09  0 15 52 15385  2 400069 11316 1.6 18 11 2 6 21% 5359 554 31%
c u 14.11  0 15 52 15385  2 400069 11235 1.6 18 11 2 6 21% 5359 554 31%
c v 14.11  0 15 52 15385  2 400069 11149 1.6 18 11 2 6 21% 5359 554 31%
c w 14.11  0 15 52 15385  2 400069 11125 1.6 18 11 2 6 21% 5359 554 31%
c F 14.29  0 15 52 15421  2 406049 15049 1.6 18 11 2 6 21% 5359 554 31%
c - 14.66  0 14 53 16022  2 415881 12183 1.6 18 11 2 6 21% 5359 554 31%
c u 14.67  0 14 53 16022  2 415881 12115 1.6 18 11 2 6 21% 5359 554 31%
c v 14.67  0 14 53 16022  2 415881 12056 1.6 18 11 2 6 21% 5359 554 31%
c w 14.67  0 14 53 16022  2 415881 12025 1.6 18 11 2 6 21% 5359 554 31%
c - 15.26  0 14 54 16563  1 432003 13600 1.6 18 11 2 6 21% 5359 554 31%
c u 15.28  0 14 54 16563  1 432003 13490 1.6 18 11 2 6 21% 5359 554 31%
c v 15.28  0 14 54 16563  1 432003 13424 1.6 18 11 2 6 21% 5359 554 31%
c B 15.38  0 14 54 16571  1 435051 15568 1.6 18 11 2 6 21% 5359 554 31%
c } 15.69  0 14 54 17082  1 443231 20460 1.6 18 11 2 6 20% 5359 554 31%
c [ 15.69  0 13 54 17082  1 443231 20460 1.4 16 11 2 8 21% 5359 554 31%
c - 15.91  0 13 55 17083  1 448436 13804 1.4 16 11 2 8 21% 5359 554 31%
c u 15.92  0 13 55 17083  1 448436 13673 1.4 16 11 2 8 21% 5359 554 31%
c v 15.93  0 13 55 17083  1 448436 13593 1.4 16 11 2 8 21% 5359 554 31%
c w 15.93  0 13 55 17083  1 448436 13593 1.4 16 11 2 8 21% 5359 554 31%
c 
c  seconds  reductions    conflicts         size   tier2     variables
c         MB      restarts       redundant     glue   trail      remaining
c          level        rate          size/glue  tier1 irredundant
c 
c B 16.56  0 12 55 17094  1 465054 22379 1.4 16 11 2 6 21% 5359 554 31%
c - 16.57  0 12 56 17094  1 465177 13239 1.4 16 11 2 6 21% 5359 554 31%
c u 16.59  0 12 56 17094  1 465177 13144 1.4 16 11 2 6 21% 5359 554 31%
c v 16.59  0 12 56 17094  1 465177 13092 1.4 16 11 2 6 21% 5359 554 31%
c w 16.59  0 12 56 17094  1 465177 13091 1.4 16 11 2 6 21% 5359 554 31%
c - 17.24  0 12 57 17099  1 482227 11782 1.4 16 11 2 6 21% 5359 554 31%
c u 17.25  0 12 57 17099  1 482227 11643 1.4 16 11 2 6 21% 5359 554 31%
c v 17.25  0 12 57 17099  1 482227 11578 1.4 16 11 2 6 21% 5359 554 31%
c ] 17.68  0 12 57 17106  1 494396 16629 1.4 15 11 2 6 21% 5359 554 31%
c { 17.69  0 14 57 17106  1 494396 16629 1.6 18 11 2 6 20% 5359 554 31%
c W 17.89  0 14 57 17106  1 496057 17365 1.6 18 11 2 6 20% 5359 554 31%
c - 18.02  0 14 58 17106  1 499588 11052 1.6 18 11 2 6 20% 5359 554 31%
c u 18.03  0 14 58 17106  1 499588 10917 1.6 18 11 2 6 20% 5359 554 31%
c v 18.03  0 14 58 17106  1 499588 10817 1.6 18 11 2 6 20% 5359 554 31%
c - 18.59  0 13 59 17294  1 517258 11890 1.6 17 11 2 6 20% 5359 554 31%
c u 18.64  0 13 59 17294  1 517258 11750 1.6 17 11 2 6 20% 5359 554 31%
c v 18.64  0 13 59 17294  1 517258 11662 1.6 17 11 2 6 20% 5359 554 31%
c # 18.98  0 13 59 17882  1 528058 18379 1.6 17 11 2 6 20% 5359 554 31%
c - 19.34  0 13 60 19596  1 535240 12488 1.6 17 11 2 5 20% 5359 554 31%
c u 19.36  0 13 60 19596  1 535240 12427 1.6 17 11 2 5 20% 5359 554 31%
c 
c  seconds  reductions    conflicts         size   tier2     variables
c         MB      restarts       redundant     glue   trail      remaining
c          level        rate          size/glue  tier1 irredundant
c 
c v 19.36  0 13 60 19596  1 535240 12379 1.6 17 11 2 5 20% 5359 554 31%
c - 20.01  0 13 61 20614  1 553532 12927 1.6 17 11 2 5 20% 5359 554 31%
c u 20.03  0 13 61 20614  1 553532 12832 1.6 17 11 2 5 20% 5359 554 31%
c v 20.03  0 13 61 20614  1 553532 12720 1.6 17 11 2 5 20% 5359 554 31%
c } 20.28  0 13 61 21258  1 560963 18228 1.6 17 11 2 5 20% 5359 554 31%
c [ 20.28  0 12 61 21258  1 560963 18228 1.4 15 11 2 6 21% 5359 554 31%
c W 20.35  0 12 61 21258  1 561059 18314 1.4 15 11 2 6 21% 5359 554 31%
c - 20.80  0 12 62 21264  1 572134 12791 1.4 15 11 2 6 21% 5359 554 31%
c u 20.82  0 12 62 21264  1 572134 12655 1.4 15 11 2 6 21% 5359 554 31%
c v 20.82  0 12 62 21264  1 572134 12573 1.4 15 11 2 6 21% 5359 554 31%
c w 20.82  0 12 62 21264  1 572134 12573 1.4 15 11 2 6 21% 5359 554 31%
c - 21.57  0 12 63 21265  1 591043 11921 1.4 15 11 2 6 21% 5359 554 31%
c u 21.58  0 12 63 21265  1 591043 11692 1.4 15 11 2 6 21% 5359 554 31%
c v 21.59  0 12 63 21265  1 591043 11565 1.4 15 11 2 6 21% 5359 554 31%
c I 21.73  0 12 63 21265  1 595061 13503 1.4 15 11 2 5 21% 5359 554 31%
c - 22.30  0 12 64 21274  1 610264 11205 1.4 15 10 2 5 21% 5359 554 31%
c u 22.32  0 12 64 21274  1 610264 11029 1.4 15 10 2 5 21% 5359 554 31%
c v 22.32  0 12 64 21274  1 610264 10901 1.4 15 10 2 5 21% 5359 554 31%
c ] 22.72  0 11 64 21280  1 621702 15536 1.4 15 10 2 5 21% 5359 554 31%
c { 22.72  0 13 64 21280  1 621702 15536 1.6 17 11 2 5 20% 5359 554 31%
c 
c  seconds  reductions    conflicts         size   tier2     variables
c         MB      restarts       redundant     glue   trail      remaining
c          level        rate          size/glue  tier1 irredundant
c 
c - 22.99  0 13 65 21738  1 629793 12447 1.6 17 11 2 5 20% 5359 554 31%
c u 23.00  0 13 65 21738  1 629793 12354 1.6 17 11 2 5 20% 5359 554 31%
c v 23.01  0 13 65 21738  1 629793 12223 1.6 17 11 2 5 20% 5359 554 31%
c B 23.02  0 13 65 21788  1 630062 12415 1.5 17 11 2 5 20% 5359 554 31%
c - 23.69  0 13 66 23136  1 649637 13965 1.5 16 11 2 5 20% 5359 554 31%
c u 23.70  0 13 66 23136  1 649637 13832 1.5 16 11 2 5 20% 5359 554 31%
c v 23.71  0 13 66 23136  1 649637 13698 1.5 16 11 2 5 20% 5359 554 31%
c W 24.37  0 13 66 23536  1 666064 22529 1.5 16 11 2 4 20% 5359 554 31%
c - 24.53  0 13 67 23710  1 669788 12824 1.5 16 10 2 4 20% 5359 554 31%
c u 24.54  0 13 67 23710  1 669788 12619 1.5 16 10 2 4 20% 5359 554 31%
c v 24.55  0 13 67 23710  1 669788 12469 1.5 16 10 2 4 20% 5359 554 31%
c w 24.55  0 13 67 23710  1 669788 12469 1.5 16 10 2 4 20% 5359 554 31%
c - 25.22  0 12 68 24179  1 690248 13021 1.5 16 10 2 4 20% 5359 554 31%
c u 25.24  0 12 68 24179  1 690248 12866 1.5 16 10 2 4 20% 5359 554 31%
c v 25.24  0 12 68 24179  1 690248 12163 1.5 16 10 2 4 20% 5359 554 31%
c w 25.24  0 12 68 24179  1 690248 12163 1.5 16 10 2 4 20% 5359 554 31%
c F 25.69  0 12 68 25088  1 703065 20251 1.5 16 10 2 4 20% 5359 554 31%
c } 25.69  0 12 68 25088  1 703101 20280 1.5 16 10 2 4 20% 5359 554 31%
c [ 25.69  0 11 68 25088  1 703101 20280 1.4 15 10 2 5 21% 5359 554 31%
c - 25.99  0 11 69 25088  1 711018 13163 1.4 15 10 2 5 21% 5359 554 31%
c 
c  seconds  reductions    conflicts         size   tier2     variables
c         MB      restarts       redundant     glue   trail      remaining
c          level        rate          size/glue  tier1 irredundant
c 
c u 26.00  0 11 69 25088  1 711018 13028 1.4 15 10 2 5 21% 5359 554 31%
c v 26.01  0 11 69 25088  1 711018 12933 1.4 15 10 2 5 21% 5359 554 31%
c w 26.01  0 11 69 25088  1 711018 12933 1.4 15 10 2 5 21% 5359 554 31%
c - 26.81  0 11 70 25102  1 732098 12404 1.5 15 10 2 5 21% 5359 554 31%
c u 26.87  0 11 70 25102  1 732098 12323 1.5 15 10 2 5 21% 5359 554 31%
c v 26.87  0 11 70 25102  1 732098 12263 1.5 15 10 2 5 21% 5359 554 31%
c w 26.87  0 11 70 25102  1 732098 12263 1.5 15 10 2 5 21% 5359 554 31%
c x 26.88  0 11 70 25102  1 732098 12262 1.5 15 10 2 5 21% 5358 554 31%
c s 26.92  0 11 70 25102  1 732098 11163 1.5 15 10 2 5 21% 5330 554 31%
c s 26.97  0 11 70 25102  1 732098 10984 1.5 15 10 2 5 21% 5329 554 31%
c B 27.27  0 11 70 25103  1 741066 15760 1.5 15 10 2 5 21% 5329 554 31%
c - 27.79  0 11 71 25104  1 753490 12092 1.5 15 10 2 5 21% 5329 554 31%
c u 27.81  0 11 71 25104  1 753490 11884 1.5 15 10 2 5 21% 5329 554 31%
c v 27.81  0 11 71 25104  1 753490 11767 1.5 15 10 2 5 21% 5329 554 31%
c w 27.81  0 11 71 25104  1 753490 11767 1.5 15 10 2 5 21% 5329 554 31%
c ] 28.61  0 11 71 25105  1 773991 21046 1.5 15 10 2 5 21% 5329 554 31%
c { 28.61  0 12 71 25105  1 773991 21046 1.5 16 10 2 4 20% 5329 554 31%
c - 28.67  0 12 72 25209  1 775190 11833 1.5 16 10 2 4 20% 5329 554 31%
c u 28.69  0 12 72 25209  1 775190 11656 1.5 16 10 2 4 20% 5329 554 31%
c v 28.70  0 12 72 25209  1 775190 11607 1.5 16 10 2 4 20% 5329 554 31%
c 
c  seconds  reductions    conflicts         size   tier2     variables
c         MB      restarts       redundant     glue   trail      remaining
c          level        rate          size/glue  tier1 irredundant
c 
c B 28.85  0 12 72 25322  1 780068 14322 1.5 16 10 2 4 20% 5329 554 31%
c - 29.48  0 12 73 25634  1 797204 12692 1.5 15 10 2 4 20% 5329 554 31%
c u 29.50  0 12 73 25634  1 797204 12571 1.5 15 10 2 4 20% 5329 554 31%
c v 29.50  0 12 73 25634  1 797204 12459 1.5 15 10 2 4 20% 5329 554 31%
c w 29.50  0 12 73 25634  1 797204 12458 1.5 15 10 2 4 20% 5329 554 31%
c - 30.30  0 12 74 25791  1 819525 12847 1.5 15 10 2 4 20% 5329 554 31%
c u 30.32  0 12 74 25791  1 819525 12716 1.5 15 10 2 4 20% 5329 554 31%
c v 30.32  0 12 74 25791  1 819525 12574 1.5 15 10 2 4 20% 5329 554 31%
c w 30.32  0 12 74 25791  1 819525 12574 1.5 15 10 2 4 20% 5329 554 31%
c W 30.52  0 12 74 25791  1 820070 12853 1.5 15 10 2 4 20% 5329 554 31%
c - 31.29  0 11 75 26397  1 842156 13814 1.5 14 10 2 4 20% 5329 554 31%
c u 31.30  0 11 75 26397  1 842156 13682 1.5 14 10 2 4 20% 5329 554 31%
c v 31.31  0 11 75 26397  1 842156 13577 1.5 14 10 2 4 20% 5329 554 31%
c # 31.97  0 11 75 27733  1 861073 23823 1.5 14 9 2 4 20% 5329 554 31%
c } 32.10  0 11 75 27948  1 863993 25544 1.5 14 9 2 4 20% 5329 554 31%
c [ 32.10  0 11 75 27948  1 863993 25544 1.5 15 10 2 5 21% 5329 554 31%
c - 32.16  0 11 76 27948  1 865099 14586 1.5 15 10 2 5 21% 5329 554 31%
c u 32.18  0 11 76 27948  1 865099 14422 1.5 15 10 2 5 21% 5329 554 31%
c v 32.18  0 11 76 27948  1 865099 14318 1.5 15 10 2 5 21% 5329 554 31%
c w 32.18  0 11 76 27948  1 865099 14318 1.5 15 10 2 5 21% 5329 554 31%
c 
c  seconds  reductions    conflicts         size   tier2     variables
c         MB      restarts       redundant     glue   trail      remaining
c          level        rate          size/glue  tier1 irredundant
c 
c - 33.14  0 11 77 27949  1 888351 13710 1.5 14 10 2 5 21% 5329 554 31%
c u 33.16  0 11 77 27949  1 888351 13491 1.5 14 10 2 5 21% 5329 554 31%
c v 33.17  0 11 77 27949  1 888351 13338 1.5 14 10 2 5 21% 5329 554 31%
c w 33.17  0 11 77 27949  1 888351 13338 1.5 14 10 2 5 21% 5329 554 31%
c W 33.85  0 11 77 27949  1 903074 20032 1.4 14 10 2 5 21% 5329 554 31%
c - 34.24  0 11 78 27949  1 911915 13104 1.4 14 10 2 5 21% 5329 554 31%
c u 34.26  0 11 78 27949  1 911915 12860 1.4 14 10 2 5 21% 5329 554 31%
c v 34.26  0 11 78 27949  1 911915 12743 1.4 14 10 2 5 21% 5329 554 31%
c w 34.26  0 11 78 27949  1 911915 12743 1.4 14 10 2 5 21% 5329 554 31%
c - 35.23  0 11 79 27949  1 935788 12427 1.4 14 10 2 4 21% 5329 554 31%
c u 35.25  0 11 79 27949  1 935788 12228 1.4 14 10 2 4 21% 5329 554 31%
c v 35.26  0 11 79 27949  1 935788 12085 1.4 14 10 2 4 21% 5329 554 31%
c ] 35.54  0 11 79 27949  1 943136 15598 1.4 14 10 2 4 21% 5329 554 31%
c { 35.54  0 11 79 27949  1 943136 15598 1.5 14 9 2 4 20% 5329 554 31%
c B 35.64  0 11 79 27976  1 946076 17110 1.5 14 9 2 4 20% 5329 554 31%
c - 36.18  0 11 80 28232  1 959972 13416 1.5 14 9 2 4 20% 5329 554 31%
c u 36.20  0 11 80 28232  1 959972 13252 1.5 14 9 2 4 20% 5329 554 31%
c v 36.21  0 11 80 28232  1 959972 12584 1.5 14 9 2 4 20% 5329 554 31%
c i 36.44  0 11 80 28232  1 966802 15539 1.5 14 9 2 4 20% 5329 553 31%
c s 36.46  0 11 80 28232  1 966802 14766 1.5 14 9 2 4 20% 5320 553 31%
c 
c  seconds  reductions    conflicts         size  tier2     variables
c         MB      restarts       redundant     glue  trail      remaining
c          level        rate          size/glue tier1 irredundant
c 
c e 36.47  0 11 80 28232  1 966802 10225 1.5 14 9 2 4 20% 5280 515 29%
c s 36.48  0 11 80 28232  1 966802 10075 1.5 14 9 2 4 20% 5278 515 29%
c i 36.72  0 10 80 28241  1 976067 10959 1.5 13 9 2 4 23% 5278 514 29%
c - 36.99  0 10 81 28439  1 984466 7621 1.5 13 9 2 4 23% 5025 514 29%
c 2 36.99  0 10 81 28439  1 984466 7619 1.5 13 9 2 4 23% 5025 514 29%
c p 36.99  0 10 81 28439  1 984466 7622 1.5 13 9 2 4 23% 5025 513 29%
c u 37.00  0 10 81 28439  1 984466 7450 1.5 13 9 2 4 23% 5017 513 29%
c v 37.00  0 10 81 28439  1 984466 7345 1.5 13 9 2 4 23% 5017 513 29%
c x 37.01  0 10 81 28439  1 984466 7337 1.5 13 9 2 4 23% 4986 513 29%
c W 37.27  0 10 81 28439  1 990077 9818 1.5 13 9 2 3 23% 4986 513 29%
c i 37.33  0 10 81 28439  1 992111 10569 1.5 13 9 2 3 23% 4986 512 29%
c i 37.44  0 10 81 28442  1 995663 12081 1.5 13 9 2 3 23% 4986 508 28%
c i 37.58  0 10 81 28442  1 1000978 14346 1.5 13 8 2 3 23% 4986 507 28%
c i 37.63  0 10 81 28442  1 1002644 15102 1.5 13 8 2 3 23% 4986 505 28%
c i 37.64  0 10 81 28442  1 1002983 15237 1.5 13 8 2 3 23% 4986 504 28%
c i 37.64  0 10 81 28442  1 1003243 15341 1.5 13 8 2 3 23% 4986 503 28%
c i 37.65  0 10 81 28442  1 1003330 15369 1.5 13 8 2 3 23% 4986 502 28%
c i 37.65  0 10 81 28442  1 1003416 15406 1.5 13 8 2 3 23% 4986 501 28%
c i 37.65  0 10 81 28442  1 1003554 15460 1.5 13 8 2 3 23% 4986 500 28%
c i 37.66  0 10 81 28442  1 1003667 15526 1.5 13 8 2 3 23% 4986 495 28%
c 
c  seconds  reductions     conflicts         size  tier2     variables
c         MB      restarts        redundant     glue  trail      remaining
c          level        rate           size/glue tier1 irredundant
c 
c i 37.66  0 10 81 28442  1 1003672 15529 1.5 13 8 2 3 23% 4986 490 27%
c i 37.66  0 10 81 28442  1 1003686 15535 1.5 13 8 2 3 23% 4986 483 27%
c i 37.66  0 10 81 28442  1 1003692 15539 1.5 13 8 2 3 23% 4986 478 27%
c i 37.66  0 10 81 28442  1 1003694 15539 1.5 13 8 2 3 23% 4986 443 25%
c } 37.66  0 10 81 28442  1 1003696 15539 1.5 13 8 2 3 23% 4986 327 18%
c 0 37.66  0 10 81 28442  1 1003696 15539 1.5 13 8 2 3 23% 4986 327 18%
c 
c --- [ closing proof ] ------------------------------------------------------
c 
c DRAT proof file 'residual_256_512.drat' closed
c DRAT 1027174 added clauses 50.33%
c DRAT 1013553 deleted clauses 49.67%
c DRAT 117066846 bytes (111.64 MB)
c 
c --- [ result ] -------------------------------------------------------------
c 
s UNSATISFIABLE
c 
c --- [ run-time profiling ] -------------------------------------------------
c 
c process time taken by individual solving procedures
c (percentage relative to process time for solving)
c 
c        35.73   94.88% search
c        18.31   48.62% unstable
c        16.42   43.60% stable
c         1.93    5.12% simplify
c         1.03    2.73% vivify
c         1.00    2.66% walk
c         0.54    1.44% subsume
c         0.18    0.47% sweep
c         0.04    0.11% congruence
c         0.04    0.10% ternary
c         0.04    0.10% elim
c         0.01    0.03% probe
c         0.01    0.02% backbone
c         0.00    0.01% parse
c         0.00    0.00% lucky
c   =================================
c        37.65   99.99% solve
c 
c last line shows process time for solving
c (percentage relative to total process time)
c 
c --- [ statistics ] ---------------------------------------------------------
c 
c chronological:             63180         6.29 %  of conflicts
c conflicts:               1003696     26656.15    per second
c backbone:                 275369     15400.95 %  of vars
c decisions:               1219561     32389.09    per second
c eliminated:                  875        48.94 %  of all variables
c fixed:                       188        10.51 %  of all variables
c learned:                  988088        98.44 %  per conflict
c learned_lits:           22875697       100.00 %  learned literals
c minimized:                     0         0.00 %  learned literals
c shrunken:                6700558        29.29 %  learned literals
c minishrunken:             885363         3.87 %  learned literals
c otfs:                       9161         0.91 %  of conflict
c propagations:           51228099         1.36 M  per second
c reduced:                  528114        52.62 %  per conflict
c rephased:                     44     22811.27    interval
c restarts:                  28442        35.29    interval
c stabilizing:                  13        45.33 %  of conflicts
c substituted:                 398        22.26 %  of all variables
c subsumed:                 417327        41.39 %  of all clauses
c strengthened:              22888         2.27 %  of all clauses
c ticks:                1230869916        24.29    propagation
c vivified:                   7366         0.73 %  of all clauses
c walked:                       14     71692.57    interval
c weakened:                   4466         2.92    average size
c congruence:                   12     83641.33    interval
c 
c seconds are measured in process time for solving
c 
c --- [ glue usage ] ---------------------------------------------------------
c 
c focused glue 2 used 676065 clauses 19.48% accumulated 60.56% tier1
c focused glue 3 used 398703 clauses 11.48% accumulated 72.04% tier2
c 
c stable glue 2 used 551734 clauses 18.17% accumulated 57.15% tier1
c stable glue 3 used 348151 clauses 11.46% accumulated 68.62%
c stable glue 4 used 184422 clauses 6.074% accumulated 74.70% tier2
c 
c 
c --- [ resources ] ----------------------------------------------------------
c 
c total process time since initialization:        37.66    seconds
c total real time since initialization:          105.30    seconds
c maximum resident set size of process:           27.89    MB
c 
c --- [ shutting down ] ------------------------------------------------------
c 
c exit 20
